

================================================================
== Synthesis Summary Report of 'snn_top_hls'
================================================================
+ General Information: 
    * Date:           Mon Dec  8 20:49:13 2025
    * Version:        2025.2 (Build 6295257 on Nov 14 2025)
    * Project:        hls_output
    * Solution:       hls (Vivado IP Flow Target)
    * Product family: zynq
    * Target device:  xc7z020-clg400-1
    

* Performance & Resource Estimates: 
+-------------------------------------------------------------+------+---------------+----------+---------+------+----------+---------+-----------+------+----------+----+-----------+-------------+-----+
|                           Modules                           | Issue|               | Iteration|         | Trip |          |       Latency       |      |          |    |           |             |     |
|                           & Loops                           | Type | Violation Type|  Latency | Interval| Count| Pipelined| (cycles)|    (ns)   | Slack|   BRAM   | DSP|     FF    |     LUT     | URAM|
+-------------------------------------------------------------+------+---------------+----------+---------+------+----------+---------+-----------+------+----------+----+-----------+-------------+-----+
|+ snn_top_hls                                                |     -|              -|         -|     6925|     -|        no|     6924|  6.924e+04|  0.06|  56 (20%)|   -|  2850 (2%)|  11503 (21%)|    -|
| + snn_top_hls_Pipeline_RESET_ELIG                           |     -|              -|         -|        -|     -|       yes|       66|    660.000|  0.59|         -|   -|    9 (~0%)|     56 (~0%)|    -|
|  o RESET_ELIG                                               |     -|              -|         1|        1|    64|       yes|       64|    640.000|  7.30|         -|   -|          -|            -|    -|
| + snn_top_hls_Pipeline_RESET_TRACES                         |     -|              -|         -|        -|     -|       yes|       66|    660.000|  0.59|         -|   -|    9 (~0%)|     56 (~0%)|    -|
|  o RESET_TRACES                                             |     -|              -|         1|        1|    64|       yes|       64|    640.000|  7.30|         -|   -|          -|            -|    -|
| + snn_top_hls_Pipeline_INIT_WEIGHT_OUTER_INIT_WEIGHT_INNER  |     -|              -|         -|        -|     -|       yes|     4099|  4.099e+04|  0.98|         -|   -|   39 (~0%)|    144 (~0%)|    -|
|  o INIT_WEIGHT_OUTER_INIT_WEIGHT_INNER                      |     -|              -|         3|        1|  4096|       yes|     4097|  4.097e+04|  7.30|         -|   -|          -|            -|    -|
| + process_pre_spike_aer                                     |     -|              -|         -|       46|     -|        no|       46|    460.000|  0.06|         -|   -|  538 (~0%)|    1111 (2%)|    -|
|  + process_pre_spike_aer_Pipeline_LTD_LOOP                  |     -|              -|         -|        -|     -|       yes|       39|    390.000|  0.81|         -|   -|  436 (~0%)|     856 (1%)|    -|
|   o LTD_LOOP                                                |     -|              -|         8|        2|    16|       yes|       37|    370.000|  7.30|         -|   -|          -|            -|    -|
| + process_post_spike_aer                                    |     -|              -|         -|       46|     -|        no|       46|    460.000|  0.06|         -|   -|  572 (~0%)|    1563 (2%)|    -|
|  + process_post_spike_aer_Pipeline_LTP_LOOP                 |     -|              -|         -|        -|     -|       yes|       39|    390.000|  0.30|         -|   -|  463 (~0%)|    1308 (2%)|    -|
|   o LTP_LOOP                                                |     -|              -|         8|        2|    16|       yes|       37|    370.000|  7.30|         -|   -|          -|            -|    -|
| + apply_rstdp_reward                                        |     -|              -|         -|     2626|     -|        no|     2626|  2.626e+04|  0.44|         -|   -|  366 (~0%)|    1063 (1%)|    -|
|  o RSTDP_OUTER                                              |     -|              -|        41|        -|    64|        no|     2624|  2.624e+04|  7.30|         -|   -|          -|            -|    -|
|   + apply_rstdp_reward_Pipeline_RSTDP_INNER                 |     -|              -|         -|        -|     -|       yes|       37|    370.000|  0.44|         -|   -|  322 (~0%)|     810 (1%)|    -|
|    o RSTDP_INNER                                            |     -|              -|         6|        2|    16|       yes|       35|    350.000|  7.30|         -|   -|          -|            -|    -|
| + decay_eligibility_traces                                  |     -|              -|         -|       12|     -|        no|       12|    120.000|  2.13|         -|   -|  252 (~0%)|    360 (~0%)|    -|
|  + decay_eligibility_traces_Pipeline_DECAY_PRE              |     -|              -|         -|        -|     -|       yes|       11|    110.000|  2.13|         -|   -|  124 (~0%)|    172 (~0%)|    -|
|   o DECAY_PRE                                               |     -|              -|         3|        1|     8|       yes|        9|     90.000|  7.30|         -|   -|          -|            -|    -|
|  + decay_eligibility_traces_Pipeline_DECAY_POST             |     -|              -|         -|        -|     -|       yes|       11|    110.000|  2.13|         -|   -|  124 (~0%)|    172 (~0%)|    -|
|   o DECAY_POST                                              |     -|              -|         3|        1|     8|       yes|        9|     90.000|  7.30|         -|   -|          -|            -|    -|
| + snn_top_hls_Pipeline_WEIGHT_SUM                           |     -|              -|         -|        -|     -|       yes|       11|    110.000|  0.35|         -|   -|   61 (~0%)|    248 (~0%)|    -|
|  o WEIGHT_SUM                                               |     -|              -|         3|        1|     8|       yes|        9|     90.000|  7.30|         -|   -|          -|            -|    -|
+-------------------------------------------------------------+------+---------------+----------+---------+------+----------+---------+-----------+------+----------+----+-----------+-------------+-----+
    Name Prefix: '+' for module, 'o' for loop, '*' for dataflow


================================================================
== HW Interfaces
================================================================
* S_AXILITE Interfaces
+------------+------------+---------------+--------+----------+
| Interface  | Data Width | Address Width | Offset | Register |
+------------+------------+---------------+--------+----------+
| s_axi_ctrl | 32         | 7             | 16     | 0        |
+------------+------------+---------------+--------+----------+

* S_AXILITE Registers
+------------+----------------------+--------+-------+--------+-----------------------------------+----------------------------------------------------------------------+
| Interface  | Register             | Offset | Width | Access | Description                       | Bit Fields                                                           |
+------------+----------------------+--------+-------+--------+-----------------------------------+----------------------------------------------------------------------+
| s_axi_ctrl | CTRL                 | 0x00   | 32    | RW     | Control signals                   | 0=AP_START 1=AP_DONE 2=AP_IDLE 3=AP_READY 7=AUTO_RESTART 9=INTERRUPT |
| s_axi_ctrl | GIER                 | 0x04   | 32    | RW     | Global Interrupt Enable Register  | 0=Enable                                                             |
| s_axi_ctrl | IP_IER               | 0x08   | 32    | RW     | IP Interrupt Enable Register      | 0=CHAN0_INT_EN 1=CHAN1_INT_EN                                        |
| s_axi_ctrl | IP_ISR               | 0x0c   | 32    | RW     | IP Interrupt Status Register      | 0=CHAN0_INT_ST 1=CHAN1_INT_ST                                        |
| s_axi_ctrl | ctrl_reg             | 0x10   | 32    | W      | Data signal of ctrl_reg           |                                                                      |
| s_axi_ctrl | config_reg           | 0x18   | 32    | W      | Data signal of config_reg         |                                                                      |
| s_axi_ctrl | learning_params_1    | 0x20   | 32    | W      | Data signal of learning_params    |                                                                      |
| s_axi_ctrl | learning_params_2    | 0x24   | 32    | W      | Data signal of learning_params    |                                                                      |
| s_axi_ctrl | learning_params_3    | 0x28   | 32    | W      | Data signal of learning_params    |                                                                      |
| s_axi_ctrl | learning_params_4    | 0x2c   | 32    | W      | Data signal of learning_params    |                                                                      |
| s_axi_ctrl | learning_params_5    | 0x30   | 32    | W      | Data signal of learning_params    |                                                                      |
| s_axi_ctrl | status_reg           | 0x38   | 32    | R      | Data signal of status_reg         |                                                                      |
| s_axi_ctrl | status_reg_ctrl      | 0x3c   | 32    | R      | Control signal of status_reg      | 0=status_reg_ap_vld                                                  |
| s_axi_ctrl | spike_count_reg      | 0x48   | 32    | R      | Data signal of spike_count_reg    |                                                                      |
| s_axi_ctrl | spike_count_reg_ctrl | 0x4c   | 32    | R      | Control signal of spike_count_reg | 0=spike_count_reg_ap_vld                                             |
| s_axi_ctrl | weight_sum_reg       | 0x58   | 32    | R      | Data signal of weight_sum_reg     |                                                                      |
| s_axi_ctrl | weight_sum_reg_ctrl  | 0x5c   | 32    | R      | Control signal of weight_sum_reg  | 0=weight_sum_reg_ap_vld                                              |
| s_axi_ctrl | version_reg          | 0x68   | 32    | R      | Data signal of version_reg        |                                                                      |
| s_axi_ctrl | version_reg_ctrl     | 0x6c   | 32    | R      | Control signal of version_reg     | 0=version_reg_ap_vld                                                 |
| s_axi_ctrl | reward_signal        | 0x78   | 32    | W      | Data signal of reward_signal      |                                                                      |
+------------+----------------------+--------+-------+--------+-----------------------------------+----------------------------------------------------------------------+

* AXIS
+----------------+-----------+---------------+-------+-------+-----+-------+-------+--------+-------+-------+--------+
| Interface      | Direction | Register Mode | TDATA | TDEST | TID | TKEEP | TLAST | TREADY | TSTRB | TUSER | TVALID |
+----------------+-----------+---------------+-------+-------+-----+-------+-------+--------+-------+-------+--------+
| m_axis_spikes  | out       | both          | 32    | 1     | 1   | 4     | 1     | 1      | 4     | 1     | 1      |
| m_axis_weights | out       | both          | 32    | 1     | 1   | 4     | 1     | 1      | 4     | 1     | 1      |
| s_axis_spikes  | in        | both          | 32    | 1     | 1   | 4     | 1     | 1      | 4     | 1     | 1      |
+----------------+-----------+---------------+-------+-------+-----+-------+-------+--------+-------+-------+--------+

* Other Ports
+---------------------+---------+-----------+----------+
| Port                | Mode    | Direction | Bitwidth |
+---------------------+---------+-----------+----------+
| leak_rate_out       | ap_none | out       | 16       |
| snn_busy            | ap_none | in        | 1        |
| snn_enable          | ap_none | out       | 1        |
| snn_ready           | ap_none | in        | 1        |
| snn_reset           | ap_none | out       | 1        |
| spike_in_neuron_id  | ap_none | out       | 8        |
| spike_in_ready      | ap_none | in        | 1        |
| spike_in_valid      | ap_none | out       | 1        |
| spike_in_weight     | ap_none | out       | 8        |
| spike_out_neuron_id | ap_none | in        | 8        |
| spike_out_ready     | ap_none | out       | 1        |
| spike_out_valid     | ap_none | in        | 1        |
| spike_out_weight    | ap_none | in        | 8        |
| threshold_out       | ap_none | out       | 16       |
+---------------------+---------+-----------+----------+

* TOP LEVEL CONTROL
+-----------+------------+-----------+
| Interface | Type       | Ports     |
+-----------+------------+-----------+
| ap_clk    | clock      | ap_clk    |
| ap_rst_n  | reset      | ap_rst_n  |
| interrupt | interrupt  | interrupt |
| ap_ctrl   | ap_ctrl_hs |           |
+-----------+------------+-----------+


================================================================
== SW I/O Information
================================================================
* Top Function Arguments
+---------------------+-----------+------------------------------------------------------------------------------+
| Argument            | Direction | Datatype                                                                     |
+---------------------+-----------+------------------------------------------------------------------------------+
| ctrl_reg            | in        | ap_uint<32>                                                                  |
| config_reg          | in        | ap_uint<32>                                                                  |
| learning_params     | in        | learning_params_t                                                            |
| status_reg          | out       | ap_uint<32>&                                                                 |
| spike_count_reg     | out       | ap_uint<32>&                                                                 |
| weight_sum_reg      | out       | ap_uint<32>&                                                                 |
| version_reg         | out       | ap_uint<32>&                                                                 |
| s_axis_spikes       | in        | stream<hls::axis<ap_uint<32>, 1UL, 1UL, 1UL, (unsigned char)'8', false>, 0>& |
| m_axis_spikes       | out       | stream<hls::axis<ap_uint<32>, 1UL, 1UL, 1UL, (unsigned char)'8', false>, 0>& |
| m_axis_weights      | out       | stream<hls::axis<ap_uint<32>, 1UL, 1UL, 1UL, (unsigned char)'8', false>, 0>& |
| reward_signal       | in        | ap_int<8>                                                                    |
| spike_in_valid      | out       | ap_uint<1>&                                                                  |
| spike_in_neuron_id  | out       | ap_uint<8>&                                                                  |
| spike_in_weight     | out       | ap_int<8>&                                                                   |
| spike_in_ready      | in        | ap_uint<1>                                                                   |
| spike_out_valid     | in        | ap_uint<1>                                                                   |
| spike_out_neuron_id | in        | ap_uint<8>                                                                   |
| spike_out_weight    | in        | ap_int<8>                                                                    |
| spike_out_ready     | out       | ap_uint<1>&                                                                  |
| snn_enable          | out       | ap_uint<1>&                                                                  |
| snn_reset           | out       | ap_uint<1>&                                                                  |
| threshold_out       | out       | ap_uint<16>&                                                                 |
| leak_rate_out       | out       | ap_uint<16>&                                                                 |
| snn_ready           | in        | ap_uint<1>                                                                   |
| snn_busy            | in        | ap_uint<1>                                                                   |
+---------------------+-----------+------------------------------------------------------------------------------+

* SW-to-HW Mapping
+---------------------+---------------------+-----------+------------------------------------------------+
| Argument            | HW Interface        | HW Type   | HW Info                                        |
+---------------------+---------------------+-----------+------------------------------------------------+
| ctrl_reg            | s_axi_ctrl          | register  | name=ctrl_reg offset=0x10 range=32             |
| config_reg          | s_axi_ctrl          | register  | name=config_reg offset=0x18 range=32           |
| learning_params     | s_axi_ctrl          | register  | name=learning_params_1 offset=0x20 range=32    |
| learning_params     | s_axi_ctrl          | register  | name=learning_params_2 offset=0x24 range=32    |
| learning_params     | s_axi_ctrl          | register  | name=learning_params_3 offset=0x28 range=32    |
| learning_params     | s_axi_ctrl          | register  | name=learning_params_4 offset=0x2c range=32    |
| learning_params     | s_axi_ctrl          | register  | name=learning_params_5 offset=0x30 range=32    |
| status_reg          | s_axi_ctrl          | register  | name=status_reg offset=0x38 range=32           |
| status_reg          | s_axi_ctrl          | register  | name=status_reg_ctrl offset=0x3c range=32      |
| spike_count_reg     | s_axi_ctrl          | register  | name=spike_count_reg offset=0x48 range=32      |
| spike_count_reg     | s_axi_ctrl          | register  | name=spike_count_reg_ctrl offset=0x4c range=32 |
| weight_sum_reg      | s_axi_ctrl          | register  | name=weight_sum_reg offset=0x58 range=32       |
| weight_sum_reg      | s_axi_ctrl          | register  | name=weight_sum_reg_ctrl offset=0x5c range=32  |
| version_reg         | s_axi_ctrl          | register  | name=version_reg offset=0x68 range=32          |
| version_reg         | s_axi_ctrl          | register  | name=version_reg_ctrl offset=0x6c range=32     |
| s_axis_spikes       | s_axis_spikes       | interface |                                                |
| m_axis_spikes       | m_axis_spikes       | interface |                                                |
| m_axis_weights      | m_axis_weights      | interface |                                                |
| reward_signal       | s_axi_ctrl          | register  | name=reward_signal offset=0x78 range=32        |
| spike_in_valid      | spike_in_valid      | port      |                                                |
| spike_in_neuron_id  | spike_in_neuron_id  | port      |                                                |
| spike_in_weight     | spike_in_weight     | port      |                                                |
| spike_in_ready      | spike_in_ready      | port      |                                                |
| spike_out_valid     | spike_out_valid     | port      |                                                |
| spike_out_neuron_id | spike_out_neuron_id | port      |                                                |
| spike_out_weight    | spike_out_weight    | port      |                                                |
| spike_out_ready     | spike_out_ready     | port      |                                                |
| snn_enable          | snn_enable          | port      |                                                |
| snn_reset           | snn_reset           | port      |                                                |
| threshold_out       | threshold_out       | port      |                                                |
| leak_rate_out       | leak_rate_out       | port      |                                                |
| snn_ready           | snn_ready           | port      |                                                |
| snn_busy            | snn_busy            | port      |                                                |
+---------------------+---------------------+-----------+------------------------------------------------+


================================================================
== Bind Op Report
================================================================
+-------------------------------------------------------------+-----+--------+--------------------------+-----------+--------------------------+---------+
| Name                                                        | DSP | Pragma | Variable                 | Op        | Impl                     | Latency |
+-------------------------------------------------------------+-----+--------+--------------------------+-----------+--------------------------+---------+
| + snn_top_hls                                               | 0   |        |                          |           |                          |         |
|   xor_ln430_fu_1695_p2                                      |     |        | xor_ln430                | xor       | auto                     | 0       |
|   or_ln430_fu_1701_p2                                       |     |        | or_ln430                 | or        | auto                     | 0       |
|   or_ln463_fu_1713_p2                                       |     |        | or_ln463                 | or        | auto                     | 0       |
|   select_ln463_fu_1718_p3                                   |     |        | select_ln463             | select    | auto_sel                 | 0       |
|   and_ln483_fu_1725_p2                                      |     |        | and_ln483                | and       | auto                     | 0       |
|   sparsemux_17_3_8_1_1_U322                                 |     |        | tmp_3                    | sparsemux | compactencoding_dontcare | 0       |
|   new_elig_fu_1822_p2                                       |     |        | new_elig                 | add       | fabric                   | 0       |
|   icmp_ln295_fu_1838_p2                                     |     |        | icmp_ln295               | seteq     | auto                     | 0       |
|   select_ln295_fu_1848_p3                                   |     |        | select_ln295             | select    | auto_sel                 | 0       |
|   add_ln500_fu_1873_p2                                      |     |        | add_ln500                | add       | fabric                   | 0       |
|   sparsemux_17_3_8_1_1_U323                                 |     |        | tmp_8                    | sparsemux | compactencoding_dontcare | 0       |
|   new_elig_1_fu_1965_p2                                     |     |        | new_elig_1               | add       | fabric                   | 0       |
|   icmp_ln302_fu_1981_p2                                     |     |        | icmp_ln302               | seteq     | auto                     | 0       |
|   select_ln302_fu_1991_p3                                   |     |        | select_ln302             | select    | auto_sel                 | 0       |
|   and_ln536_fu_2016_p2                                      |     |        | and_ln536                | and       | auto                     | 0       |
|   tmp_s_fu_2104_p2                                          |     |        | select_ln552             | select    | auto_sel                 | 0       |
|   tmp_s_fu_2104_p4                                          |     |        | select_ln552_1           | select    | auto_sel                 | 0       |
|   tmp_s_fu_2104_p6                                          |     |        | select_ln552_2           | select    | auto_sel                 | 0       |
|   tmp_s_fu_2104_p8                                          |     |        | select_ln552_3           | select    | auto_sel                 | 0       |
|   sparsemux_9_2_8_1_1_U324                                  |     |        | tmp_s                    | sparsemux | compactencoding_dontcare | 0       |
|   icmp_ln555_fu_2147_p2                                     |     |        | icmp_ln555               | seteq     | auto                     | 0       |
|   icmp_ln555_1_fu_2152_p2                                   |     |        | icmp_ln555_1             | seteq     | auto                     | 0       |
|   m_axis_weights_TLAST_int_regslice                         |     |        | w_pkt_last               | and       | auto                     | 0       |
|   add_ln561_fu_2170_p2                                      |     |        | add_ln561                | add       | fabric                   | 0       |
|   add_ln564_fu_2189_p2                                      |     |        | add_ln564                | add       | fabric                   | 0       |
|   select_ln565_fu_2207_p3                                   |     |        | select_ln565             | select    | auto_sel                 | 0       |
|   add_ln575_fu_2227_p2                                      |     |        | add_ln575                | add       | fabric                   | 0       |
|   or_ln574_fu_2233_p2                                       |     |        | or_ln574                 | or        | auto                     | 0       |
|   select_ln574_fu_2238_p3                                   |     |        | select_ln574             | select    | auto_sel                 | 0       |
|  + snn_top_hls_Pipeline_RESET_ELIG                          | 0   |        |                          |           |                          |         |
|    icmp_ln436_fu_390_p2                                     |     |        | icmp_ln436               | seteq     | auto                     | 0       |
|    add_ln436_fu_396_p2                                      |     |        | add_ln436                | add       | fabric                   | 0       |
|  + snn_top_hls_Pipeline_RESET_TRACES                        | 0   |        |                          |           |                          |         |
|    icmp_ln443_fu_712_p2                                     |     |        | icmp_ln443               | seteq     | auto                     | 0       |
|    add_ln443_fu_718_p2                                      |     |        | add_ln443                | add       | fabric                   | 0       |
|  + snn_top_hls_Pipeline_INIT_WEIGHT_OUTER_INIT_WEIGHT_INNER | 0   |        |                          |           |                          |         |
|    icmp_ln453_fu_250_p2                                     |     |        | icmp_ln453               | seteq     | auto                     | 0       |
|    add_ln453_1_fu_256_p2                                    |     |        | add_ln453_1              | add       | fabric                   | 0       |
|    add_ln453_fu_322_p2                                      |     |        | add_ln453                | add       | fabric                   | 0       |
|    icmp_ln454_fu_270_p2                                     |     |        | icmp_ln454               | seteq     | auto                     | 0       |
|    select_ln453_fu_276_p3                                   |     |        | select_ln453             | select    | auto_sel                 | 0       |
|    select_ln453_1_fu_328_p3                                 |     |        | select_ln453_1           | select    | auto_sel                 | 0       |
|    add_ln454_fu_308_p2                                      |     |        | add_ln454                | add       | fabric                   | 0       |
|  + process_pre_spike_aer                                    | 0   |        |                          |           |                          |         |
|    sparsemux_17_3_8_1_1_U91                                 |     |        | old_pre_trace            | sparsemux | compactencoding_dontcare | 0       |
|    sparsemux_17_3_16_1_1_U90                                |     |        | old_pre_last_spike_time  | sparsemux | compactencoding_dontcare | 0       |
|    icmp_ln74_fu_642_p2                                      |     |        | icmp_ln74                | seteq     | auto                     | 0       |
|    dt_fu_577_p2                                             |     |        | dt                       | sub       | fabric                   | 0       |
|    icmp_ln80_fu_592_p2                                      |     |        | icmp_ln80                | setne     | auto                     | 0       |
|    mul_8ns_8ns_16_1_1_U92                                   |     |        | mul_ln84                 | mul       | auto                     | 0       |
|    or_ln80_fu_669_p2                                        |     |        | or_ln80                  | or        | auto                     | 0       |
|    decayed_pre_1_fu_674_p3                                  |     |        | decayed_pre_1            | select    | auto_sel                 | 0       |
|    new_trace_fu_686_p2                                      |     |        | new_trace                | add       | fabric                   | 0       |
|    select_ln119_fu_704_p3                                   |     |        | select_ln119             | select    | auto_sel                 | 0       |
|   + process_pre_spike_aer_Pipeline_LTD_LOOP                 | 0   |        |                          |           |                          |         |
|     icmp_ln129_fu_597_p2                                    |     |        | icmp_ln129               | setne     | auto                     | 0       |
|     post_t_trace_3_fu_614_p3                                |     |        | post_t_trace_3           | select    | auto_sel                 | 0       |
|     post_t_last_spike_time_3_fu_621_p3                      |     |        | post_t_last_spike_time_3 | select    | auto_sel                 | 0       |
|     icmp_ln74_fu_746_p2                                     |     |        | icmp_ln74                | seteq     | auto                     | 0       |
|     dt_fu_656_p2                                            |     |        | dt                       | sub       | fabric                   | 0       |
|     icmp_ln80_fu_670_p2                                     |     |        | icmp_ln80                | setne     | auto                     | 0       |
|     mul_8ns_8ns_16_1_1_U57                                  |     |        | mul_ln84                 | mul       | auto                     | 0       |
|     or_ln80_fu_841_p2                                       |     |        | or_ln80                  | or        | auto                     | 0       |
|     post_trace_val_1_fu_845_p3                              |     |        | post_trace_val_1         | select    | auto_sel                 | 0       |
|     icmp_ln133_fu_853_p2                                    |     |        | icmp_ln133               | seteq     | auto                     | 0       |
|     current_w_fu_945_p3                                     |     |        | current_w                | select    | auto_sel                 | 0       |
|     w_fu_956_p2                                             |     |        | w                        | sub       | fabric                   | 0       |
|     icmp_ln95_fu_1064_p2                                    |     |        | icmp_ln95                | setlt     | auto                     | 0       |
|     select_ln94_fu_1069_p3                                  |     |        | select_ln94              | select    | auto_sel                 | 0       |
|     post_t_trace_2_fu_628_p3                                |     |        | post_t_trace_2           | select    | auto_sel                 | 0       |
|     post_t_last_spike_time_2_fu_635_p3                      |     |        | post_t_last_spike_time_2 | select    | auto_sel                 | 0       |
|     icmp_ln74_1_fu_764_p2                                   |     |        | icmp_ln74_1              | seteq     | auto                     | 0       |
|     dt_1_fu_681_p2                                          |     |        | dt_1                     | sub       | fabric                   | 0       |
|     icmp_ln80_1_fu_695_p2                                   |     |        | icmp_ln80_1              | setne     | auto                     | 0       |
|     mul_8ns_8ns_16_1_1_U58                                  |     |        | mul_ln84_1               | mul       | auto                     | 0       |
|     or_ln80_1_fu_878_p2                                     |     |        | or_ln80_1                | or        | auto                     | 0       |
|     post_trace_val_3_fu_882_p3                              |     |        | post_trace_val_3         | select    | auto_sel                 | 0       |
|     icmp_ln133_1_fu_890_p2                                  |     |        | icmp_ln133_1             | seteq     | auto                     | 0       |
|     current_w_1_fu_969_p3                                   |     |        | current_w_1              | select    | auto_sel                 | 0       |
|     w_1_fu_980_p2                                           |     |        | w_1                      | sub       | fabric                   | 0       |
|     icmp_ln95_1_fu_1078_p2                                  |     |        | icmp_ln95_1              | setlt     | auto                     | 0       |
|     select_ln94_1_fu_1083_p3                                |     |        | select_ln94_1            | select    | auto_sel                 | 0       |
|     post_t_trace_1_fu_782_p3                                |     |        | post_t_trace_1           | select    | auto_sel                 | 0       |
|     post_t_last_spike_time_1_fu_642_p3                      |     |        | post_t_last_spike_time_1 | select    | auto_sel                 | 0       |
|     icmp_ln74_2_fu_906_p2                                   |     |        | icmp_ln74_2              | seteq     | auto                     | 0       |
|     dt_2_fu_706_p2                                          |     |        | dt_2                     | sub       | fabric                   | 0       |
|     icmp_ln80_2_fu_720_p2                                   |     |        | icmp_ln80_2              | setne     | auto                     | 0       |
|     mul_8ns_8ns_16_1_1_U59                                  |     |        | mul_ln84_2               | mul       | auto                     | 0       |
|     or_ln80_2_fu_999_p2                                     |     |        | or_ln80_2                | or        | auto                     | 0       |
|     post_trace_val_5_fu_1003_p3                             |     |        | post_trace_val_5         | select    | auto_sel                 | 0       |
|     icmp_ln133_2_fu_1011_p2                                 |     |        | icmp_ln133_2             | seteq     | auto                     | 0       |
|     current_w_2_fu_1095_p3                                  |     |        | current_w_2              | select    | auto_sel                 | 0       |
|     w_2_fu_1106_p2                                          |     |        | w_2                      | sub       | fabric                   | 0       |
|     icmp_ln95_2_fu_1140_p2                                  |     |        | icmp_ln95_2              | setlt     | auto                     | 0       |
|     select_ln94_2_fu_1145_p3                                |     |        | select_ln94_2            | select    | auto_sel                 | 0       |
|     post_t_trace_fu_793_p3                                  |     |        | post_t_trace             | select    | auto_sel                 | 0       |
|     post_t_last_spike_time_fu_649_p3                        |     |        | post_t_last_spike_time   | select    | auto_sel                 | 0       |
|     icmp_ln74_3_fu_924_p2                                   |     |        | icmp_ln74_3              | seteq     | auto                     | 0       |
|     dt_3_fu_726_p2                                          |     |        | dt_3                     | sub       | fabric                   | 0       |
|     icmp_ln80_3_fu_740_p2                                   |     |        | icmp_ln80_3              | setne     | auto                     | 0       |
|     mul_8ns_8ns_16_1_1_U60                                  |     |        | mul_ln84_3               | mul       | auto                     | 0       |
|     or_ln80_3_fu_1036_p2                                    |     |        | or_ln80_3                | or        | auto                     | 0       |
|     post_trace_val_7_fu_1040_p3                             |     |        | post_trace_val_7         | select    | auto_sel                 | 0       |
|     icmp_ln133_3_fu_1048_p2                                 |     |        | icmp_ln133_3             | seteq     | auto                     | 0       |
|     current_w_3_fu_1119_p3                                  |     |        | current_w_3              | select    | auto_sel                 | 0       |
|     w_3_fu_1130_p2                                          |     |        | w_3                      | sub       | fabric                   | 0       |
|     icmp_ln95_3_fu_1154_p2                                  |     |        | icmp_ln95_3              | setlt     | auto                     | 0       |
|     select_ln94_3_fu_1159_p3                                |     |        | select_ln94_3            | select    | auto_sel                 | 0       |
|     add_ln124_fu_603_p2                                     |     |        | add_ln124                | add       | fabric                   | 0       |
|  + process_post_spike_aer                                   | 0   |        |                          |           |                          |         |
|    sparsemux_17_3_8_1_1_U175                                |     |        | old_post_trace           | sparsemux | compactencoding_dontcare | 0       |
|    sparsemux_17_3_16_1_1_U174                               |     |        | old_post_last_spike_time | sparsemux | compactencoding_dontcare | 0       |
|    icmp_ln74_fu_658_p2                                      |     |        | icmp_ln74                | seteq     | auto                     | 0       |
|    dt_fu_593_p2                                             |     |        | dt                       | sub       | fabric                   | 0       |
|    icmp_ln80_fu_608_p2                                      |     |        | icmp_ln80                | setne     | auto                     | 0       |
|    mul_8ns_8ns_16_1_1_U176                                  |     |        | mul_ln84                 | mul       | auto                     | 0       |
|    or_ln80_fu_685_p2                                        |     |        | or_ln80                  | or        | auto                     | 0       |
|    decayed_post_1_fu_690_p3                                 |     |        | decayed_post_1           | select    | auto_sel                 | 0       |
|    new_trace_fu_702_p2                                      |     |        | new_trace                | add       | fabric                   | 0       |
|    select_ln167_fu_720_p3                                   |     |        | select_ln167             | select    | auto_sel                 | 0       |
|   + process_post_spike_aer_Pipeline_LTP_LOOP                | 0   |        |                          |           |                          |         |
|     add_ln188_fu_924_p2                                     |     |        | add_ln188                | add       | fabric                   | 0       |
|     icmp_ln177_fu_705_p2                                    |     |        | icmp_ln177               | setne     | auto                     | 0       |
|     pre_t_trace_3_fu_711_p3                                 |     |        | pre_t_trace_3            | select    | auto_sel                 | 0       |
|     pre_t_last_spike_time_3_fu_719_p3                       |     |        | pre_t_last_spike_time_3  | select    | auto_sel                 | 0       |
|     icmp_ln74_fu_849_p2                                     |     |        | icmp_ln74                | seteq     | auto                     | 0       |
|     dt_fu_759_p2                                            |     |        | dt                       | sub       | fabric                   | 0       |
|     icmp_ln80_fu_773_p2                                     |     |        | icmp_ln80                | setne     | auto                     | 0       |
|     mul_8ns_8ns_16_1_1_U138                                 |     |        | mul_ln84                 | mul       | auto                     | 0       |
|     or_ln80_fu_950_p2                                       |     |        | or_ln80                  | or        | auto                     | 0       |
|     pre_trace_val_1_fu_954_p3                               |     |        | pre_trace_val_1          | select    | auto_sel                 | 0       |
|     icmp_ln181_fu_962_p2                                    |     |        | icmp_ln181               | seteq     | auto                     | 0       |
|     sparsemux_9_2_8_1_1_U142                                |     |        | current_w                | sparsemux | compactencoding_dontcare | 0       |
|     add_ln191_fu_1093_p2                                    |     |        | add_ln191                | add       | fabric                   | 0       |
|     w_fu_1099_p2                                            |     |        | w                        | add       | fabric                   | 0       |
|     icmp_ln94_fu_1268_p2                                    |     |        | icmp_ln94                | seteq     | auto                     | 0       |
|     select_ln94_fu_1273_p3                                  |     |        | select_ln94              | select    | auto_sel                 | 0       |
|     pre_t_trace_2_fu_727_p3                                 |     |        | pre_t_trace_2            | select    | auto_sel                 | 0       |
|     pre_t_last_spike_time_2_fu_735_p3                       |     |        | pre_t_last_spike_time_2  | select    | auto_sel                 | 0       |
|     icmp_ln74_4_fu_867_p2                                   |     |        | icmp_ln74_4              | seteq     | auto                     | 0       |
|     dt_4_fu_784_p2                                          |     |        | dt_4                     | sub       | fabric                   | 0       |
|     icmp_ln80_4_fu_798_p2                                   |     |        | icmp_ln80_4              | setne     | auto                     | 0       |
|     mul_8ns_8ns_16_1_1_U139                                 |     |        | mul_ln84_4               | mul       | auto                     | 0       |
|     or_ln80_4_fu_987_p2                                     |     |        | or_ln80_4                | or        | auto                     | 0       |
|     pre_trace_val_3_fu_991_p3                               |     |        | pre_trace_val_3          | select    | auto_sel                 | 0       |
|     icmp_ln181_1_fu_999_p2                                  |     |        | icmp_ln181_1             | seteq     | auto                     | 0       |
|     sparsemux_9_2_8_1_1_U143                                |     |        | current_w_4              | sparsemux | compactencoding_dontcare | 0       |
|     add_ln191_2_fu_1148_p2                                  |     |        | add_ln191_2              | add       | fabric                   | 0       |
|     w_4_fu_1154_p2                                          |     |        | w_4                      | add       | fabric                   | 0       |
|     icmp_ln94_1_fu_1284_p2                                  |     |        | icmp_ln94_1              | seteq     | auto                     | 0       |
|     select_ln94_4_fu_1289_p3                                |     |        | select_ln94_4            | select    | auto_sel                 | 0       |
|     add_ln188_1_fu_1177_p2                                  |     |        | add_ln188_1              | add       | fabric                   | 0       |
|     pre_t_trace_1_fu_885_p3                                 |     |        | pre_t_trace_1            | select    | auto_sel                 | 0       |
|     pre_t_last_spike_time_1_fu_743_p3                       |     |        | pre_t_last_spike_time_1  | select    | auto_sel                 | 0       |
|     icmp_ln74_5_fu_1024_p2                                  |     |        | icmp_ln74_5              | seteq     | auto                     | 0       |
|     dt_5_fu_809_p2                                          |     |        | dt_5                     | sub       | fabric                   | 0       |
|     icmp_ln80_5_fu_823_p2                                   |     |        | icmp_ln80_5              | setne     | auto                     | 0       |
|     mul_8ns_8ns_16_1_1_U140                                 |     |        | mul_ln84_5               | mul       | auto                     | 0       |
|     or_ln80_5_fu_1203_p2                                    |     |        | or_ln80_5                | or        | auto                     | 0       |
|     pre_trace_val_5_fu_1207_p3                              |     |        | pre_trace_val_5          | select    | auto_sel                 | 0       |
|     icmp_ln181_2_fu_1215_p2                                 |     |        | icmp_ln181_2             | seteq     | auto                     | 0       |
|     sparsemux_9_2_8_1_1_U144                                |     |        | current_w_5              | sparsemux | compactencoding_dontcare | 0       |
|     add_ln191_4_fu_1333_p2                                  |     |        | add_ln191_4              | add       | fabric                   | 0       |
|     w_5_fu_1339_p2                                          |     |        | w_5                      | add       | fabric                   | 0       |
|     icmp_ln94_2_fu_1410_p2                                  |     |        | icmp_ln94_2              | seteq     | auto                     | 0       |
|     select_ln94_5_fu_1415_p3                                |     |        | select_ln94_5            | select    | auto_sel                 | 0       |
|     pre_t_trace_fu_896_p3                                   |     |        | pre_t_trace              | select    | auto_sel                 | 0       |
|     pre_t_last_spike_time_fu_751_p3                         |     |        | pre_t_last_spike_time    | select    | auto_sel                 | 0       |
|     icmp_ln74_6_fu_1042_p2                                  |     |        | icmp_ln74_6              | seteq     | auto                     | 0       |
|     dt_6_fu_829_p2                                          |     |        | dt_6                     | sub       | fabric                   | 0       |
|     icmp_ln80_6_fu_843_p2                                   |     |        | icmp_ln80_6              | setne     | auto                     | 0       |
|     mul_8ns_8ns_16_1_1_U141                                 |     |        | mul_ln84_6               | mul       | auto                     | 0       |
|     or_ln80_6_fu_1240_p2                                    |     |        | or_ln80_6                | or        | auto                     | 0       |
|     pre_trace_val_7_fu_1244_p3                              |     |        | pre_trace_val_7          | select    | auto_sel                 | 0       |
|     icmp_ln181_3_fu_1252_p2                                 |     |        | icmp_ln181_3             | seteq     | auto                     | 0       |
|     sparsemux_9_2_8_1_1_U145                                |     |        | current_w_6              | sparsemux | compactencoding_dontcare | 0       |
|     add_ln191_6_fu_1388_p2                                  |     |        | add_ln191_6              | add       | fabric                   | 0       |
|     w_6_fu_1394_p2                                          |     |        | w_6                      | add       | fabric                   | 0       |
|     icmp_ln94_3_fu_1426_p2                                  |     |        | icmp_ln94_3              | seteq     | auto                     | 0       |
|     select_ln94_6_fu_1431_p3                                |     |        | select_ln94_6            | select    | auto_sel                 | 0       |
|     add_ln172_fu_691_p2                                     |     |        | add_ln172                | add       | fabric                   | 0       |
|  + apply_rstdp_reward                                       | 0   |        |                          |           |                          |         |
|    icmp_ln211_fu_299_p2                                     |     |        | icmp_ln211               | seteq     | auto                     | 0       |
|    reward_mag_fu_313_p2                                     |     |        | reward_mag               | sub       | fabric                   | 0       |
|    reward_mag_1_fu_319_p3                                   |     |        | reward_mag_1             | select    | auto_sel                 | 0       |
|    icmp_ln218_fu_337_p2                                     |     |        | icmp_ln218               | setne     | auto                     | 0       |
|    icmp_ln219_fu_353_p2                                     |     |        | icmp_ln219               | setne     | auto                     | 0       |
|    icmp_ln220_fu_369_p2                                     |     |        | icmp_ln220               | setne     | auto                     | 0       |
|    shift_sel_fu_403_p6                                      |     |        | select_ln220             | select    | auto_sel                 | 0       |
|    xor_ln218_fu_383_p2                                      |     |        | xor_ln218                | xor       | auto                     | 0       |
|    and_ln219_fu_389_p2                                      |     |        | and_ln219                | and       | auto                     | 0       |
|    sparsemux_7_2_2_1_1_U253                                 |     |        | shift_sel                | sparsemux | onehotencoding_realdef   | 0       |
|    icmp_ln243_fu_428_p2                                     |     |        | icmp_ln243               | seteq     | auto                     | 0       |
|    icmp_ln243_1_fu_433_p2                                   |     |        | icmp_ln243_1             | seteq     | auto                     | 0       |
|    icmp_ln243_2_fu_438_p2                                   |     |        | icmp_ln243_2             | seteq     | auto                     | 0       |
|    icmp_ln225_fu_446_p2                                     |     |        | icmp_ln225               | seteq     | auto                     | 0       |
|    add_ln225_fu_452_p2                                      |     |        | add_ln225                | add       | fabric                   | 0       |
|    sparsemux_17_3_8_1_1_U254                                |     |        | pre_elig                 | sparsemux | compactencoding_dontcare | 0       |
|    icmp_ln229_fu_531_p2                                     |     |        | icmp_ln229               | seteq     | auto                     | 0       |
|   + apply_rstdp_reward_Pipeline_RSTDP_INNER                 | 0   |        |                          |           |                          |         |
|     icmp_ln235_fu_490_p2                                    |     |        | icmp_ln235               | setne     | auto                     | 0       |
|     post_elig_fu_535_p3                                     |     |        | post_elig                | select    | auto_sel                 | 0       |
|     icmp_ln236_fu_542_p2                                    |     |        | icmp_ln236               | seteq     | auto                     | 0       |
|     mul_8s_8s_16_1_1_U220                                   |     |        | mul_ln239                | mul       | auto                     | 0       |
|     sparsemux_9_3_7_1_1_U221                                |     |        | scaled_4                 | sparsemux | onehotencoding_realdef   | 0       |
|     delta_fu_786_p2                                         |     |        | delta                    | sub       | fabric                   | 0       |
|     delta_4_fu_792_p3                                       |     |        | delta_4                  | select    | auto_sel                 | 0       |
|     current_w_fu_678_p3                                     |     |        | current_w                | select    | auto_sel                 | 0       |
|     add_ln255_fu_806_p2                                     |     |        | add_ln255                | add       | fabric                   | 0       |
|     w_fu_811_p2                                             |     |        | w                        | add       | fabric                   | 0       |
|     icmp_ln94_fu_827_p2                                     |     |        | icmp_ln94                | seteq     | auto                     | 0       |
|     icmp_ln95_fu_833_p2                                     |     |        | icmp_ln95                | setlt     | auto                     | 0       |
|     select_ln94_10_fu_1077_p3                               |     |        | select_ln94_10           | select    | auto_sel                 | 0       |
|     or_ln94_fu_1084_p2                                      |     |        | or_ln94                  | or        | auto                     | 0       |
|     select_ln94_fu_1088_p3                                  |     |        | select_ln94              | select    | auto_sel                 | 0       |
|     post_elig_1_fu_548_p3                                   |     |        | post_elig_1              | select    | auto_sel                 | 0       |
|     icmp_ln236_1_fu_555_p2                                  |     |        | icmp_ln236_1             | seteq     | auto                     | 0       |
|     mul_8s_8s_16_1_1_U222                                   |     |        | mul_ln239_1              | mul       | auto                     | 0       |
|     sparsemux_9_3_7_1_1_U223                                |     |        | scaled_9                 | sparsemux | onehotencoding_realdef   | 0       |
|     delta_5_fu_842_p2                                       |     |        | delta_5                  | sub       | fabric                   | 0       |
|     delta_6_fu_848_p3                                       |     |        | delta_6                  | select    | auto_sel                 | 0       |
|     current_w_7_fu_776_p3                                   |     |        | current_w_7              | select    | auto_sel                 | 0       |
|     add_ln255_2_fu_862_p2                                   |     |        | add_ln255_2              | add       | fabric                   | 0       |
|     w_7_fu_867_p2                                           |     |        | w_7                      | add       | fabric                   | 0       |
|     icmp_ln94_4_fu_883_p2                                   |     |        | icmp_ln94_4              | seteq     | auto                     | 0       |
|     icmp_ln95_4_fu_889_p2                                   |     |        | icmp_ln95_4              | setlt     | auto                     | 0       |
|     select_ln94_11_fu_1097_p3                               |     |        | select_ln94_11           | select    | auto_sel                 | 0       |
|     or_ln94_1_fu_1104_p2                                    |     |        | or_ln94_1                | or        | auto                     | 0       |
|     select_ln94_7_fu_1108_p3                                |     |        | select_ln94_7            | select    | auto_sel                 | 0       |
|     post_elig_2_fu_561_p3                                   |     |        | post_elig_2              | select    | auto_sel                 | 0       |
|     icmp_ln236_2_fu_568_p2                                  |     |        | icmp_ln236_2             | seteq     | auto                     | 0       |
|     mul_8s_8s_16_1_1_U224                                   |     |        | mul_ln239_2              | mul       | auto                     | 0       |
|     sparsemux_9_3_7_1_1_U225                                |     |        | scaled_14                | sparsemux | onehotencoding_realdef   | 0       |
|     delta_7_fu_1120_p2                                      |     |        | delta_7                  | sub       | fabric                   | 0       |
|     delta_8_fu_1126_p3                                      |     |        | delta_8                  | select    | auto_sel                 | 0       |
|     current_w_8_fu_1137_p3                                  |     |        | current_w_8              | select    | auto_sel                 | 0       |
|     add_ln255_4_fu_1148_p2                                  |     |        | add_ln255_4              | add       | fabric                   | 0       |
|     w_8_fu_1154_p2                                          |     |        | w_8                      | add       | fabric                   | 0       |
|     icmp_ln94_5_fu_1223_p2                                  |     |        | icmp_ln94_5              | seteq     | auto                     | 0       |
|     icmp_ln95_5_fu_1228_p2                                  |     |        | icmp_ln95_5              | setlt     | auto                     | 0       |
|     select_ln94_12_fu_1233_p3                               |     |        | select_ln94_12           | select    | auto_sel                 | 0       |
|     or_ln94_2_fu_1241_p2                                    |     |        | or_ln94_2                | or        | auto                     | 0       |
|     select_ln94_8_fu_1247_p3                                |     |        | select_ln94_8            | select    | auto_sel                 | 0       |
|     post_elig_3_fu_574_p3                                   |     |        | post_elig_3              | select    | auto_sel                 | 0       |
|     icmp_ln236_3_fu_581_p2                                  |     |        | icmp_ln236_3             | seteq     | auto                     | 0       |
|     mul_8s_8s_16_1_1_U226                                   |     |        | mul_ln239_3              | mul       | auto                     | 0       |
|     sparsemux_9_3_7_1_1_U227                                |     |        | scaled_19                | sparsemux | onehotencoding_realdef   | 0       |
|     delta_9_fu_1173_p2                                      |     |        | delta_9                  | sub       | fabric                   | 0       |
|     delta_10_fu_1179_p3                                     |     |        | delta_10                 | select    | auto_sel                 | 0       |
|     current_w_9_fu_1190_p3                                  |     |        | current_w_9              | select    | auto_sel                 | 0       |
|     add_ln255_6_fu_1201_p2                                  |     |        | add_ln255_6              | add       | fabric                   | 0       |
|     w_9_fu_1207_p2                                          |     |        | w_9                      | add       | fabric                   | 0       |
|     icmp_ln94_6_fu_1256_p2                                  |     |        | icmp_ln94_6              | seteq     | auto                     | 0       |
|     icmp_ln95_6_fu_1261_p2                                  |     |        | icmp_ln95_6              | setlt     | auto                     | 0       |
|     select_ln94_13_fu_1266_p3                               |     |        | select_ln94_13           | select    | auto_sel                 | 0       |
|     or_ln94_3_fu_1274_p2                                    |     |        | or_ln94_3                | or        | auto                     | 0       |
|     select_ln94_9_fu_1280_p3                                |     |        | select_ln94_9            | select    | auto_sel                 | 0       |
|     add_ln231_fu_496_p2                                     |     |        | add_ln231                | add       | fabric                   | 0       |
|  + decay_eligibility_traces                                 | 0   |        |                          |           |                          |         |
|   + decay_eligibility_traces_Pipeline_DECAY_PRE             | 0   |        |                          |           |                          |         |
|     sub_ln274_fu_267_p2                                     |     |        | sub_ln274                | sub       | fabric                   | 0       |
|     sub_ln274_1_fu_287_p2                                   |     |        | sub_ln274_1              | sub       | fabric                   | 0       |
|     sub_ln274_2_fu_307_p2                                   |     |        | sub_ln274_2              | sub       | fabric                   | 0       |
|     sub_ln274_3_fu_327_p2                                   |     |        | sub_ln274_3              | sub       | fabric                   | 0       |
|     sub_ln274_4_fu_347_p2                                   |     |        | sub_ln274_4              | sub       | fabric                   | 0       |
|     sub_ln274_5_fu_367_p2                                   |     |        | sub_ln274_5              | sub       | fabric                   | 0       |
|     sub_ln274_6_fu_387_p2                                   |     |        | sub_ln274_6              | sub       | fabric                   | 0       |
|     sub_ln274_7_fu_407_p2                                   |     |        | sub_ln274_7              | sub       | fabric                   | 0       |
|     add_ln268_fu_242_p2                                     |     |        | add_ln268                | add       | fabric                   | 0       |
|   + decay_eligibility_traces_Pipeline_DECAY_POST            | 0   |        |                          |           |                          |         |
|     sub_ln283_fu_267_p2                                     |     |        | sub_ln283                | sub       | fabric                   | 0       |
|     sub_ln283_1_fu_287_p2                                   |     |        | sub_ln283_1              | sub       | fabric                   | 0       |
|     sub_ln283_2_fu_307_p2                                   |     |        | sub_ln283_2              | sub       | fabric                   | 0       |
|     sub_ln283_3_fu_327_p2                                   |     |        | sub_ln283_3              | sub       | fabric                   | 0       |
|     sub_ln283_4_fu_347_p2                                   |     |        | sub_ln283_4              | sub       | fabric                   | 0       |
|     sub_ln283_5_fu_367_p2                                   |     |        | sub_ln283_5              | sub       | fabric                   | 0       |
|     sub_ln283_6_fu_387_p2                                   |     |        | sub_ln283_6              | sub       | fabric                   | 0       |
|     sub_ln283_7_fu_407_p2                                   |     |        | sub_ln283_7              | sub       | fabric                   | 0       |
|     add_ln278_fu_242_p2                                     |     |        | add_ln278                | add       | fabric                   | 0       |
|  + snn_top_hls_Pipeline_WEIGHT_SUM                          | 0   |        |                          |           |                          |         |
|    icmp_ln595_fu_292_p2                                     |     |        | icmp_ln595               | seteq     | auto                     | 0       |
|    add_ln595_fu_298_p2                                      |     |        | add_ln595                | add       | fabric                   | 0       |
|    select_ln598_fu_363_p3                                   |     |        | select_ln598             | select    | auto_sel                 | 0       |
|    select_ln598_1_fu_374_p3                                 |     |        | select_ln598_1           | select    | auto_sel                 | 0       |
|    select_ln598_2_fu_385_p3                                 |     |        | select_ln598_2           | select    | auto_sel                 | 0       |
|    select_ln598_3_fu_396_p3                                 |     |        | select_ln598_3           | select    | auto_sel                 | 0       |
|    select_ln598_4_fu_407_p3                                 |     |        | select_ln598_4           | select    | auto_sel                 | 0       |
|    select_ln598_5_fu_418_p3                                 |     |        | select_ln598_5           | select    | auto_sel                 | 0       |
|    select_ln598_6_fu_429_p3                                 |     |        | select_ln598_6           | select    | auto_sel                 | 0       |
|    select_ln598_7_fu_440_p3                                 |     |        | select_ln598_7           | select    | auto_sel                 | 0       |
|    add_ln598_fu_451_p2                                      |     |        | add_ln598                | add       | fabric                   | 0       |
|    add_ln598_1_fu_457_p2                                    |     |        | add_ln598_1              | add       | fabric                   | 0       |
|    add_ln598_2_fu_484_p2                                    |     |        | add_ln598_2              | add       | fabric                   | 0       |
|    add_ln598_3_fu_463_p2                                    |     |        | add_ln598_3              | add       | fabric                   | 0       |
|    add_ln598_4_fu_469_p2                                    |     |        | add_ln598_4              | add       | fabric                   | 0       |
|    add_ln598_5_fu_500_p2                                    |     |        | add_ln598_5              | add       | fabric                   | 0       |
|    add_ln598_6_fu_510_p2                                    |     |        | add_ln598_6              | add       | fabric                   | 0       |
|    weight_sum_1_fu_520_p2                                   |     |        | weight_sum_1             | add       | fabric                   | 0       |
+-------------------------------------------------------------+-----+--------+--------------------------+-----------+--------------------------+---------+


================================================================
== Storage Report
================================================================
+----------------------------------------------+-----------+-----------+------+------+--------+-------------------------------+------+---------+------------------+
| Name                                         | Usage     | Type      | BRAM | URAM | Pragma | Variable                      | Impl | Latency | Bitwidth, Depth, |
|                                              |           |           |      |      |        |                               |      |         | Banks            |
+----------------------------------------------+-----------+-----------+------+------+--------+-------------------------------+------+---------+------------------+
| + snn_top_hls                                |           |           | 56   | 0    |        |                               |      |         |                  |
|   ctrl_s_axi_U                               | interface | s_axilite |      |      |        |                               |      |         |                  |
|   p_ZL15pre_eligibility_0_U                  | ram_2p    |           | 1    |      | pragma | p_ZL15pre_eligibility_0       | bram | 1       | 8, 8, 1          |
|   p_ZL16post_eligibility_0_U                 | ram_2p    |           | 1    |      | pragma | p_ZL16post_eligibility_0      | bram | 1       | 8, 8, 1          |
|   p_ZL15pre_eligibility_1_U                  | ram_2p    |           | 1    |      | pragma | p_ZL15pre_eligibility_1       | bram | 1       | 8, 8, 1          |
|   p_ZL16post_eligibility_1_U                 | ram_2p    |           | 1    |      | pragma | p_ZL16post_eligibility_1      | bram | 1       | 8, 8, 1          |
|   p_ZL15pre_eligibility_2_U                  | ram_2p    |           | 1    |      | pragma | p_ZL15pre_eligibility_2       | bram | 1       | 8, 8, 1          |
|   p_ZL16post_eligibility_2_U                 | ram_2p    |           | 1    |      | pragma | p_ZL16post_eligibility_2      | bram | 1       | 8, 8, 1          |
|   p_ZL15pre_eligibility_3_U                  | ram_2p    |           | 1    |      | pragma | p_ZL15pre_eligibility_3       | bram | 1       | 8, 8, 1          |
|   p_ZL16post_eligibility_3_U                 | ram_2p    |           | 1    |      | pragma | p_ZL16post_eligibility_3      | bram | 1       | 8, 8, 1          |
|   p_ZL15pre_eligibility_4_U                  | ram_2p    |           | 1    |      | pragma | p_ZL15pre_eligibility_4       | bram | 1       | 8, 8, 1          |
|   p_ZL16post_eligibility_4_U                 | ram_2p    |           | 1    |      | pragma | p_ZL16post_eligibility_4      | bram | 1       | 8, 8, 1          |
|   p_ZL15pre_eligibility_5_U                  | ram_2p    |           | 1    |      | pragma | p_ZL15pre_eligibility_5       | bram | 1       | 8, 8, 1          |
|   p_ZL16post_eligibility_5_U                 | ram_2p    |           | 1    |      | pragma | p_ZL16post_eligibility_5      | bram | 1       | 8, 8, 1          |
|   p_ZL15pre_eligibility_6_U                  | ram_2p    |           | 1    |      | pragma | p_ZL15pre_eligibility_6       | bram | 1       | 8, 8, 1          |
|   p_ZL16post_eligibility_6_U                 | ram_2p    |           | 1    |      | pragma | p_ZL16post_eligibility_6      | bram | 1       | 8, 8, 1          |
|   p_ZL15pre_eligibility_7_U                  | ram_2p    |           | 1    |      | pragma | p_ZL15pre_eligibility_7       | bram | 1       | 8, 8, 1          |
|   p_ZL16post_eligibility_7_U                 | ram_2p    |           | 1    |      | pragma | p_ZL16post_eligibility_7      | bram | 1       | 8, 8, 1          |
|   pre_traces_trace_0_U                       | ram_2p    |           | 1    |      | pragma | pre_traces_trace_0            | bram | 1       | 8, 8, 1          |
|   pre_traces_last_spike_time_0_U             | ram_2p    |           | 1    |      | pragma | pre_traces_last_spike_time_0  | bram | 1       | 16, 8, 1         |
|   post_traces_trace_0_U                      | ram_2p    |           | 1    |      | pragma | post_traces_trace_0           | bram | 1       | 8, 8, 1          |
|   post_traces_last_spike_time_0_U            | ram_2p    |           | 1    |      | pragma | post_traces_last_spike_time_0 | bram | 1       | 16, 8, 1         |
|   pre_traces_trace_1_U                       | ram_2p    |           | 1    |      | pragma | pre_traces_trace_1            | bram | 1       | 8, 8, 1          |
|   pre_traces_last_spike_time_1_U             | ram_2p    |           | 1    |      | pragma | pre_traces_last_spike_time_1  | bram | 1       | 16, 8, 1         |
|   post_traces_trace_1_U                      | ram_2p    |           | 1    |      | pragma | post_traces_trace_1           | bram | 1       | 8, 8, 1          |
|   post_traces_last_spike_time_1_U            | ram_2p    |           | 1    |      | pragma | post_traces_last_spike_time_1 | bram | 1       | 16, 8, 1         |
|   pre_traces_trace_2_U                       | ram_2p    |           | 1    |      | pragma | pre_traces_trace_2            | bram | 1       | 8, 8, 1          |
|   pre_traces_last_spike_time_2_U             | ram_2p    |           | 1    |      | pragma | pre_traces_last_spike_time_2  | bram | 1       | 16, 8, 1         |
|   post_traces_trace_2_U                      | ram_2p    |           | 1    |      | pragma | post_traces_trace_2           | bram | 1       | 8, 8, 1          |
|   post_traces_last_spike_time_2_U            | ram_2p    |           | 1    |      | pragma | post_traces_last_spike_time_2 | bram | 1       | 16, 8, 1         |
|   pre_traces_trace_3_U                       | ram_2p    |           | 1    |      | pragma | pre_traces_trace_3            | bram | 1       | 8, 8, 1          |
|   pre_traces_last_spike_time_3_U             | ram_2p    |           | 1    |      | pragma | pre_traces_last_spike_time_3  | bram | 1       | 16, 8, 1         |
|   post_traces_trace_3_U                      | ram_2p    |           | 1    |      | pragma | post_traces_trace_3           | bram | 1       | 8, 8, 1          |
|   post_traces_last_spike_time_3_U            | ram_2p    |           | 1    |      | pragma | post_traces_last_spike_time_3 | bram | 1       | 16, 8, 1         |
|   pre_traces_trace_4_U                       | ram_2p    |           | 1    |      | pragma | pre_traces_trace_4            | bram | 1       | 8, 8, 1          |
|   pre_traces_last_spike_time_4_U             | ram_2p    |           | 1    |      | pragma | pre_traces_last_spike_time_4  | bram | 1       | 16, 8, 1         |
|   post_traces_trace_4_U                      | ram_2p    |           | 1    |      | pragma | post_traces_trace_4           | bram | 1       | 8, 8, 1          |
|   post_traces_last_spike_time_4_U            | ram_2p    |           | 1    |      | pragma | post_traces_last_spike_time_4 | bram | 1       | 16, 8, 1         |
|   pre_traces_trace_5_U                       | ram_2p    |           | 1    |      | pragma | pre_traces_trace_5            | bram | 1       | 8, 8, 1          |
|   pre_traces_last_spike_time_5_U             | ram_2p    |           | 1    |      | pragma | pre_traces_last_spike_time_5  | bram | 1       | 16, 8, 1         |
|   post_traces_trace_5_U                      | ram_2p    |           | 1    |      | pragma | post_traces_trace_5           | bram | 1       | 8, 8, 1          |
|   post_traces_last_spike_time_5_U            | ram_2p    |           | 1    |      | pragma | post_traces_last_spike_time_5 | bram | 1       | 16, 8, 1         |
|   pre_traces_trace_6_U                       | ram_2p    |           | 1    |      | pragma | pre_traces_trace_6            | bram | 1       | 8, 8, 1          |
|   pre_traces_last_spike_time_6_U             | ram_2p    |           | 1    |      | pragma | pre_traces_last_spike_time_6  | bram | 1       | 16, 8, 1         |
|   post_traces_trace_6_U                      | ram_2p    |           | 1    |      | pragma | post_traces_trace_6           | bram | 1       | 8, 8, 1          |
|   post_traces_last_spike_time_6_U            | ram_2p    |           | 1    |      | pragma | post_traces_last_spike_time_6 | bram | 1       | 16, 8, 1         |
|   pre_traces_trace_7_U                       | ram_2p    |           | 1    |      | pragma | pre_traces_trace_7            | bram | 1       | 8, 8, 1          |
|   pre_traces_last_spike_time_7_U             | ram_2p    |           | 1    |      | pragma | pre_traces_last_spike_time_7  | bram | 1       | 16, 8, 1         |
|   post_traces_trace_7_U                      | ram_2p    |           | 1    |      | pragma | post_traces_trace_7           | bram | 1       | 8, 8, 1          |
|   post_traces_last_spike_time_7_U            | ram_2p    |           | 1    |      | pragma | post_traces_last_spike_time_7 | bram | 1       | 16, 8, 1         |
|   p_ZL13weight_memory_0_0_U                  | ram_2p    |           | 1    |      | pragma | p_ZL13weight_memory_0_0       | bram | 1       | 8, 512, 1        |
|   p_ZL13weight_memory_0_1_U                  | ram_2p    |           | 1    |      | pragma | p_ZL13weight_memory_0_1       | bram | 1       | 8, 512, 1        |
|   p_ZL13weight_memory_1_0_U                  | ram_2p    |           | 1    |      | pragma | p_ZL13weight_memory_1_0       | bram | 1       | 8, 512, 1        |
|   p_ZL13weight_memory_1_1_U                  | ram_2p    |           | 1    |      | pragma | p_ZL13weight_memory_1_1       | bram | 1       | 8, 512, 1        |
|   p_ZL13weight_memory_2_0_U                  | ram_2p    |           | 1    |      | pragma | p_ZL13weight_memory_2_0       | bram | 1       | 8, 512, 1        |
|   p_ZL13weight_memory_2_1_U                  | ram_2p    |           | 1    |      | pragma | p_ZL13weight_memory_2_1       | bram | 1       | 8, 512, 1        |
|   p_ZL13weight_memory_3_0_U                  | ram_2p    |           | 1    |      | pragma | p_ZL13weight_memory_3_0       | bram | 1       | 8, 512, 1        |
|   p_ZL13weight_memory_3_1_U                  | ram_2p    |           | 1    |      | pragma | p_ZL13weight_memory_3_1       | bram | 1       | 8, 512, 1        |
|   EXP_DECAY_LUT_U                            | rom_2p    |           |      |      |        | EXP_DECAY_LUT                 | auto | 1       | 8, 16, 1         |
|  + process_pre_spike_aer                     |           |           | 0    | 0    |        |                               |      |         |                  |
|   + process_pre_spike_aer_Pipeline_LTD_LOOP  |           |           | 0    | 0    |        |                               |      |         |                  |
|     EXP_DECAY_LUT_U                          | rom_2p    |           |      |      |        | EXP_DECAY_LUT                 | auto | 1       | 8, 16, 1         |
|  + process_post_spike_aer                    |           |           | 0    | 0    |        |                               |      |         |                  |
|   + process_post_spike_aer_Pipeline_LTP_LOOP |           |           | 0    | 0    |        |                               |      |         |                  |
|     EXP_DECAY_LUT_U                          | rom_2p    |           |      |      |        | EXP_DECAY_LUT                 | auto | 1       | 8, 16, 1         |
+----------------------------------------------+-----------+-----------+------+------+--------+-------------------------------+------+---------+------------------+


================================================================
== Pragma Report
================================================================
* Inferred Pragmas
+--------------+---------+----------------------------------------------------------------------------------------------+----------------------------------+
| Type         | Options | Location                                                                                     | Inferred From                    |
+--------------+---------+----------------------------------------------------------------------------------------------+----------------------------------+
| LOOP_FLATTEN |         | loop INIT_WEIGHT_OUTER (src/snn_top_hls.cpp:453:32) in snn_top_hls (src/snn_top_hls.cpp:453) | pipeline src/snn_top_hls.cpp:455 |
+--------------+---------+----------------------------------------------------------------------------------------------+----------------------------------+

* Valid Pragma Syntax
+-----------------+-------------------------------------------------+---------------------------------------------------------------+
| Type            | Options                                         | Location                                                      |
+-----------------+-------------------------------------------------+---------------------------------------------------------------+
| INLINE          |                                                 | in compute_decayed_trace (src/snn_top_hls.cpp:72)             |
| INLINE          |                                                 | in clip_weight (src/snn_top_hls.cpp:93)                       |
| INLINE          | off                                             | in process_pre_spike_aer (src/snn_top_hls.cpp:111)            |
| PIPELINE        | ii=2                                            | in process_pre_spike_aer (src/snn_top_hls.cpp:125)            |
| UNROLL          | factor=4                                        | in process_pre_spike_aer (src/snn_top_hls.cpp:126)            |
| INLINE          | off                                             | in process_post_spike_aer (src/snn_top_hls.cpp:159)           |
| PIPELINE        | ii=2                                            | in process_post_spike_aer (src/snn_top_hls.cpp:173)           |
| UNROLL          | factor=4                                        | in process_post_spike_aer (src/snn_top_hls.cpp:174)           |
| INLINE          | off                                             | in apply_rstdp_reward (src/snn_top_hls.cpp:209)               |
| LOOP_FLATTEN    | off                                             | in apply_rstdp_reward (src/snn_top_hls.cpp:226)               |
| PIPELINE        | ii=2                                            | in apply_rstdp_reward (src/snn_top_hls.cpp:232)               |
| UNROLL          | factor=4                                        | in apply_rstdp_reward (src/snn_top_hls.cpp:233)               |
| INLINE          | off                                             | in decay_eligibility_traces (src/snn_top_hls.cpp:265)         |
| PIPELINE        | ii=1                                            | in decay_eligibility_traces (src/snn_top_hls.cpp:269)         |
| UNROLL          | factor=8                                        | in decay_eligibility_traces (src/snn_top_hls.cpp:270)         |
| PIPELINE        | ii=1                                            | in decay_eligibility_traces (src/snn_top_hls.cpp:279)         |
| UNROLL          | factor=8                                        | in decay_eligibility_traces (src/snn_top_hls.cpp:280)         |
| INLINE          |                                                 | in update_eligibility_on_pre_spike (src/snn_top_hls.cpp:292)  |
| INLINE          |                                                 | in update_eligibility_on_post_spike (src/snn_top_hls.cpp:299) |
| INTERFACE       | s_axilite port=ctrl_reg bundle=ctrl             | in snn_top_hls (src/snn_top_hls.cpp:356)                      |
| INTERFACE       | s_axilite port=config_reg bundle=ctrl           | in snn_top_hls (src/snn_top_hls.cpp:357)                      |
| INTERFACE       | s_axilite port=learning_params bundle=ctrl      | in snn_top_hls (src/snn_top_hls.cpp:358)                      |
| INTERFACE       | s_axilite port=status_reg bundle=ctrl           | in snn_top_hls (src/snn_top_hls.cpp:359)                      |
| INTERFACE       | s_axilite port=spike_count_reg bundle=ctrl      | in snn_top_hls (src/snn_top_hls.cpp:360)                      |
| INTERFACE       | s_axilite port=weight_sum_reg bundle=ctrl       | in snn_top_hls (src/snn_top_hls.cpp:361)                      |
| INTERFACE       | s_axilite port=version_reg bundle=ctrl          | in snn_top_hls (src/snn_top_hls.cpp:362)                      |
| INTERFACE       | s_axilite port=reward_signal bundle=ctrl        | in snn_top_hls (src/snn_top_hls.cpp:363)                      |
| INTERFACE       | s_axilite port=return bundle=ctrl               | in snn_top_hls (src/snn_top_hls.cpp:364)                      |
| INTERFACE       | axis port=s_axis_spikes                         | in snn_top_hls (src/snn_top_hls.cpp:367)                      |
| INTERFACE       | axis port=m_axis_spikes                         | in snn_top_hls (src/snn_top_hls.cpp:368)                      |
| INTERFACE       | axis port=m_axis_weights                        | in snn_top_hls (src/snn_top_hls.cpp:369)                      |
| INTERFACE       | ap_none port=spike_in_valid                     | in snn_top_hls (src/snn_top_hls.cpp:372)                      |
| INTERFACE       | ap_none port=spike_in_neuron_id                 | in snn_top_hls (src/snn_top_hls.cpp:373)                      |
| INTERFACE       | ap_none port=spike_in_weight                    | in snn_top_hls (src/snn_top_hls.cpp:374)                      |
| INTERFACE       | ap_none port=spike_in_ready                     | in snn_top_hls (src/snn_top_hls.cpp:375)                      |
| INTERFACE       | ap_none port=spike_out_valid                    | in snn_top_hls (src/snn_top_hls.cpp:376)                      |
| INTERFACE       | ap_none port=spike_out_neuron_id                | in snn_top_hls (src/snn_top_hls.cpp:377)                      |
| INTERFACE       | ap_none port=spike_out_weight                   | in snn_top_hls (src/snn_top_hls.cpp:378)                      |
| INTERFACE       | ap_none port=spike_out_ready                    | in snn_top_hls (src/snn_top_hls.cpp:379)                      |
| INTERFACE       | ap_none port=snn_enable                         | in snn_top_hls (src/snn_top_hls.cpp:380)                      |
| INTERFACE       | ap_none port=snn_reset                          | in snn_top_hls (src/snn_top_hls.cpp:381)                      |
| INTERFACE       | ap_none port=threshold_out                      | in snn_top_hls (src/snn_top_hls.cpp:382)                      |
| INTERFACE       | ap_none port=leak_rate_out                      | in snn_top_hls (src/snn_top_hls.cpp:383)                      |
| INTERFACE       | ap_none port=snn_ready                          | in snn_top_hls (src/snn_top_hls.cpp:384)                      |
| INTERFACE       | ap_none port=snn_busy                           | in snn_top_hls (src/snn_top_hls.cpp:385)                      |
| BIND_STORAGE    | variable=weight_memory type=RAM_2P impl=BRAM    | in snn_top_hls (src/snn_top_hls.cpp:391)                      |
| ARRAY_PARTITION | variable=weight_memory cyclic factor=4 dim=2    | in snn_top_hls (src/snn_top_hls.cpp:392)                      |
| BIND_STORAGE    | variable=pre_eligibility type=RAM_2P impl=BRAM  | in snn_top_hls (src/snn_top_hls.cpp:395)                      |
| ARRAY_PARTITION | variable=pre_eligibility cyclic factor=8        | in snn_top_hls (src/snn_top_hls.cpp:396)                      |
| BIND_STORAGE    | variable=post_eligibility type=RAM_2P impl=BRAM | in snn_top_hls (src/snn_top_hls.cpp:397)                      |
| ARRAY_PARTITION | variable=post_eligibility cyclic factor=8       | in snn_top_hls (src/snn_top_hls.cpp:398)                      |
| BIND_STORAGE    | variable=pre_traces type=RAM_2P impl=BRAM       | in snn_top_hls (src/snn_top_hls.cpp:401)                      |
| ARRAY_PARTITION | variable=pre_traces cyclic factor=8             | in snn_top_hls (src/snn_top_hls.cpp:402)                      |
| BIND_STORAGE    | variable=post_traces type=RAM_2P impl=BRAM      | in snn_top_hls (src/snn_top_hls.cpp:403)                      |
| ARRAY_PARTITION | variable=post_traces cyclic factor=8            | in snn_top_hls (src/snn_top_hls.cpp:404)                      |
| PIPELINE        | ii=1                                            | in snn_top_hls (src/snn_top_hls.cpp:437)                      |
| PIPELINE        | ii=1                                            | in snn_top_hls (src/snn_top_hls.cpp:444)                      |
| PIPELINE        | ii=1                                            | in snn_top_hls (src/snn_top_hls.cpp:455)                      |
| PIPELINE        | ii=1                                            | in snn_top_hls (src/snn_top_hls.cpp:596)                      |
| INLINE          |                                                 | in write_weight (src/snn_top_hls.cpp:612)                     |
| INLINE          |                                                 | in read_weight (src/snn_top_hls.cpp:620)                      |
| INLINE          | off                                             | in load_weights_from_stream (src/snn_top_hls.cpp:631)         |
| PIPELINE        | ii=1                                            | in load_weights_from_stream (src/snn_top_hls.cpp:634)         |
+-----------------+-------------------------------------------------+---------------------------------------------------------------+


