

================================================================
== Vitis HLS Report for 'apply_reward_signal'
================================================================
* Date:           Mon Dec  8 20:06:21 2025

* Version:        2025.2 (Build 6295257 on Nov 14 2025)
* Project:        hls_output
* Solution:       hls (Vivado IP Flow Target)
* Product family: zynq
* Target device:  xc7z020-clg400-1


================================================================
== Performance Estimates
================================================================
+ Timing: 
    * Summary: 
    +--------+----------+----------+------------+
    |  Clock |  Target  | Estimated| Uncertainty|
    +--------+----------+----------+------------+
    |ap_clk  |  10.00 ns|  7.158 ns|     2.70 ns|
    +--------+----------+----------+------------+

+ Latency: 
    * Summary: 
    +---------+---------+-----------+-----------+-----+------+---------+
    |  Latency (cycles) |   Latency (absolute)  |  Interval  | Pipeline|
    |   min   |   max   |    min    |    max    | min |  max |   Type  |
    +---------+---------+-----------+-----------+-----+------+---------+
    |        1|     4104|  10.000 ns|  41.040 us|    1|  4104|       no|
    +---------+---------+-----------+-----------+-----+------+---------+

    + Detail: 
        * Instance: 
        N/A

        * Loop: 
        N/A

============================================================
+ Verbose Summary: Synthesis Manager
============================================================
InlineROM: 1
ExposeGlobal: 0
============================================================
+ Verbose Summary: CDFG Model
============================================================
IsTopModel: 0
ResetActiveHigh: 1
IsCombinational: 0
IsDatapathOnly: 0
HasWiredReturn: 1
HasMFsm: 0
HasVarLatency: 1
IsPipeline: 0
IsRtlPipelined: 0
IsInstanceOverlapped: 0
IsDontTouch: 0
HasImplIP: 0
IsGatedGlobalClock: 0


============================================================
+ Verbose Summary: Schedule
============================================================
* Number of FSM states : 2
* Pipeline : 0
* Dataflow Pipeline: 0

* FSM state transitions: 
1 --> 2 
2 --> 

* FSM state operations: 

State 1 <SV = 0> <Delay = 3.00>
ST_1 : Operation 3 [1/1] (0.00ns)   --->   "%specmemcore_ln0 = specmemcore void @_ssdm_op_SpecMemCore, i16 %p_ZL18eligibility_traces_0, i64 666, i64 22, i64 18446744073709551615, i1 0"   --->   Operation 3 'specmemcore' 'specmemcore_ln0' <Predicate = true> <Delay = 0.00>
ST_1 : Operation 4 [1/1] (0.00ns)   --->   "%specmemcore_ln0 = specmemcore void @_ssdm_op_SpecMemCore, i16 %p_ZL18eligibility_traces_1, i64 666, i64 22, i64 18446744073709551615, i1 0"   --->   Operation 4 'specmemcore' 'specmemcore_ln0' <Predicate = true> <Delay = 0.00>
ST_1 : Operation 5 [1/1] (0.00ns)   --->   "%specmemcore_ln0 = specmemcore void @_ssdm_op_SpecMemCore, i16 %p_ZL18eligibility_traces_2, i64 666, i64 22, i64 18446744073709551615, i1 0"   --->   Operation 5 'specmemcore' 'specmemcore_ln0' <Predicate = true> <Delay = 0.00>
ST_1 : Operation 6 [1/1] (0.00ns)   --->   "%specmemcore_ln0 = specmemcore void @_ssdm_op_SpecMemCore, i16 %p_ZL18eligibility_traces_3, i64 666, i64 22, i64 18446744073709551615, i1 0"   --->   Operation 6 'specmemcore' 'specmemcore_ln0' <Predicate = true> <Delay = 0.00>
ST_1 : Operation 7 [1/1] (0.00ns)   --->   "%specmemcore_ln0 = specmemcore void @_ssdm_op_SpecMemCore, i8 %p_ZL13weight_memory_0, i64 666, i64 22, i64 18446744073709551615, i1 0"   --->   Operation 7 'specmemcore' 'specmemcore_ln0' <Predicate = true> <Delay = 0.00>
ST_1 : Operation 8 [1/1] (0.00ns)   --->   "%specmemcore_ln0 = specmemcore void @_ssdm_op_SpecMemCore, i8 %p_ZL13weight_memory_1, i64 666, i64 22, i64 18446744073709551615, i1 0"   --->   Operation 8 'specmemcore' 'specmemcore_ln0' <Predicate = true> <Delay = 0.00>
ST_1 : Operation 9 [1/1] (0.00ns)   --->   "%specmemcore_ln0 = specmemcore void @_ssdm_op_SpecMemCore, i8 %p_ZL13weight_memory_2, i64 666, i64 22, i64 18446744073709551615, i1 0"   --->   Operation 9 'specmemcore' 'specmemcore_ln0' <Predicate = true> <Delay = 0.00>
ST_1 : Operation 10 [1/1] (0.00ns)   --->   "%specmemcore_ln0 = specmemcore void @_ssdm_op_SpecMemCore, i8 %p_ZL13weight_memory_3, i64 666, i64 22, i64 18446744073709551615, i1 0"   --->   Operation 10 'specmemcore' 'specmemcore_ln0' <Predicate = true> <Delay = 0.00>
ST_1 : Operation 11 [1/1] (0.00ns)   --->   "%specmemcore_ln0 = specmemcore void @_ssdm_op_SpecMemCore, i8 %p_ZL13weight_memory_4, i64 666, i64 22, i64 18446744073709551615, i1 0"   --->   Operation 11 'specmemcore' 'specmemcore_ln0' <Predicate = true> <Delay = 0.00>
ST_1 : Operation 12 [1/1] (0.00ns)   --->   "%specmemcore_ln0 = specmemcore void @_ssdm_op_SpecMemCore, i8 %p_ZL13weight_memory_5, i64 666, i64 22, i64 18446744073709551615, i1 0"   --->   Operation 12 'specmemcore' 'specmemcore_ln0' <Predicate = true> <Delay = 0.00>
ST_1 : Operation 13 [1/1] (0.00ns)   --->   "%specmemcore_ln0 = specmemcore void @_ssdm_op_SpecMemCore, i8 %p_ZL13weight_memory_6, i64 666, i64 22, i64 18446744073709551615, i1 0"   --->   Operation 13 'specmemcore' 'specmemcore_ln0' <Predicate = true> <Delay = 0.00>
ST_1 : Operation 14 [1/1] (0.00ns)   --->   "%specmemcore_ln0 = specmemcore void @_ssdm_op_SpecMemCore, i8 %p_ZL13weight_memory_7, i64 666, i64 22, i64 18446744073709551615, i1 0"   --->   Operation 14 'specmemcore' 'specmemcore_ln0' <Predicate = true> <Delay = 0.00>
ST_1 : Operation 15 [1/1] (0.00ns)   --->   "%params_learning_rate_val_read = read i16 @_ssdm_op_Read.ap_auto.i16, i16 %params_learning_rate_val" [src/snn_top_hls.cpp:214]   --->   Operation 15 'read' 'params_learning_rate_val_read' <Predicate = true> <Delay = 0.00>
ST_1 : Operation 16 [1/1] (0.00ns)   --->   "%reward_signal_read = read i8 @_ssdm_op_Read.ap_auto.i8, i8 %reward_signal" [src/snn_top_hls.cpp:214]   --->   Operation 16 'read' 'reward_signal_read' <Predicate = true> <Delay = 0.00>
ST_1 : Operation 17 [1/1] (1.91ns)   --->   "%icmp_ln219 = icmp_eq  i8 %reward_signal_read, i8 0" [src/snn_top_hls.cpp:219]   --->   Operation 17 'icmp' 'icmp_ln219' <Predicate = true> <Delay = 1.91> <CoreInst = "Cmp">   --->   Core 9 'Cmp' <Latency = 0> <II = 1> <Delay = 1.91> <FuncUnit> <Opcode : 'seteq' 'setne' 'setle' 'setge' 'setlt' 'setgt'> <InPorts = 2> <OutPorts = 1>
ST_1 : Operation 18 [1/1] (0.00ns)   --->   "%br_ln219 = br i1 %icmp_ln219, void %if.end.i.i.i161, void %return" [src/snn_top_hls.cpp:219]   --->   Operation 18 'br' 'br_ln219' <Predicate = true> <Delay = 0.00>
ST_1 : Operation 19 [1/1] (0.00ns)   --->   "%shl_ln221_1 = bitconcatenate i24 @_ssdm_op_BitConcatenate.i24.i8.i16, i8 %reward_signal_read, i16 0" [src/snn_top_hls.cpp:221]   --->   Operation 19 'bitconcatenate' 'shl_ln221_1' <Predicate = (!icmp_ln219)> <Delay = 0.00>
ST_1 : Operation 20 [1/1] (0.00ns)   --->   "%sext_ln221 = sext i24 %shl_ln221_1" [src/snn_top_hls.cpp:221]   --->   Operation 20 'sext' 'sext_ln221' <Predicate = (!icmp_ln219)> <Delay = 0.00>
ST_1 : Operation 21 [1/1] (0.00ns)   --->   "%tmp = bitselect i1 @_ssdm_op_BitSelect.i1.i8.i32, i8 %reward_signal_read, i32 7" [src/snn_top_hls.cpp:221]   --->   Operation 21 'bitselect' 'tmp' <Predicate = (!icmp_ln219)> <Delay = 0.00>
ST_1 : Operation 22 [1/1] (2.31ns)   --->   "%sub_ln221 = sub i25 0, i25 %sext_ln221" [src/snn_top_hls.cpp:221]   --->   Operation 22 'sub' 'sub_ln221' <Predicate = (!icmp_ln219)> <Delay = 2.31> <CoreInst = "Adder">   --->   Core 1 'Adder' <Latency = 0> <II = 1> <Delay = 2.31> <FuncUnit> <Opcode : 'add' 'sub'> <InPorts = 2> <OutPorts = 1>
ST_1 : Operation 23 [1/1] (0.00ns)   --->   "%shl_ln221_2 = bitconcatenate i9 @_ssdm_op_BitConcatenate.i9.i8.i1, i8 %reward_signal_read, i1 0" [src/snn_top_hls.cpp:221]   --->   Operation 23 'bitconcatenate' 'shl_ln221_2' <Predicate = (!icmp_ln219)> <Delay = 0.00>
ST_1 : Operation 24 [1/1] (0.00ns)   --->   "%sext_ln221_1 = sext i9 %shl_ln221_2" [src/snn_top_hls.cpp:221]   --->   Operation 24 'sext' 'sext_ln221_1' <Predicate = (!icmp_ln219)> <Delay = 0.00>
ST_1 : Operation 25 [1/1] (1.82ns)   --->   "%sub_ln221_1 = sub i10 0, i10 %sext_ln221_1" [src/snn_top_hls.cpp:221]   --->   Operation 25 'sub' 'sub_ln221_1' <Predicate = (!icmp_ln219)> <Delay = 1.82> <CoreInst = "Adder">   --->   Core 1 'Adder' <Latency = 0> <II = 1> <Delay = 1.82> <FuncUnit> <Opcode : 'add' 'sub'> <InPorts = 2> <OutPorts = 1>
ST_1 : Operation 26 [1/1] (0.00ns)   --->   "%tmp_s = partselect i10 @_ssdm_op_PartSelect.i10.i25.i32.i32, i25 %sub_ln221, i32 15, i32 24" [src/snn_top_hls.cpp:221]   --->   Operation 26 'partselect' 'tmp_s' <Predicate = (!icmp_ln219)> <Delay = 0.00>
ST_1 : Operation 27 [1/1] (0.68ns)   --->   "%reward_factor = select i1 %tmp, i10 %tmp_s, i10 %sub_ln221_1" [src/snn_top_hls.cpp:221]   --->   Operation 27 'select' 'reward_factor' <Predicate = (!icmp_ln219)> <Delay = 0.68> <CoreInst = "Sel">   --->   Core 73 'Sel' <Latency = 0> <II = 1> <Delay = 0.68> <FuncUnit> <Opcode : 'select'> <InPorts = 3> <OutPorts = 1>
ST_1 : Operation 28 [2/2] (0.00ns)   --->   "%call_ln221 = call void @apply_reward_signal_Pipeline_REWARD_OUTER_REWARD_INNER, i10 %reward_factor, i16 %params_learning_rate_val_read, i16 %p_ZL18eligibility_traces_0, i16 %p_ZL18eligibility_traces_1, i16 %p_ZL18eligibility_traces_2, i16 %p_ZL18eligibility_traces_3, i8 %p_ZL13weight_memory_0, i8 %p_ZL13weight_memory_1, i8 %p_ZL13weight_memory_2, i8 %p_ZL13weight_memory_3, i8 %p_ZL13weight_memory_4, i8 %p_ZL13weight_memory_5, i8 %p_ZL13weight_memory_6, i8 %p_ZL13weight_memory_7" [src/snn_top_hls.cpp:221]   --->   Operation 28 'call' 'call_ln221' <Predicate = (!icmp_ln219)> <Delay = 0.00> <CoreType = "Generic">   --->   Generic Core

State 2 <SV = 1> <Delay = 0.00>
ST_2 : Operation 29 [1/2] (0.00ns)   --->   "%call_ln221 = call void @apply_reward_signal_Pipeline_REWARD_OUTER_REWARD_INNER, i10 %reward_factor, i16 %params_learning_rate_val_read, i16 %p_ZL18eligibility_traces_0, i16 %p_ZL18eligibility_traces_1, i16 %p_ZL18eligibility_traces_2, i16 %p_ZL18eligibility_traces_3, i8 %p_ZL13weight_memory_0, i8 %p_ZL13weight_memory_1, i8 %p_ZL13weight_memory_2, i8 %p_ZL13weight_memory_3, i8 %p_ZL13weight_memory_4, i8 %p_ZL13weight_memory_5, i8 %p_ZL13weight_memory_6, i8 %p_ZL13weight_memory_7" [src/snn_top_hls.cpp:221]   --->   Operation 29 'call' 'call_ln221' <Predicate = (!icmp_ln219)> <Delay = 0.00> <CoreType = "Generic">   --->   Generic Core
ST_2 : Operation 30 [1/1] (0.00ns)   --->   "%br_ln0 = br void %return"   --->   Operation 30 'br' 'br_ln0' <Predicate = (!icmp_ln219)> <Delay = 0.00>
ST_2 : Operation 31 [1/1] (0.00ns)   --->   "%ret_ln235 = ret" [src/snn_top_hls.cpp:235]   --->   Operation 31 'ret' 'ret_ln235' <Predicate = true> <Delay = 0.00>


============================================================
+ Verbose Summary: Timing violations
============================================================
Target clock period: 10.000ns, clock uncertainty: 2.700ns.

 <State 1>: 3.002ns
The critical path consists of the following:
	wire read operation ('reward_signal_read', src/snn_top_hls.cpp:214) on port 'reward_signal' (src/snn_top_hls.cpp:214) [28]  (0.000 ns)
	'sub' operation 25 bit ('sub_ln221', src/snn_top_hls.cpp:221) [35]  (2.314 ns)
	'select' operation 10 bit ('reward_factor', src/snn_top_hls.cpp:221) [40]  (0.687 ns)

 <State 2>: 0.000ns
The critical path consists of the following:


============================================================
+ Verbose Summary: Binding
============================================================
N/A
* FSMD analyzer results:
  - Output states:
 - Input state : 
  - Chain level:
	State 1
	State 2


============================================================
+ Verbose Summary: Datapath Resource usage 
============================================================
N/A
