

================================================================
== Vitis HLS Report for 'snn_top_hls_Pipeline_INIT_WEIGHT_OUTER_INIT_WEIGHT_INNER'
================================================================
* Date:           Mon Dec  8 20:49:11 2025

* Version:        2025.2 (Build 6295257 on Nov 14 2025)
* Project:        hls_output
* Solution:       hls (Vivado IP Flow Target)
* Product family: zynq
* Target device:  xc7z020-clg400-1


================================================================
== Performance Estimates
================================================================
+ Timing: 
    * Summary: 
    +--------+----------+----------+------------+
    |  Clock |  Target  | Estimated| Uncertainty|
    +--------+----------+----------+------------+
    |ap_clk  |  10.00 ns|  6.321 ns|     2.70 ns|
    +--------+----------+----------+------------+

+ Latency: 
    * Summary: 
    +---------+---------+-----------+-----------+-----+-----+-------------------+
    |  Latency (cycles) |   Latency (absolute)  |  Interval |      Pipeline     |
    |   min   |   max   |    min    |    max    | min | max |        Type       |
    +---------+---------+-----------+-----------+-----+-----+-------------------+
    |     4099|     4099|  40.990 us|  40.990 us|    0|    0|  loop pipeline stp|
    +---------+---------+-----------+-----------+-----+-----+-------------------+

    + Detail: 
        * Instance: 
        N/A

        * Loop: 
        +---------------------------------------+---------+---------+----------+-----------+-----------+------+----------+
        |                                       |  Latency (cycles) | Iteration|  Initiation Interval  | Trip |          |
        |               Loop Name               |   min   |   max   |  Latency |  achieved |   target  | Count| Pipelined|
        +---------------------------------------+---------+---------+----------+-----------+-----------+------+----------+
        |- INIT_WEIGHT_OUTER_INIT_WEIGHT_INNER  |     4097|     4097|         3|          1|          1|  4096|       yes|
        +---------------------------------------+---------+---------+----------+-----------+-----------+------+----------+

============================================================
+ Verbose Summary: Synthesis Manager
============================================================
InlineROM: 1
ExposeGlobal: 0
============================================================
+ Verbose Summary: CDFG Model
============================================================
IsTopModel: 0
ResetActiveHigh: 1
IsCombinational: 0
IsDatapathOnly: 0
HasWiredReturn: 1
HasMFsm: 2
HasVarLatency: 1
IsPipeline: 0
IsRtlPipelined: 0
IsInstanceOverlapped: 0
IsDontTouch: 0
HasImplIP: 0
IsGatedGlobalClock: 0

+ Individual pipeline summary: 
  * Pipeline-0: initiation interval (II) = 1, depth = 3


============================================================
+ Verbose Summary: Schedule
============================================================
* Number of FSM states : 3
* Pipeline : 1
  Pipeline-0 : II = 1, D = 3, States = { 1 2 3 }
* Dataflow Pipeline: 0

* FSM state transitions: 
1 --> 2 
2 --> 3 
3 --> 

* FSM state operations: 

State 1 <SV = 0> <Delay = 4.85>
ST_1 : Operation 6 [1/1] (0.00ns)   --->   "%j = alloca i32 1" [src/snn_top_hls.cpp:454]   --->   Operation 6 'alloca' 'j' <Predicate = true> <Delay = 0.00>
ST_1 : Operation 7 [1/1] (0.00ns)   --->   "%i_2 = alloca i32 1" [src/snn_top_hls.cpp:453]   --->   Operation 7 'alloca' 'i_2' <Predicate = true> <Delay = 0.00>
ST_1 : Operation 8 [1/1] (0.00ns)   --->   "%indvar_flatten = alloca i32 1"   --->   Operation 8 'alloca' 'indvar_flatten' <Predicate = true> <Delay = 0.00>
ST_1 : Operation 9 [1/1] (0.00ns)   --->   "%specmemcore_ln0 = specmemcore void @_ssdm_op_SpecMemCore, i8 %p_ZL13weight_memory_0_0, i64 666, i64 22, i64 18446744073709551615, i1 0"   --->   Operation 9 'specmemcore' 'specmemcore_ln0' <Predicate = true> <Delay = 0.00>
ST_1 : Operation 10 [1/1] (0.00ns)   --->   "%specmemcore_ln0 = specmemcore void @_ssdm_op_SpecMemCore, i8 %p_ZL13weight_memory_0_1, i64 666, i64 22, i64 18446744073709551615, i1 0"   --->   Operation 10 'specmemcore' 'specmemcore_ln0' <Predicate = true> <Delay = 0.00>
ST_1 : Operation 11 [1/1] (0.00ns)   --->   "%specmemcore_ln0 = specmemcore void @_ssdm_op_SpecMemCore, i8 %p_ZL13weight_memory_1_0, i64 666, i64 22, i64 18446744073709551615, i1 0"   --->   Operation 11 'specmemcore' 'specmemcore_ln0' <Predicate = true> <Delay = 0.00>
ST_1 : Operation 12 [1/1] (0.00ns)   --->   "%specmemcore_ln0 = specmemcore void @_ssdm_op_SpecMemCore, i8 %p_ZL13weight_memory_1_1, i64 666, i64 22, i64 18446744073709551615, i1 0"   --->   Operation 12 'specmemcore' 'specmemcore_ln0' <Predicate = true> <Delay = 0.00>
ST_1 : Operation 13 [1/1] (0.00ns)   --->   "%specmemcore_ln0 = specmemcore void @_ssdm_op_SpecMemCore, i8 %p_ZL13weight_memory_2_0, i64 666, i64 22, i64 18446744073709551615, i1 0"   --->   Operation 13 'specmemcore' 'specmemcore_ln0' <Predicate = true> <Delay = 0.00>
ST_1 : Operation 14 [1/1] (0.00ns)   --->   "%specmemcore_ln0 = specmemcore void @_ssdm_op_SpecMemCore, i8 %p_ZL13weight_memory_2_1, i64 666, i64 22, i64 18446744073709551615, i1 0"   --->   Operation 14 'specmemcore' 'specmemcore_ln0' <Predicate = true> <Delay = 0.00>
ST_1 : Operation 15 [1/1] (0.00ns)   --->   "%specmemcore_ln0 = specmemcore void @_ssdm_op_SpecMemCore, i8 %p_ZL13weight_memory_3_0, i64 666, i64 22, i64 18446744073709551615, i1 0"   --->   Operation 15 'specmemcore' 'specmemcore_ln0' <Predicate = true> <Delay = 0.00>
ST_1 : Operation 16 [1/1] (0.00ns)   --->   "%specmemcore_ln0 = specmemcore void @_ssdm_op_SpecMemCore, i8 %p_ZL13weight_memory_3_1, i64 666, i64 22, i64 18446744073709551615, i1 0"   --->   Operation 16 'specmemcore' 'specmemcore_ln0' <Predicate = true> <Delay = 0.00>
ST_1 : Operation 17 [1/1] (1.58ns)   --->   "%store_ln0 = store i13 0, i13 %indvar_flatten"   --->   Operation 17 'store' 'store_ln0' <Predicate = true> <Delay = 1.58>
ST_1 : Operation 18 [1/1] (1.58ns)   --->   "%store_ln453 = store i7 0, i7 %i_2" [src/snn_top_hls.cpp:453]   --->   Operation 18 'store' 'store_ln453' <Predicate = true> <Delay = 1.58>
ST_1 : Operation 19 [1/1] (1.58ns)   --->   "%store_ln454 = store i7 0, i7 %j" [src/snn_top_hls.cpp:454]   --->   Operation 19 'store' 'store_ln454' <Predicate = true> <Delay = 1.58>
ST_1 : Operation 20 [1/1] (0.00ns)   --->   "%br_ln0 = br void %for.inc73"   --->   Operation 20 'br' 'br_ln0' <Predicate = true> <Delay = 0.00>
ST_1 : Operation 21 [1/1] (0.00ns)   --->   "%indvar_flatten_load = load i13 %indvar_flatten" [src/snn_top_hls.cpp:453]   --->   Operation 21 'load' 'indvar_flatten_load' <Predicate = true> <Delay = 0.00>
ST_1 : Operation 22 [1/1] (1.67ns)   --->   "%icmp_ln453 = icmp_eq  i13 %indvar_flatten_load, i13 4096" [src/snn_top_hls.cpp:453]   --->   Operation 22 'icmp' 'icmp_ln453' <Predicate = true> <Delay = 1.67> <CoreInst = "Cmp">   --->   Core 9 'Cmp' <Latency = 0> <II = 1> <Delay = 1.67> <FuncUnit> <Opcode : 'seteq' 'setne' 'setle' 'setge' 'setlt' 'setgt'> <InPorts = 2> <OutPorts = 1>
ST_1 : Operation 23 [1/1] (1.67ns)   --->   "%add_ln453_1 = add i13 %indvar_flatten_load, i13 1" [src/snn_top_hls.cpp:453]   --->   Operation 23 'add' 'add_ln453_1' <Predicate = true> <Delay = 1.67> <CoreInst = "Adder">   --->   Core 1 'Adder' <Latency = 0> <II = 1> <Delay = 1.67> <FuncUnit> <Opcode : 'add' 'sub'> <InPorts = 2> <OutPorts = 1>
ST_1 : Operation 24 [1/1] (0.00ns)   --->   "%br_ln453 = br i1 %icmp_ln453, void %for.inc76, void %for.end78.exitStub" [src/snn_top_hls.cpp:453]   --->   Operation 24 'br' 'br_ln453' <Predicate = true> <Delay = 0.00>
ST_1 : Operation 25 [1/1] (1.58ns)   --->   "%store_ln453 = store i13 %add_ln453_1, i13 %indvar_flatten" [src/snn_top_hls.cpp:453]   --->   Operation 25 'store' 'store_ln453' <Predicate = (!icmp_ln453)> <Delay = 1.58>

State 2 <SV = 1> <Delay = 6.32>
ST_2 : Operation 26 [1/1] (0.00ns)   --->   "%j_load = load i7 %j" [src/snn_top_hls.cpp:454]   --->   Operation 26 'load' 'j_load' <Predicate = true> <Delay = 0.00>
ST_2 : Operation 27 [1/1] (1.87ns)   --->   "%icmp_ln454 = icmp_eq  i7 %j_load, i7 64" [src/snn_top_hls.cpp:454]   --->   Operation 27 'icmp' 'icmp_ln454' <Predicate = true> <Delay = 1.87> <CoreInst = "Cmp">   --->   Core 9 'Cmp' <Latency = 0> <II = 1> <Delay = 1.87> <FuncUnit> <Opcode : 'seteq' 'setne' 'setle' 'setge' 'setlt' 'setgt'> <InPorts = 2> <OutPorts = 1>
ST_2 : Operation 28 [1/1] (0.99ns)   --->   "%select_ln453 = select i1 %icmp_ln454, i7 0, i7 %j_load" [src/snn_top_hls.cpp:453]   --->   Operation 28 'select' 'select_ln453' <Predicate = true> <Delay = 0.99> <CoreInst = "Sel">   --->   Core 73 'Sel' <Latency = 0> <II = 1> <Delay = 0.99> <FuncUnit> <Opcode : 'select'> <InPorts = 3> <OutPorts = 1>
ST_2 : Operation 29 [1/1] (0.00ns)   --->   "%trunc_ln454 = trunc i7 %select_ln453" [src/snn_top_hls.cpp:454]   --->   Operation 29 'trunc' 'trunc_ln454' <Predicate = true> <Delay = 0.00>
ST_2 : Operation 30 [1/1] (0.00ns)   --->   "%lshr_ln2 = partselect i4 @_ssdm_op_PartSelect.i4.i7.i32.i32, i7 %select_ln453, i32 2, i32 5" [src/snn_top_hls.cpp:456]   --->   Operation 30 'partselect' 'lshr_ln2' <Predicate = true> <Delay = 0.00>
ST_2 : Operation 31 [1/1] (1.56ns)   --->   "%switch_ln456 = switch i2 %trunc_ln454, void %arrayidx723.case.3, i2 0, void %arrayidx723.case.0, i2 1, void %arrayidx723.case.1, i2 2, void %arrayidx723.case.2" [src/snn_top_hls.cpp:456]   --->   Operation 31 'switch' 'switch_ln456' <Predicate = true> <Delay = 1.56>
ST_2 : Operation 32 [1/1] (0.00ns)   --->   "%br_ln456 = br void %arrayidx723.exit" [src/snn_top_hls.cpp:456]   --->   Operation 32 'br' 'br_ln456' <Predicate = (trunc_ln454 == 2)> <Delay = 0.00>
ST_2 : Operation 33 [1/1] (0.00ns)   --->   "%br_ln456 = br void %arrayidx723.exit" [src/snn_top_hls.cpp:456]   --->   Operation 33 'br' 'br_ln456' <Predicate = (trunc_ln454 == 1)> <Delay = 0.00>
ST_2 : Operation 34 [1/1] (0.00ns)   --->   "%br_ln456 = br void %arrayidx723.exit" [src/snn_top_hls.cpp:456]   --->   Operation 34 'br' 'br_ln456' <Predicate = (trunc_ln454 == 0)> <Delay = 0.00>
ST_2 : Operation 35 [1/1] (0.00ns)   --->   "%br_ln456 = br void %arrayidx723.exit" [src/snn_top_hls.cpp:456]   --->   Operation 35 'br' 'br_ln456' <Predicate = (trunc_ln454 == 3)> <Delay = 0.00>
ST_2 : Operation 36 [1/1] (1.87ns)   --->   "%add_ln454 = add i7 %select_ln453, i7 1" [src/snn_top_hls.cpp:454]   --->   Operation 36 'add' 'add_ln454' <Predicate = true> <Delay = 1.87> <CoreInst = "Adder">   --->   Core 1 'Adder' <Latency = 0> <II = 1> <Delay = 1.87> <FuncUnit> <Opcode : 'add' 'sub'> <InPorts = 2> <OutPorts = 1>
ST_2 : Operation 37 [1/1] (1.58ns)   --->   "%store_ln454 = store i7 %add_ln454, i7 %j" [src/snn_top_hls.cpp:454]   --->   Operation 37 'store' 'store_ln454' <Predicate = true> <Delay = 1.58>
ST_2 : Operation 78 [1/1] (1.58ns)   --->   "%ret_ln0 = ret"   --->   Operation 78 'ret' 'ret_ln0' <Predicate = (icmp_ln453)> <Delay = 1.58>

State 3 <SV = 2> <Delay = 6.11>
ST_3 : Operation 38 [1/1] (0.00ns)   --->   "%i_2_load = load i7 %i_2" [src/snn_top_hls.cpp:453]   --->   Operation 38 'load' 'i_2_load' <Predicate = true> <Delay = 0.00>
ST_3 : Operation 39 [1/1] (1.87ns)   --->   "%add_ln453 = add i7 %i_2_load, i7 1" [src/snn_top_hls.cpp:453]   --->   Operation 39 'add' 'add_ln453' <Predicate = (icmp_ln454)> <Delay = 1.87> <CoreInst = "Adder">   --->   Core 1 'Adder' <Latency = 0> <II = 1> <Delay = 1.87> <FuncUnit> <Opcode : 'add' 'sub'> <InPorts = 2> <OutPorts = 1>
ST_3 : Operation 40 [1/1] (0.00ns)   --->   "%specloopname_ln0 = specloopname void @_ssdm_op_SpecLoopName, void @INIT_WEIGHT_OUTER_INIT_WEIGHT_INNER_str"   --->   Operation 40 'specloopname' 'specloopname_ln0' <Predicate = true> <Delay = 0.00>
ST_3 : Operation 41 [1/1] (0.00ns)   --->   "%speclooptripcount_ln0 = speclooptripcount void @_ssdm_op_SpecLoopTripCount, i64 4096, i64 4096, i64 4096"   --->   Operation 41 'speclooptripcount' 'speclooptripcount_ln0' <Predicate = true> <Delay = 0.00>
ST_3 : Operation 42 [1/1] (0.99ns)   --->   "%select_ln453_1 = select i1 %icmp_ln454, i7 %add_ln453, i7 %i_2_load" [src/snn_top_hls.cpp:453]   --->   Operation 42 'select' 'select_ln453_1' <Predicate = true> <Delay = 0.99> <CoreInst = "Sel">   --->   Core 73 'Sel' <Latency = 0> <II = 1> <Delay = 0.99> <FuncUnit> <Opcode : 'select'> <InPorts = 3> <OutPorts = 1>
ST_3 : Operation 43 [1/1] (0.00ns)   --->   "%trunc_ln453 = trunc i7 %select_ln453_1" [src/snn_top_hls.cpp:453]   --->   Operation 43 'trunc' 'trunc_ln453' <Predicate = true> <Delay = 0.00>
ST_3 : Operation 44 [1/1] (0.00ns)   --->   "%specpipeline_ln455 = specpipeline void @_ssdm_op_SpecPipeline, i32 1, i32 0, i32 0, i32 0, i32 4294967295, void @empty_6" [src/snn_top_hls.cpp:455]   --->   Operation 44 'specpipeline' 'specpipeline_ln455' <Predicate = true> <Delay = 0.00>
ST_3 : Operation 45 [1/1] (0.00ns)   --->   "%tmp_1 = partselect i5 @_ssdm_op_PartSelect.i5.i7.i32.i32, i7 %select_ln453_1, i32 1, i32 5" [src/snn_top_hls.cpp:456]   --->   Operation 45 'partselect' 'tmp_1' <Predicate = true> <Delay = 0.00>
ST_3 : Operation 46 [1/1] (0.00ns)   --->   "%tmp_2 = bitconcatenate i9 @_ssdm_op_BitConcatenate.i9.i5.i4, i5 %tmp_1, i4 %lshr_ln2" [src/snn_top_hls.cpp:456]   --->   Operation 46 'bitconcatenate' 'tmp_2' <Predicate = true> <Delay = 0.00>
ST_3 : Operation 47 [1/1] (0.00ns)   --->   "%zext_ln456 = zext i9 %tmp_2" [src/snn_top_hls.cpp:456]   --->   Operation 47 'zext' 'zext_ln456' <Predicate = true> <Delay = 0.00>
ST_3 : Operation 48 [1/1] (0.00ns)   --->   "%p_ZL13weight_memory_0_0_addr = getelementptr i8 %p_ZL13weight_memory_0_0, i64 0, i64 %zext_ln456" [src/snn_top_hls.cpp:456]   --->   Operation 48 'getelementptr' 'p_ZL13weight_memory_0_0_addr' <Predicate = true> <Delay = 0.00>
ST_3 : Operation 49 [1/1] (0.00ns)   --->   "%p_ZL13weight_memory_0_1_addr = getelementptr i8 %p_ZL13weight_memory_0_1, i64 0, i64 %zext_ln456" [src/snn_top_hls.cpp:456]   --->   Operation 49 'getelementptr' 'p_ZL13weight_memory_0_1_addr' <Predicate = true> <Delay = 0.00>
ST_3 : Operation 50 [1/1] (0.00ns)   --->   "%p_ZL13weight_memory_1_0_addr = getelementptr i8 %p_ZL13weight_memory_1_0, i64 0, i64 %zext_ln456" [src/snn_top_hls.cpp:456]   --->   Operation 50 'getelementptr' 'p_ZL13weight_memory_1_0_addr' <Predicate = true> <Delay = 0.00>
ST_3 : Operation 51 [1/1] (0.00ns)   --->   "%p_ZL13weight_memory_1_1_addr = getelementptr i8 %p_ZL13weight_memory_1_1, i64 0, i64 %zext_ln456" [src/snn_top_hls.cpp:456]   --->   Operation 51 'getelementptr' 'p_ZL13weight_memory_1_1_addr' <Predicate = true> <Delay = 0.00>
ST_3 : Operation 52 [1/1] (0.00ns)   --->   "%p_ZL13weight_memory_2_0_addr = getelementptr i8 %p_ZL13weight_memory_2_0, i64 0, i64 %zext_ln456" [src/snn_top_hls.cpp:456]   --->   Operation 52 'getelementptr' 'p_ZL13weight_memory_2_0_addr' <Predicate = true> <Delay = 0.00>
ST_3 : Operation 53 [1/1] (0.00ns)   --->   "%p_ZL13weight_memory_2_1_addr = getelementptr i8 %p_ZL13weight_memory_2_1, i64 0, i64 %zext_ln456" [src/snn_top_hls.cpp:456]   --->   Operation 53 'getelementptr' 'p_ZL13weight_memory_2_1_addr' <Predicate = true> <Delay = 0.00>
ST_3 : Operation 54 [1/1] (0.00ns)   --->   "%p_ZL13weight_memory_3_0_addr = getelementptr i8 %p_ZL13weight_memory_3_0, i64 0, i64 %zext_ln456" [src/snn_top_hls.cpp:456]   --->   Operation 54 'getelementptr' 'p_ZL13weight_memory_3_0_addr' <Predicate = true> <Delay = 0.00>
ST_3 : Operation 55 [1/1] (0.00ns)   --->   "%p_ZL13weight_memory_3_1_addr = getelementptr i8 %p_ZL13weight_memory_3_1, i64 0, i64 %zext_ln456" [src/snn_top_hls.cpp:456]   --->   Operation 55 'getelementptr' 'p_ZL13weight_memory_3_1_addr' <Predicate = true> <Delay = 0.00>
ST_3 : Operation 56 [1/1] (0.00ns)   --->   "%br_ln456 = br i1 %trunc_ln453, void %arrayidx723_2.case.0, void %arrayidx723_2.case.1" [src/snn_top_hls.cpp:456]   --->   Operation 56 'br' 'br_ln456' <Predicate = (trunc_ln454 == 2)> <Delay = 0.00>
ST_3 : Operation 57 [1/1] ( I:3.25ns O:3.25ns )   --->   "%store_ln456 = store i8 0, i9 %p_ZL13weight_memory_2_0_addr" [src/snn_top_hls.cpp:456]   --->   Operation 57 'store' 'store_ln456' <Predicate = (trunc_ln454 == 2 & !trunc_ln453)> <Delay = 3.25> <CoreInst = "RAM_2P_BRAM">   --->   Core 90 'RAM_2P_BRAM' <Latency = 1> <II = 1> <Delay = 3.25> <Storage> <Opcode : 'load' 'store'> <Ports = 2> <Width = 8> <Depth = 512> <RAM>
ST_3 : Operation 58 [1/1] (0.00ns)   --->   "%br_ln456 = br void %arrayidx723_2.exit" [src/snn_top_hls.cpp:456]   --->   Operation 58 'br' 'br_ln456' <Predicate = (trunc_ln454 == 2 & !trunc_ln453)> <Delay = 0.00>
ST_3 : Operation 59 [1/1] ( I:3.25ns O:3.25ns )   --->   "%store_ln456 = store i8 0, i9 %p_ZL13weight_memory_2_1_addr" [src/snn_top_hls.cpp:456]   --->   Operation 59 'store' 'store_ln456' <Predicate = (trunc_ln454 == 2 & trunc_ln453)> <Delay = 3.25> <CoreInst = "RAM_2P_BRAM">   --->   Core 90 'RAM_2P_BRAM' <Latency = 1> <II = 1> <Delay = 3.25> <Storage> <Opcode : 'load' 'store'> <Ports = 2> <Width = 8> <Depth = 512> <RAM>
ST_3 : Operation 60 [1/1] (0.00ns)   --->   "%br_ln456 = br void %arrayidx723_2.exit" [src/snn_top_hls.cpp:456]   --->   Operation 60 'br' 'br_ln456' <Predicate = (trunc_ln454 == 2 & trunc_ln453)> <Delay = 0.00>
ST_3 : Operation 61 [1/1] (0.00ns)   --->   "%br_ln456 = br i1 %trunc_ln453, void %arrayidx723_1.case.0, void %arrayidx723_1.case.1" [src/snn_top_hls.cpp:456]   --->   Operation 61 'br' 'br_ln456' <Predicate = (trunc_ln454 == 1)> <Delay = 0.00>
ST_3 : Operation 62 [1/1] ( I:3.25ns O:3.25ns )   --->   "%store_ln456 = store i8 0, i9 %p_ZL13weight_memory_1_0_addr" [src/snn_top_hls.cpp:456]   --->   Operation 62 'store' 'store_ln456' <Predicate = (trunc_ln454 == 1 & !trunc_ln453)> <Delay = 3.25> <CoreInst = "RAM_2P_BRAM">   --->   Core 90 'RAM_2P_BRAM' <Latency = 1> <II = 1> <Delay = 3.25> <Storage> <Opcode : 'load' 'store'> <Ports = 2> <Width = 8> <Depth = 512> <RAM>
ST_3 : Operation 63 [1/1] (0.00ns)   --->   "%br_ln456 = br void %arrayidx723_1.exit" [src/snn_top_hls.cpp:456]   --->   Operation 63 'br' 'br_ln456' <Predicate = (trunc_ln454 == 1 & !trunc_ln453)> <Delay = 0.00>
ST_3 : Operation 64 [1/1] ( I:3.25ns O:3.25ns )   --->   "%store_ln456 = store i8 0, i9 %p_ZL13weight_memory_1_1_addr" [src/snn_top_hls.cpp:456]   --->   Operation 64 'store' 'store_ln456' <Predicate = (trunc_ln454 == 1 & trunc_ln453)> <Delay = 3.25> <CoreInst = "RAM_2P_BRAM">   --->   Core 90 'RAM_2P_BRAM' <Latency = 1> <II = 1> <Delay = 3.25> <Storage> <Opcode : 'load' 'store'> <Ports = 2> <Width = 8> <Depth = 512> <RAM>
ST_3 : Operation 65 [1/1] (0.00ns)   --->   "%br_ln456 = br void %arrayidx723_1.exit" [src/snn_top_hls.cpp:456]   --->   Operation 65 'br' 'br_ln456' <Predicate = (trunc_ln454 == 1 & trunc_ln453)> <Delay = 0.00>
ST_3 : Operation 66 [1/1] (0.00ns)   --->   "%br_ln456 = br i1 %trunc_ln453, void %arrayidx723_0.case.0, void %arrayidx723_0.case.1" [src/snn_top_hls.cpp:456]   --->   Operation 66 'br' 'br_ln456' <Predicate = (trunc_ln454 == 0)> <Delay = 0.00>
ST_3 : Operation 67 [1/1] ( I:3.25ns O:3.25ns )   --->   "%store_ln456 = store i8 0, i9 %p_ZL13weight_memory_0_0_addr" [src/snn_top_hls.cpp:456]   --->   Operation 67 'store' 'store_ln456' <Predicate = (trunc_ln454 == 0 & !trunc_ln453)> <Delay = 3.25> <CoreInst = "RAM_2P_BRAM">   --->   Core 90 'RAM_2P_BRAM' <Latency = 1> <II = 1> <Delay = 3.25> <Storage> <Opcode : 'load' 'store'> <Ports = 2> <Width = 8> <Depth = 512> <RAM>
ST_3 : Operation 68 [1/1] (0.00ns)   --->   "%br_ln456 = br void %arrayidx723_0.exit" [src/snn_top_hls.cpp:456]   --->   Operation 68 'br' 'br_ln456' <Predicate = (trunc_ln454 == 0 & !trunc_ln453)> <Delay = 0.00>
ST_3 : Operation 69 [1/1] ( I:3.25ns O:3.25ns )   --->   "%store_ln456 = store i8 0, i9 %p_ZL13weight_memory_0_1_addr" [src/snn_top_hls.cpp:456]   --->   Operation 69 'store' 'store_ln456' <Predicate = (trunc_ln454 == 0 & trunc_ln453)> <Delay = 3.25> <CoreInst = "RAM_2P_BRAM">   --->   Core 90 'RAM_2P_BRAM' <Latency = 1> <II = 1> <Delay = 3.25> <Storage> <Opcode : 'load' 'store'> <Ports = 2> <Width = 8> <Depth = 512> <RAM>
ST_3 : Operation 70 [1/1] (0.00ns)   --->   "%br_ln456 = br void %arrayidx723_0.exit" [src/snn_top_hls.cpp:456]   --->   Operation 70 'br' 'br_ln456' <Predicate = (trunc_ln454 == 0 & trunc_ln453)> <Delay = 0.00>
ST_3 : Operation 71 [1/1] (0.00ns)   --->   "%br_ln456 = br i1 %trunc_ln453, void %arrayidx723_3.case.0, void %arrayidx723_3.case.1" [src/snn_top_hls.cpp:456]   --->   Operation 71 'br' 'br_ln456' <Predicate = (trunc_ln454 == 3)> <Delay = 0.00>
ST_3 : Operation 72 [1/1] ( I:3.25ns O:3.25ns )   --->   "%store_ln456 = store i8 0, i9 %p_ZL13weight_memory_3_0_addr" [src/snn_top_hls.cpp:456]   --->   Operation 72 'store' 'store_ln456' <Predicate = (trunc_ln454 == 3 & !trunc_ln453)> <Delay = 3.25> <CoreInst = "RAM_2P_BRAM">   --->   Core 90 'RAM_2P_BRAM' <Latency = 1> <II = 1> <Delay = 3.25> <Storage> <Opcode : 'load' 'store'> <Ports = 2> <Width = 8> <Depth = 512> <RAM>
ST_3 : Operation 73 [1/1] (0.00ns)   --->   "%br_ln456 = br void %arrayidx723_3.exit" [src/snn_top_hls.cpp:456]   --->   Operation 73 'br' 'br_ln456' <Predicate = (trunc_ln454 == 3 & !trunc_ln453)> <Delay = 0.00>
ST_3 : Operation 74 [1/1] ( I:3.25ns O:3.25ns )   --->   "%store_ln456 = store i8 0, i9 %p_ZL13weight_memory_3_1_addr" [src/snn_top_hls.cpp:456]   --->   Operation 74 'store' 'store_ln456' <Predicate = (trunc_ln454 == 3 & trunc_ln453)> <Delay = 3.25> <CoreInst = "RAM_2P_BRAM">   --->   Core 90 'RAM_2P_BRAM' <Latency = 1> <II = 1> <Delay = 3.25> <Storage> <Opcode : 'load' 'store'> <Ports = 2> <Width = 8> <Depth = 512> <RAM>
ST_3 : Operation 75 [1/1] (0.00ns)   --->   "%br_ln456 = br void %arrayidx723_3.exit" [src/snn_top_hls.cpp:456]   --->   Operation 75 'br' 'br_ln456' <Predicate = (trunc_ln454 == 3 & trunc_ln453)> <Delay = 0.00>
ST_3 : Operation 76 [1/1] (1.58ns)   --->   "%store_ln453 = store i7 %select_ln453_1, i7 %i_2" [src/snn_top_hls.cpp:453]   --->   Operation 76 'store' 'store_ln453' <Predicate = true> <Delay = 1.58>
ST_3 : Operation 77 [1/1] (0.00ns)   --->   "%br_ln454 = br void %for.inc73" [src/snn_top_hls.cpp:454]   --->   Operation 77 'br' 'br_ln454' <Predicate = true> <Delay = 0.00>


============================================================
+ Verbose Summary: Binding
============================================================
STG Binding: 
---------------- STG Properties BEGIN ----------------
- Is combinational: 0
- Is one-state seq: 0
- Is datapath-only: 0
- Is pipelined: 0
- Is top level: 0
Port [ Return ] is wired: 1; IO mode=ap_ctrl_hs:ce=0
Port [ p_ZL13weight_memory_0_0]:  wired=1; compound=1; hidden=0; nouse=0; global=1; static=1; extern=0; dir=1; type=1; pingpong=0; private_global=0; MemPort=[30]; IO mode=ap_memory:ce=0
Port [ p_ZL13weight_memory_0_1]:  wired=1; compound=1; hidden=0; nouse=0; global=1; static=1; extern=0; dir=1; type=1; pingpong=0; private_global=0; MemPort=[30]; IO mode=ap_memory:ce=0
Port [ p_ZL13weight_memory_1_0]:  wired=1; compound=1; hidden=0; nouse=0; global=1; static=1; extern=0; dir=1; type=1; pingpong=0; private_global=0; MemPort=[30]; IO mode=ap_memory:ce=0
Port [ p_ZL13weight_memory_1_1]:  wired=1; compound=1; hidden=0; nouse=0; global=1; static=1; extern=0; dir=1; type=1; pingpong=0; private_global=0; MemPort=[30]; IO mode=ap_memory:ce=0
Port [ p_ZL13weight_memory_2_0]:  wired=1; compound=1; hidden=0; nouse=0; global=1; static=1; extern=0; dir=1; type=1; pingpong=0; private_global=0; MemPort=[30]; IO mode=ap_memory:ce=0
Port [ p_ZL13weight_memory_2_1]:  wired=1; compound=1; hidden=0; nouse=0; global=1; static=1; extern=0; dir=1; type=1; pingpong=0; private_global=0; MemPort=[30]; IO mode=ap_memory:ce=0
Port [ p_ZL13weight_memory_3_0]:  wired=1; compound=1; hidden=0; nouse=0; global=1; static=1; extern=0; dir=1; type=1; pingpong=0; private_global=0; MemPort=[30]; IO mode=ap_memory:ce=0
Port [ p_ZL13weight_memory_3_1]:  wired=1; compound=1; hidden=0; nouse=0; global=1; static=1; extern=0; dir=1; type=1; pingpong=0; private_global=0; MemPort=[30]; IO mode=ap_memory:ce=0
---------------- STG Properties END ------------------

---------------- Datapath Model BEGIN ----------------

<LifeTime>
<method=bitvector/>
j                            (alloca           ) [ 0110]
i_2                          (alloca           ) [ 0111]
indvar_flatten               (alloca           ) [ 0100]
specmemcore_ln0              (specmemcore      ) [ 0000]
specmemcore_ln0              (specmemcore      ) [ 0000]
specmemcore_ln0              (specmemcore      ) [ 0000]
specmemcore_ln0              (specmemcore      ) [ 0000]
specmemcore_ln0              (specmemcore      ) [ 0000]
specmemcore_ln0              (specmemcore      ) [ 0000]
specmemcore_ln0              (specmemcore      ) [ 0000]
specmemcore_ln0              (specmemcore      ) [ 0000]
store_ln0                    (store            ) [ 0000]
store_ln453                  (store            ) [ 0000]
store_ln454                  (store            ) [ 0000]
br_ln0                       (br               ) [ 0000]
indvar_flatten_load          (load             ) [ 0000]
icmp_ln453                   (icmp             ) [ 0110]
add_ln453_1                  (add              ) [ 0000]
br_ln453                     (br               ) [ 0000]
store_ln453                  (store            ) [ 0000]
j_load                       (load             ) [ 0000]
icmp_ln454                   (icmp             ) [ 0101]
select_ln453                 (select           ) [ 0000]
trunc_ln454                  (trunc            ) [ 0111]
lshr_ln2                     (partselect       ) [ 0101]
switch_ln456                 (switch           ) [ 0000]
br_ln456                     (br               ) [ 0000]
br_ln456                     (br               ) [ 0000]
br_ln456                     (br               ) [ 0000]
br_ln456                     (br               ) [ 0000]
add_ln454                    (add              ) [ 0000]
store_ln454                  (store            ) [ 0000]
i_2_load                     (load             ) [ 0000]
add_ln453                    (add              ) [ 0000]
specloopname_ln0             (specloopname     ) [ 0000]
speclooptripcount_ln0        (speclooptripcount) [ 0000]
select_ln453_1               (select           ) [ 0000]
trunc_ln453                  (trunc            ) [ 0101]
specpipeline_ln455           (specpipeline     ) [ 0000]
tmp_1                        (partselect       ) [ 0000]
tmp_2                        (bitconcatenate   ) [ 0000]
zext_ln456                   (zext             ) [ 0000]
p_ZL13weight_memory_0_0_addr (getelementptr    ) [ 0000]
p_ZL13weight_memory_0_1_addr (getelementptr    ) [ 0000]
p_ZL13weight_memory_1_0_addr (getelementptr    ) [ 0000]
p_ZL13weight_memory_1_1_addr (getelementptr    ) [ 0000]
p_ZL13weight_memory_2_0_addr (getelementptr    ) [ 0000]
p_ZL13weight_memory_2_1_addr (getelementptr    ) [ 0000]
p_ZL13weight_memory_3_0_addr (getelementptr    ) [ 0000]
p_ZL13weight_memory_3_1_addr (getelementptr    ) [ 0000]
br_ln456                     (br               ) [ 0000]
store_ln456                  (store            ) [ 0000]
br_ln456                     (br               ) [ 0000]
store_ln456                  (store            ) [ 0000]
br_ln456                     (br               ) [ 0000]
br_ln456                     (br               ) [ 0000]
store_ln456                  (store            ) [ 0000]
br_ln456                     (br               ) [ 0000]
store_ln456                  (store            ) [ 0000]
br_ln456                     (br               ) [ 0000]
br_ln456                     (br               ) [ 0000]
store_ln456                  (store            ) [ 0000]
br_ln456                     (br               ) [ 0000]
store_ln456                  (store            ) [ 0000]
br_ln456                     (br               ) [ 0000]
br_ln456                     (br               ) [ 0000]
store_ln456                  (store            ) [ 0000]
br_ln456                     (br               ) [ 0000]
store_ln456                  (store            ) [ 0000]
br_ln456                     (br               ) [ 0000]
store_ln453                  (store            ) [ 0000]
br_ln454                     (br               ) [ 0000]
ret_ln0                      (ret              ) [ 0000]
</LifeTime>

<model>

<comp_list>
<comp id="0" class="1000" name="p_ZL13weight_memory_0_0">
<pin_list>
<pin id="1" dir="1" index="0" bw="1" slack="0"/>
</pin_list>
<bind>
<StgValue><ssdm name="p_ZL13weight_memory_0_0"/><MemPortTyVec>3 0 </MemPortTyVec>
</StgValue>
</bind>
</comp>

<comp id="2" class="1000" name="p_ZL13weight_memory_0_1">
<pin_list>
<pin id="3" dir="1" index="0" bw="1" slack="0"/>
</pin_list>
<bind>
<StgValue><ssdm name="p_ZL13weight_memory_0_1"/><MemPortTyVec>3 0 </MemPortTyVec>
</StgValue>
</bind>
</comp>

<comp id="4" class="1000" name="p_ZL13weight_memory_1_0">
<pin_list>
<pin id="5" dir="1" index="0" bw="1" slack="0"/>
</pin_list>
<bind>
<StgValue><ssdm name="p_ZL13weight_memory_1_0"/><MemPortTyVec>3 0 </MemPortTyVec>
</StgValue>
</bind>
</comp>

<comp id="6" class="1000" name="p_ZL13weight_memory_1_1">
<pin_list>
<pin id="7" dir="1" index="0" bw="1" slack="0"/>
</pin_list>
<bind>
<StgValue><ssdm name="p_ZL13weight_memory_1_1"/><MemPortTyVec>3 0 </MemPortTyVec>
</StgValue>
</bind>
</comp>

<comp id="8" class="1000" name="p_ZL13weight_memory_2_0">
<pin_list>
<pin id="9" dir="1" index="0" bw="1" slack="0"/>
</pin_list>
<bind>
<StgValue><ssdm name="p_ZL13weight_memory_2_0"/><MemPortTyVec>3 0 </MemPortTyVec>
</StgValue>
</bind>
</comp>

<comp id="10" class="1000" name="p_ZL13weight_memory_2_1">
<pin_list>
<pin id="11" dir="1" index="0" bw="1" slack="0"/>
</pin_list>
<bind>
<StgValue><ssdm name="p_ZL13weight_memory_2_1"/><MemPortTyVec>3 0 </MemPortTyVec>
</StgValue>
</bind>
</comp>

<comp id="12" class="1000" name="p_ZL13weight_memory_3_0">
<pin_list>
<pin id="13" dir="1" index="0" bw="1" slack="0"/>
</pin_list>
<bind>
<StgValue><ssdm name="p_ZL13weight_memory_3_0"/><MemPortTyVec>3 0 </MemPortTyVec>
</StgValue>
</bind>
</comp>

<comp id="14" class="1000" name="p_ZL13weight_memory_3_1">
<pin_list>
<pin id="15" dir="1" index="0" bw="1" slack="0"/>
</pin_list>
<bind>
<StgValue><ssdm name="p_ZL13weight_memory_3_1"/><MemPortTyVec>3 0 </MemPortTyVec>
</StgValue>
</bind>
</comp>

<comp id="16" class="1001" name="const_16">
<pin_list>
<pin id="17" dir="1" index="0" bw="1" slack="0"/>
</pin_list>
<bind>
<StgValue><ssdm name=""/></StgValue>
</bind>
</comp>

<comp id="18" class="1001" name="const_18">
<pin_list>
<pin id="19" dir="1" index="0" bw="1" slack="2147483647"/>
</pin_list>
<bind>
<StgValue><ssdm name="_ssdm_op_SpecMemCore"/></StgValue>
</bind>
</comp>

<comp id="20" class="1001" name="const_20">
<pin_list>
<pin id="21" dir="1" index="0" bw="1" slack="2147483647"/>
</pin_list>
<bind>
<StgValue><ssdm name=""/></StgValue>
</bind>
</comp>

<comp id="22" class="1001" name="const_22">
<pin_list>
<pin id="23" dir="1" index="0" bw="1" slack="2147483647"/>
</pin_list>
<bind>
<StgValue><ssdm name=""/></StgValue>
</bind>
</comp>

<comp id="24" class="1001" name="const_24">
<pin_list>
<pin id="25" dir="1" index="0" bw="1" slack="2147483647"/>
</pin_list>
<bind>
<StgValue><ssdm name=""/></StgValue>
</bind>
</comp>

<comp id="26" class="1001" name="const_26">
<pin_list>
<pin id="27" dir="1" index="0" bw="1" slack="2147483647"/>
</pin_list>
<bind>
<StgValue><ssdm name=""/></StgValue>
</bind>
</comp>

<comp id="28" class="1001" name="const_28">
<pin_list>
<pin id="29" dir="1" index="0" bw="1" slack="0"/>
</pin_list>
<bind>
<StgValue><ssdm name=""/></StgValue>
</bind>
</comp>

<comp id="30" class="1001" name="const_30">
<pin_list>
<pin id="31" dir="1" index="0" bw="1" slack="0"/>
</pin_list>
<bind>
<StgValue><ssdm name=""/></StgValue>
</bind>
</comp>

<comp id="32" class="1001" name="const_32">
<pin_list>
<pin id="33" dir="1" index="0" bw="1" slack="0"/>
</pin_list>
<bind>
<StgValue><ssdm name=""/></StgValue>
</bind>
</comp>

<comp id="34" class="1001" name="const_34">
<pin_list>
<pin id="35" dir="1" index="0" bw="1" slack="0"/>
</pin_list>
<bind>
<StgValue><ssdm name=""/></StgValue>
</bind>
</comp>

<comp id="36" class="1001" name="const_36">
<pin_list>
<pin id="37" dir="1" index="0" bw="1" slack="0"/>
</pin_list>
<bind>
<StgValue><ssdm name=""/></StgValue>
</bind>
</comp>

<comp id="38" class="1001" name="const_38">
<pin_list>
<pin id="39" dir="1" index="0" bw="1" slack="0"/>
</pin_list>
<bind>
<StgValue><ssdm name="_ssdm_op_PartSelect.i4.i7.i32.i32"/></StgValue>
</bind>
</comp>

<comp id="40" class="1001" name="const_40">
<pin_list>
<pin id="41" dir="1" index="0" bw="1" slack="0"/>
</pin_list>
<bind>
<StgValue><ssdm name=""/></StgValue>
</bind>
</comp>

<comp id="42" class="1001" name="const_42">
<pin_list>
<pin id="43" dir="1" index="0" bw="1" slack="0"/>
</pin_list>
<bind>
<StgValue><ssdm name=""/></StgValue>
</bind>
</comp>

<comp id="44" class="1001" name="const_44">
<pin_list>
<pin id="45" dir="1" index="0" bw="1" slack="0"/>
</pin_list>
<bind>
<StgValue><ssdm name=""/></StgValue>
</bind>
</comp>

<comp id="46" class="1001" name="const_46">
<pin_list>
<pin id="47" dir="1" index="0" bw="1" slack="0"/>
</pin_list>
<bind>
<StgValue><ssdm name=""/></StgValue>
</bind>
</comp>

<comp id="48" class="1001" name="const_48">
<pin_list>
<pin id="49" dir="1" index="0" bw="1" slack="0"/>
</pin_list>
<bind>
<StgValue><ssdm name=""/></StgValue>
</bind>
</comp>

<comp id="50" class="1001" name="const_50">
<pin_list>
<pin id="51" dir="1" index="0" bw="1" slack="0"/>
</pin_list>
<bind>
<StgValue><ssdm name=""/></StgValue>
</bind>
</comp>

<comp id="52" class="1001" name="const_52">
<pin_list>
<pin id="53" dir="1" index="0" bw="1" slack="2147483647"/>
</pin_list>
<bind>
<StgValue><ssdm name="_ssdm_op_SpecLoopName"/></StgValue>
</bind>
</comp>

<comp id="54" class="1001" name="const_54">
<pin_list>
<pin id="55" dir="1" index="0" bw="1" slack="2147483647"/>
</pin_list>
<bind>
<StgValue><ssdm name="INIT_WEIGHT_OUTER_INIT_WEIGHT_INNER_str"/></StgValue>
</bind>
</comp>

<comp id="56" class="1001" name="const_56">
<pin_list>
<pin id="57" dir="1" index="0" bw="1" slack="2147483647"/>
</pin_list>
<bind>
<StgValue><ssdm name="_ssdm_op_SpecLoopTripCount"/></StgValue>
</bind>
</comp>

<comp id="58" class="1001" name="const_58">
<pin_list>
<pin id="59" dir="1" index="0" bw="1" slack="2147483647"/>
</pin_list>
<bind>
<StgValue><ssdm name=""/></StgValue>
</bind>
</comp>

<comp id="60" class="1001" name="const_60">
<pin_list>
<pin id="61" dir="1" index="0" bw="1" slack="2147483647"/>
</pin_list>
<bind>
<StgValue><ssdm name="_ssdm_op_SpecPipeline"/></StgValue>
</bind>
</comp>

<comp id="62" class="1001" name="const_62">
<pin_list>
<pin id="63" dir="1" index="0" bw="1" slack="2147483647"/>
</pin_list>
<bind>
<StgValue><ssdm name=""/></StgValue>
</bind>
</comp>

<comp id="64" class="1001" name="const_64">
<pin_list>
<pin id="65" dir="1" index="0" bw="1" slack="2147483647"/>
</pin_list>
<bind>
<StgValue><ssdm name=""/></StgValue>
</bind>
</comp>

<comp id="66" class="1001" name="const_66">
<pin_list>
<pin id="67" dir="1" index="0" bw="1" slack="2147483647"/>
</pin_list>
<bind>
<StgValue><ssdm name="empty_6"/></StgValue>
</bind>
</comp>

<comp id="68" class="1001" name="const_68">
<pin_list>
<pin id="69" dir="1" index="0" bw="1" slack="0"/>
</pin_list>
<bind>
<StgValue><ssdm name="_ssdm_op_PartSelect.i5.i7.i32.i32"/></StgValue>
</bind>
</comp>

<comp id="70" class="1001" name="const_70">
<pin_list>
<pin id="71" dir="1" index="0" bw="1" slack="0"/>
</pin_list>
<bind>
<StgValue><ssdm name="_ssdm_op_BitConcatenate.i9.i5.i4"/></StgValue>
</bind>
</comp>

<comp id="72" class="1001" name="const_72">
<pin_list>
<pin id="73" dir="1" index="0" bw="1" slack="0"/>
</pin_list>
<bind>
<StgValue><ssdm name=""/></StgValue>
</bind>
</comp>

<comp id="74" class="1001" name="const_74">
<pin_list>
<pin id="75" dir="1" index="0" bw="1" slack="0"/>
</pin_list>
<bind>
<StgValue><ssdm name=""/></StgValue>
</bind>
</comp>

<comp id="76" class="1004" name="j_fu_76">
<pin_list>
<pin id="77" dir="0" index="0" bw="1" slack="0"/>
<pin id="78" dir="1" index="1" bw="7" slack="0"/>
</pin_list>
<bind>
<opcode="alloca(26) " fcode="alloca"/>
<opset="j/1 "/>
</bind>
</comp>

<comp id="80" class="1004" name="i_2_fu_80">
<pin_list>
<pin id="81" dir="0" index="0" bw="1" slack="0"/>
<pin id="82" dir="1" index="1" bw="7" slack="0"/>
</pin_list>
<bind>
<opcode="alloca(26) " fcode="alloca"/>
<opset="i_2/1 "/>
</bind>
</comp>

<comp id="84" class="1004" name="indvar_flatten_fu_84">
<pin_list>
<pin id="85" dir="0" index="0" bw="1" slack="0"/>
<pin id="86" dir="1" index="1" bw="13" slack="0"/>
</pin_list>
<bind>
<opcode="alloca(26) " fcode="alloca"/>
<opset="indvar_flatten/1 "/>
</bind>
</comp>

<comp id="88" class="1004" name="p_ZL13weight_memory_0_0_addr_gep_fu_88">
<pin_list>
<pin id="89" dir="0" index="0" bw="8" slack="0"/>
<pin id="90" dir="0" index="1" bw="1" slack="0"/>
<pin id="91" dir="0" index="2" bw="9" slack="0"/>
<pin id="92" dir="1" index="3" bw="9" slack="0"/>
</pin_list>
<bind>
<opcode="getelementptr(29) " fcode="getelementptr"/>
<opset="p_ZL13weight_memory_0_0_addr/3 "/>
</bind>
</comp>

<comp id="95" class="1004" name="p_ZL13weight_memory_0_1_addr_gep_fu_95">
<pin_list>
<pin id="96" dir="0" index="0" bw="8" slack="0"/>
<pin id="97" dir="0" index="1" bw="1" slack="0"/>
<pin id="98" dir="0" index="2" bw="9" slack="0"/>
<pin id="99" dir="1" index="3" bw="9" slack="0"/>
</pin_list>
<bind>
<opcode="getelementptr(29) " fcode="getelementptr"/>
<opset="p_ZL13weight_memory_0_1_addr/3 "/>
</bind>
</comp>

<comp id="102" class="1004" name="p_ZL13weight_memory_1_0_addr_gep_fu_102">
<pin_list>
<pin id="103" dir="0" index="0" bw="8" slack="0"/>
<pin id="104" dir="0" index="1" bw="1" slack="0"/>
<pin id="105" dir="0" index="2" bw="9" slack="0"/>
<pin id="106" dir="1" index="3" bw="9" slack="0"/>
</pin_list>
<bind>
<opcode="getelementptr(29) " fcode="getelementptr"/>
<opset="p_ZL13weight_memory_1_0_addr/3 "/>
</bind>
</comp>

<comp id="109" class="1004" name="p_ZL13weight_memory_1_1_addr_gep_fu_109">
<pin_list>
<pin id="110" dir="0" index="0" bw="8" slack="0"/>
<pin id="111" dir="0" index="1" bw="1" slack="0"/>
<pin id="112" dir="0" index="2" bw="9" slack="0"/>
<pin id="113" dir="1" index="3" bw="9" slack="0"/>
</pin_list>
<bind>
<opcode="getelementptr(29) " fcode="getelementptr"/>
<opset="p_ZL13weight_memory_1_1_addr/3 "/>
</bind>
</comp>

<comp id="116" class="1004" name="p_ZL13weight_memory_2_0_addr_gep_fu_116">
<pin_list>
<pin id="117" dir="0" index="0" bw="8" slack="0"/>
<pin id="118" dir="0" index="1" bw="1" slack="0"/>
<pin id="119" dir="0" index="2" bw="9" slack="0"/>
<pin id="120" dir="1" index="3" bw="9" slack="0"/>
</pin_list>
<bind>
<opcode="getelementptr(29) " fcode="getelementptr"/>
<opset="p_ZL13weight_memory_2_0_addr/3 "/>
</bind>
</comp>

<comp id="123" class="1004" name="p_ZL13weight_memory_2_1_addr_gep_fu_123">
<pin_list>
<pin id="124" dir="0" index="0" bw="8" slack="0"/>
<pin id="125" dir="0" index="1" bw="1" slack="0"/>
<pin id="126" dir="0" index="2" bw="9" slack="0"/>
<pin id="127" dir="1" index="3" bw="9" slack="0"/>
</pin_list>
<bind>
<opcode="getelementptr(29) " fcode="getelementptr"/>
<opset="p_ZL13weight_memory_2_1_addr/3 "/>
</bind>
</comp>

<comp id="130" class="1004" name="p_ZL13weight_memory_3_0_addr_gep_fu_130">
<pin_list>
<pin id="131" dir="0" index="0" bw="8" slack="0"/>
<pin id="132" dir="0" index="1" bw="1" slack="0"/>
<pin id="133" dir="0" index="2" bw="9" slack="0"/>
<pin id="134" dir="1" index="3" bw="9" slack="0"/>
</pin_list>
<bind>
<opcode="getelementptr(29) " fcode="getelementptr"/>
<opset="p_ZL13weight_memory_3_0_addr/3 "/>
</bind>
</comp>

<comp id="137" class="1004" name="p_ZL13weight_memory_3_1_addr_gep_fu_137">
<pin_list>
<pin id="138" dir="0" index="0" bw="8" slack="0"/>
<pin id="139" dir="0" index="1" bw="1" slack="0"/>
<pin id="140" dir="0" index="2" bw="9" slack="0"/>
<pin id="141" dir="1" index="3" bw="9" slack="0"/>
</pin_list>
<bind>
<opcode="getelementptr(29) " fcode="getelementptr"/>
<opset="p_ZL13weight_memory_3_1_addr/3 "/>
</bind>
</comp>

<comp id="144" class="1004" name="store_ln456_access_fu_144">
<pin_list>
<pin id="145" dir="0" index="0" bw="9" slack="2147483647"/>
<pin id="146" dir="0" index="1" bw="8" slack="2147483647"/>
<pin id="147" dir="0" index="2" bw="0" slack="0"/>
<pin id="149" dir="0" index="4" bw="9" slack="0"/>
<pin id="150" dir="0" index="5" bw="8" slack="2147483647"/>
<pin id="151" dir="0" index="6" bw="0" slack="2147483647"/>
<pin id="148" dir="1" index="3" bw="8" slack="2147483647"/>
<pin id="152" dir="1" index="7" bw="8" slack="2147483647"/>
</pin_list>
<bind>
<opcode="store(28) " fcode="store"/>
<opset="store_ln456/3 "/>
</bind>
</comp>

<comp id="155" class="1004" name="store_ln456_access_fu_155">
<pin_list>
<pin id="156" dir="0" index="0" bw="9" slack="2147483647"/>
<pin id="157" dir="0" index="1" bw="8" slack="2147483647"/>
<pin id="158" dir="0" index="2" bw="0" slack="0"/>
<pin id="160" dir="0" index="4" bw="9" slack="0"/>
<pin id="161" dir="0" index="5" bw="8" slack="2147483647"/>
<pin id="162" dir="0" index="6" bw="0" slack="2147483647"/>
<pin id="159" dir="1" index="3" bw="8" slack="2147483647"/>
<pin id="163" dir="1" index="7" bw="8" slack="2147483647"/>
</pin_list>
<bind>
<opcode="store(28) " fcode="store"/>
<opset="store_ln456/3 "/>
</bind>
</comp>

<comp id="166" class="1004" name="store_ln456_access_fu_166">
<pin_list>
<pin id="167" dir="0" index="0" bw="9" slack="2147483647"/>
<pin id="168" dir="0" index="1" bw="8" slack="2147483647"/>
<pin id="169" dir="0" index="2" bw="0" slack="0"/>
<pin id="171" dir="0" index="4" bw="9" slack="0"/>
<pin id="172" dir="0" index="5" bw="8" slack="2147483647"/>
<pin id="173" dir="0" index="6" bw="0" slack="2147483647"/>
<pin id="170" dir="1" index="3" bw="8" slack="2147483647"/>
<pin id="174" dir="1" index="7" bw="8" slack="2147483647"/>
</pin_list>
<bind>
<opcode="store(28) " fcode="store"/>
<opset="store_ln456/3 "/>
</bind>
</comp>

<comp id="177" class="1004" name="store_ln456_access_fu_177">
<pin_list>
<pin id="178" dir="0" index="0" bw="9" slack="2147483647"/>
<pin id="179" dir="0" index="1" bw="8" slack="2147483647"/>
<pin id="180" dir="0" index="2" bw="0" slack="0"/>
<pin id="182" dir="0" index="4" bw="9" slack="0"/>
<pin id="183" dir="0" index="5" bw="8" slack="2147483647"/>
<pin id="184" dir="0" index="6" bw="0" slack="2147483647"/>
<pin id="181" dir="1" index="3" bw="8" slack="2147483647"/>
<pin id="185" dir="1" index="7" bw="8" slack="2147483647"/>
</pin_list>
<bind>
<opcode="store(28) " fcode="store"/>
<opset="store_ln456/3 "/>
</bind>
</comp>

<comp id="188" class="1004" name="store_ln456_access_fu_188">
<pin_list>
<pin id="189" dir="0" index="0" bw="9" slack="2147483647"/>
<pin id="190" dir="0" index="1" bw="8" slack="2147483647"/>
<pin id="191" dir="0" index="2" bw="0" slack="0"/>
<pin id="193" dir="0" index="4" bw="9" slack="0"/>
<pin id="194" dir="0" index="5" bw="8" slack="2147483647"/>
<pin id="195" dir="0" index="6" bw="0" slack="2147483647"/>
<pin id="192" dir="1" index="3" bw="8" slack="2147483647"/>
<pin id="196" dir="1" index="7" bw="8" slack="2147483647"/>
</pin_list>
<bind>
<opcode="store(28) " fcode="store"/>
<opset="store_ln456/3 "/>
</bind>
</comp>

<comp id="199" class="1004" name="store_ln456_access_fu_199">
<pin_list>
<pin id="200" dir="0" index="0" bw="9" slack="2147483647"/>
<pin id="201" dir="0" index="1" bw="8" slack="2147483647"/>
<pin id="202" dir="0" index="2" bw="0" slack="0"/>
<pin id="204" dir="0" index="4" bw="9" slack="0"/>
<pin id="205" dir="0" index="5" bw="8" slack="2147483647"/>
<pin id="206" dir="0" index="6" bw="0" slack="2147483647"/>
<pin id="203" dir="1" index="3" bw="8" slack="2147483647"/>
<pin id="207" dir="1" index="7" bw="8" slack="2147483647"/>
</pin_list>
<bind>
<opcode="store(28) " fcode="store"/>
<opset="store_ln456/3 "/>
</bind>
</comp>

<comp id="210" class="1004" name="store_ln456_access_fu_210">
<pin_list>
<pin id="211" dir="0" index="0" bw="9" slack="2147483647"/>
<pin id="212" dir="0" index="1" bw="8" slack="2147483647"/>
<pin id="213" dir="0" index="2" bw="0" slack="0"/>
<pin id="215" dir="0" index="4" bw="9" slack="0"/>
<pin id="216" dir="0" index="5" bw="8" slack="2147483647"/>
<pin id="217" dir="0" index="6" bw="0" slack="2147483647"/>
<pin id="214" dir="1" index="3" bw="8" slack="2147483647"/>
<pin id="218" dir="1" index="7" bw="8" slack="2147483647"/>
</pin_list>
<bind>
<opcode="store(28) " fcode="store"/>
<opset="store_ln456/3 "/>
</bind>
</comp>

<comp id="221" class="1004" name="store_ln456_access_fu_221">
<pin_list>
<pin id="222" dir="0" index="0" bw="9" slack="2147483647"/>
<pin id="223" dir="0" index="1" bw="8" slack="2147483647"/>
<pin id="224" dir="0" index="2" bw="0" slack="0"/>
<pin id="226" dir="0" index="4" bw="9" slack="0"/>
<pin id="227" dir="0" index="5" bw="8" slack="2147483647"/>
<pin id="228" dir="0" index="6" bw="0" slack="2147483647"/>
<pin id="225" dir="1" index="3" bw="8" slack="2147483647"/>
<pin id="229" dir="1" index="7" bw="8" slack="2147483647"/>
</pin_list>
<bind>
<opcode="store(28) " fcode="store"/>
<opset="store_ln456/3 "/>
</bind>
</comp>

<comp id="232" class="1004" name="store_ln0_store_fu_232">
<pin_list>
<pin id="233" dir="0" index="0" bw="1" slack="0"/>
<pin id="234" dir="0" index="1" bw="13" slack="0"/>
<pin id="235" dir="1" index="2" bw="0" slack="2147483647"/>
</pin_list>
<bind>
<opcode="store(28) " fcode="store"/>
<opset="store_ln0/1 "/>
</bind>
</comp>

<comp id="237" class="1004" name="store_ln453_store_fu_237">
<pin_list>
<pin id="238" dir="0" index="0" bw="1" slack="0"/>
<pin id="239" dir="0" index="1" bw="7" slack="0"/>
<pin id="240" dir="1" index="2" bw="0" slack="2147483647"/>
</pin_list>
<bind>
<opcode="store(28) " fcode="store"/>
<opset="store_ln453/1 "/>
</bind>
</comp>

<comp id="242" class="1004" name="store_ln454_store_fu_242">
<pin_list>
<pin id="243" dir="0" index="0" bw="1" slack="0"/>
<pin id="244" dir="0" index="1" bw="7" slack="0"/>
<pin id="245" dir="1" index="2" bw="0" slack="2147483647"/>
</pin_list>
<bind>
<opcode="store(28) " fcode="store"/>
<opset="store_ln454/1 "/>
</bind>
</comp>

<comp id="247" class="1004" name="indvar_flatten_load_load_fu_247">
<pin_list>
<pin id="248" dir="0" index="0" bw="13" slack="0"/>
<pin id="249" dir="1" index="1" bw="13" slack="0"/>
</pin_list>
<bind>
<opcode="load(27) " fcode="load"/>
<opset="indvar_flatten_load/1 "/>
</bind>
</comp>

<comp id="250" class="1004" name="icmp_ln453_fu_250">
<pin_list>
<pin id="251" dir="0" index="0" bw="13" slack="0"/>
<pin id="252" dir="0" index="1" bw="13" slack="0"/>
<pin id="253" dir="1" index="2" bw="1" slack="1"/>
</pin_list>
<bind>
<opcode="icmp(45) " fcode="icmp"/>
<opset="icmp_ln453/1 "/>
</bind>
</comp>

<comp id="256" class="1004" name="add_ln453_1_fu_256">
<pin_list>
<pin id="257" dir="0" index="0" bw="13" slack="0"/>
<pin id="258" dir="0" index="1" bw="1" slack="0"/>
<pin id="259" dir="1" index="2" bw="13" slack="0"/>
</pin_list>
<bind>
<opcode="add(8) " fcode="add"/>
<opset="add_ln453_1/1 "/>
</bind>
</comp>

<comp id="262" class="1004" name="store_ln453_store_fu_262">
<pin_list>
<pin id="263" dir="0" index="0" bw="13" slack="0"/>
<pin id="264" dir="0" index="1" bw="13" slack="0"/>
<pin id="265" dir="1" index="2" bw="0" slack="2147483647"/>
</pin_list>
<bind>
<opcode="store(28) " fcode="store"/>
<opset="store_ln453/1 "/>
</bind>
</comp>

<comp id="267" class="1004" name="j_load_load_fu_267">
<pin_list>
<pin id="268" dir="0" index="0" bw="7" slack="1"/>
<pin id="269" dir="1" index="1" bw="7" slack="0"/>
</pin_list>
<bind>
<opcode="load(27) " fcode="load"/>
<opset="j_load/2 "/>
</bind>
</comp>

<comp id="270" class="1004" name="icmp_ln454_fu_270">
<pin_list>
<pin id="271" dir="0" index="0" bw="7" slack="0"/>
<pin id="272" dir="0" index="1" bw="7" slack="0"/>
<pin id="273" dir="1" index="2" bw="1" slack="0"/>
</pin_list>
<bind>
<opcode="icmp(45) " fcode="icmp"/>
<opset="icmp_ln454/2 "/>
</bind>
</comp>

<comp id="276" class="1004" name="select_ln453_fu_276">
<pin_list>
<pin id="277" dir="0" index="0" bw="1" slack="0"/>
<pin id="278" dir="0" index="1" bw="1" slack="0"/>
<pin id="279" dir="0" index="2" bw="7" slack="0"/>
<pin id="280" dir="1" index="3" bw="7" slack="0"/>
</pin_list>
<bind>
<opcode="select(49) " fcode="select"/>
<opset="select_ln453/2 "/>
</bind>
</comp>

<comp id="284" class="1004" name="trunc_ln454_fu_284">
<pin_list>
<pin id="285" dir="0" index="0" bw="7" slack="0"/>
<pin id="286" dir="1" index="1" bw="2" slack="0"/>
</pin_list>
<bind>
<opcode="trunc(33) " fcode="trunc"/>
<opset="trunc_ln454/2 "/>
</bind>
</comp>

<comp id="288" class="1004" name="lshr_ln2_fu_288">
<pin_list>
<pin id="289" dir="0" index="0" bw="4" slack="0"/>
<pin id="290" dir="0" index="1" bw="7" slack="0"/>
<pin id="291" dir="0" index="2" bw="3" slack="0"/>
<pin id="292" dir="0" index="3" bw="4" slack="0"/>
<pin id="293" dir="1" index="4" bw="4" slack="1"/>
</pin_list>
<bind>
<opcode="partselect(1002) " fcode="partselect"/>
<opset="lshr_ln2/2 "/>
</bind>
</comp>

<comp id="298" class="1004" name="switch_ln456_fu_298">
<pin_list>
<pin id="299" dir="0" index="0" bw="2" slack="0"/>
<pin id="300" dir="0" index="1" bw="1" slack="0"/>
<pin id="301" dir="0" index="2" bw="1" slack="0"/>
<pin id="302" dir="0" index="3" bw="2" slack="0"/>
<pin id="303" dir="1" index="4" bw="0" slack="2147483647"/>
</pin_list>
<bind>
<opcode="switch(3) " fcode="switch"/>
<opset="switch_ln456/2 "/>
</bind>
</comp>

<comp id="308" class="1004" name="add_ln454_fu_308">
<pin_list>
<pin id="309" dir="0" index="0" bw="7" slack="0"/>
<pin id="310" dir="0" index="1" bw="1" slack="0"/>
<pin id="311" dir="1" index="2" bw="7" slack="0"/>
</pin_list>
<bind>
<opcode="add(8) " fcode="add"/>
<opset="add_ln454/2 "/>
</bind>
</comp>

<comp id="314" class="1004" name="store_ln454_store_fu_314">
<pin_list>
<pin id="315" dir="0" index="0" bw="7" slack="0"/>
<pin id="316" dir="0" index="1" bw="7" slack="1"/>
<pin id="317" dir="1" index="2" bw="0" slack="2147483647"/>
</pin_list>
<bind>
<opcode="store(28) " fcode="store"/>
<opset="store_ln454/2 "/>
</bind>
</comp>

<comp id="319" class="1004" name="i_2_load_load_fu_319">
<pin_list>
<pin id="320" dir="0" index="0" bw="7" slack="2"/>
<pin id="321" dir="1" index="1" bw="7" slack="0"/>
</pin_list>
<bind>
<opcode="load(27) " fcode="load"/>
<opset="i_2_load/3 "/>
</bind>
</comp>

<comp id="322" class="1004" name="add_ln453_fu_322">
<pin_list>
<pin id="323" dir="0" index="0" bw="7" slack="0"/>
<pin id="324" dir="0" index="1" bw="1" slack="0"/>
<pin id="325" dir="1" index="2" bw="7" slack="0"/>
</pin_list>
<bind>
<opcode="add(8) " fcode="add"/>
<opset="add_ln453/3 "/>
</bind>
</comp>

<comp id="328" class="1004" name="select_ln453_1_fu_328">
<pin_list>
<pin id="329" dir="0" index="0" bw="1" slack="1"/>
<pin id="330" dir="0" index="1" bw="7" slack="0"/>
<pin id="331" dir="0" index="2" bw="7" slack="0"/>
<pin id="332" dir="1" index="3" bw="7" slack="0"/>
</pin_list>
<bind>
<opcode="select(49) " fcode="select"/>
<opset="select_ln453_1/3 "/>
</bind>
</comp>

<comp id="335" class="1004" name="trunc_ln453_fu_335">
<pin_list>
<pin id="336" dir="0" index="0" bw="7" slack="0"/>
<pin id="337" dir="1" index="1" bw="1" slack="2147483647"/>
</pin_list>
<bind>
<opcode="trunc(33) " fcode="trunc"/>
<opset="trunc_ln453/3 "/>
</bind>
</comp>

<comp id="339" class="1004" name="tmp_1_fu_339">
<pin_list>
<pin id="340" dir="0" index="0" bw="5" slack="0"/>
<pin id="341" dir="0" index="1" bw="7" slack="0"/>
<pin id="342" dir="0" index="2" bw="1" slack="0"/>
<pin id="343" dir="0" index="3" bw="4" slack="0"/>
<pin id="344" dir="1" index="4" bw="5" slack="0"/>
</pin_list>
<bind>
<opcode="partselect(1002) " fcode="partselect"/>
<opset="tmp_1/3 "/>
</bind>
</comp>

<comp id="349" class="1004" name="tmp_2_fu_349">
<pin_list>
<pin id="350" dir="0" index="0" bw="9" slack="0"/>
<pin id="351" dir="0" index="1" bw="5" slack="0"/>
<pin id="352" dir="0" index="2" bw="4" slack="1"/>
<pin id="353" dir="1" index="3" bw="9" slack="0"/>
</pin_list>
<bind>
<opcode="bitconcatenate(1004) " fcode="bitconcatenate"/>
<opset="tmp_2/3 "/>
</bind>
</comp>

<comp id="356" class="1004" name="zext_ln456_fu_356">
<pin_list>
<pin id="357" dir="0" index="0" bw="9" slack="0"/>
<pin id="358" dir="1" index="1" bw="64" slack="0"/>
</pin_list>
<bind>
<opcode="zext(34) " fcode="zext"/>
<opset="zext_ln456/3 "/>
</bind>
</comp>

<comp id="368" class="1004" name="store_ln453_store_fu_368">
<pin_list>
<pin id="369" dir="0" index="0" bw="7" slack="0"/>
<pin id="370" dir="0" index="1" bw="7" slack="2"/>
<pin id="371" dir="1" index="2" bw="0" slack="2147483647"/>
</pin_list>
<bind>
<opcode="store(28) " fcode="store"/>
<opset="store_ln453/3 "/>
</bind>
</comp>

<comp id="373" class="1005" name="j_reg_373">
<pin_list>
<pin id="374" dir="0" index="0" bw="7" slack="0"/>
<pin id="375" dir="1" index="1" bw="7" slack="0"/>
</pin_list>
<bind>
<opset="j "/>
</bind>
</comp>

<comp id="380" class="1005" name="i_2_reg_380">
<pin_list>
<pin id="381" dir="0" index="0" bw="7" slack="0"/>
<pin id="382" dir="1" index="1" bw="7" slack="0"/>
</pin_list>
<bind>
<opset="i_2 "/>
</bind>
</comp>

<comp id="387" class="1005" name="indvar_flatten_reg_387">
<pin_list>
<pin id="388" dir="0" index="0" bw="13" slack="0"/>
<pin id="389" dir="1" index="1" bw="13" slack="0"/>
</pin_list>
<bind>
<opset="indvar_flatten "/>
</bind>
</comp>

<comp id="394" class="1005" name="icmp_ln453_reg_394">
<pin_list>
<pin id="395" dir="0" index="0" bw="1" slack="1"/>
<pin id="396" dir="1" index="1" bw="1" slack="2147483647"/>
</pin_list>
<bind>
<opset="icmp_ln453 "/>
</bind>
</comp>

<comp id="398" class="1005" name="icmp_ln454_reg_398">
<pin_list>
<pin id="399" dir="0" index="0" bw="1" slack="1"/>
<pin id="400" dir="1" index="1" bw="1" slack="1"/>
</pin_list>
<bind>
<opset="icmp_ln454 "/>
</bind>
</comp>

<comp id="403" class="1005" name="trunc_ln454_reg_403">
<pin_list>
<pin id="404" dir="0" index="0" bw="2" slack="1"/>
<pin id="405" dir="1" index="1" bw="2" slack="2147483647"/>
</pin_list>
<bind>
<opset="trunc_ln454 "/>
</bind>
</comp>

<comp id="407" class="1005" name="lshr_ln2_reg_407">
<pin_list>
<pin id="408" dir="0" index="0" bw="4" slack="1"/>
<pin id="409" dir="1" index="1" bw="4" slack="1"/>
</pin_list>
<bind>
<opset="lshr_ln2 "/>
</bind>
</comp>

</comp_list>

<net_list>
<net id="79"><net_src comp="16" pin="0"/><net_sink comp="76" pin=0"/></net>

<net id="83"><net_src comp="16" pin="0"/><net_sink comp="80" pin=0"/></net>

<net id="87"><net_src comp="16" pin="0"/><net_sink comp="84" pin=0"/></net>

<net id="93"><net_src comp="0" pin="0"/><net_sink comp="88" pin=0"/></net>

<net id="94"><net_src comp="72" pin="0"/><net_sink comp="88" pin=1"/></net>

<net id="100"><net_src comp="2" pin="0"/><net_sink comp="95" pin=0"/></net>

<net id="101"><net_src comp="72" pin="0"/><net_sink comp="95" pin=1"/></net>

<net id="107"><net_src comp="4" pin="0"/><net_sink comp="102" pin=0"/></net>

<net id="108"><net_src comp="72" pin="0"/><net_sink comp="102" pin=1"/></net>

<net id="114"><net_src comp="6" pin="0"/><net_sink comp="109" pin=0"/></net>

<net id="115"><net_src comp="72" pin="0"/><net_sink comp="109" pin=1"/></net>

<net id="121"><net_src comp="8" pin="0"/><net_sink comp="116" pin=0"/></net>

<net id="122"><net_src comp="72" pin="0"/><net_sink comp="116" pin=1"/></net>

<net id="128"><net_src comp="10" pin="0"/><net_sink comp="123" pin=0"/></net>

<net id="129"><net_src comp="72" pin="0"/><net_sink comp="123" pin=1"/></net>

<net id="135"><net_src comp="12" pin="0"/><net_sink comp="130" pin=0"/></net>

<net id="136"><net_src comp="72" pin="0"/><net_sink comp="130" pin=1"/></net>

<net id="142"><net_src comp="14" pin="0"/><net_sink comp="137" pin=0"/></net>

<net id="143"><net_src comp="72" pin="0"/><net_sink comp="137" pin=1"/></net>

<net id="153"><net_src comp="74" pin="0"/><net_sink comp="144" pin=4"/></net>

<net id="154"><net_src comp="116" pin="3"/><net_sink comp="144" pin=2"/></net>

<net id="164"><net_src comp="74" pin="0"/><net_sink comp="155" pin=4"/></net>

<net id="165"><net_src comp="123" pin="3"/><net_sink comp="155" pin=2"/></net>

<net id="175"><net_src comp="74" pin="0"/><net_sink comp="166" pin=4"/></net>

<net id="176"><net_src comp="102" pin="3"/><net_sink comp="166" pin=2"/></net>

<net id="186"><net_src comp="74" pin="0"/><net_sink comp="177" pin=4"/></net>

<net id="187"><net_src comp="109" pin="3"/><net_sink comp="177" pin=2"/></net>

<net id="197"><net_src comp="74" pin="0"/><net_sink comp="188" pin=4"/></net>

<net id="198"><net_src comp="88" pin="3"/><net_sink comp="188" pin=2"/></net>

<net id="208"><net_src comp="74" pin="0"/><net_sink comp="199" pin=4"/></net>

<net id="209"><net_src comp="95" pin="3"/><net_sink comp="199" pin=2"/></net>

<net id="219"><net_src comp="74" pin="0"/><net_sink comp="210" pin=4"/></net>

<net id="220"><net_src comp="130" pin="3"/><net_sink comp="210" pin=2"/></net>

<net id="230"><net_src comp="74" pin="0"/><net_sink comp="221" pin=4"/></net>

<net id="231"><net_src comp="137" pin="3"/><net_sink comp="221" pin=2"/></net>

<net id="236"><net_src comp="28" pin="0"/><net_sink comp="232" pin=0"/></net>

<net id="241"><net_src comp="30" pin="0"/><net_sink comp="237" pin=0"/></net>

<net id="246"><net_src comp="30" pin="0"/><net_sink comp="242" pin=0"/></net>

<net id="254"><net_src comp="247" pin="1"/><net_sink comp="250" pin=0"/></net>

<net id="255"><net_src comp="32" pin="0"/><net_sink comp="250" pin=1"/></net>

<net id="260"><net_src comp="247" pin="1"/><net_sink comp="256" pin=0"/></net>

<net id="261"><net_src comp="34" pin="0"/><net_sink comp="256" pin=1"/></net>

<net id="266"><net_src comp="256" pin="2"/><net_sink comp="262" pin=0"/></net>

<net id="274"><net_src comp="267" pin="1"/><net_sink comp="270" pin=0"/></net>

<net id="275"><net_src comp="36" pin="0"/><net_sink comp="270" pin=1"/></net>

<net id="281"><net_src comp="270" pin="2"/><net_sink comp="276" pin=0"/></net>

<net id="282"><net_src comp="30" pin="0"/><net_sink comp="276" pin=1"/></net>

<net id="283"><net_src comp="267" pin="1"/><net_sink comp="276" pin=2"/></net>

<net id="287"><net_src comp="276" pin="3"/><net_sink comp="284" pin=0"/></net>

<net id="294"><net_src comp="38" pin="0"/><net_sink comp="288" pin=0"/></net>

<net id="295"><net_src comp="276" pin="3"/><net_sink comp="288" pin=1"/></net>

<net id="296"><net_src comp="40" pin="0"/><net_sink comp="288" pin=2"/></net>

<net id="297"><net_src comp="42" pin="0"/><net_sink comp="288" pin=3"/></net>

<net id="304"><net_src comp="284" pin="1"/><net_sink comp="298" pin=0"/></net>

<net id="305"><net_src comp="44" pin="0"/><net_sink comp="298" pin=1"/></net>

<net id="306"><net_src comp="46" pin="0"/><net_sink comp="298" pin=2"/></net>

<net id="307"><net_src comp="48" pin="0"/><net_sink comp="298" pin=3"/></net>

<net id="312"><net_src comp="276" pin="3"/><net_sink comp="308" pin=0"/></net>

<net id="313"><net_src comp="50" pin="0"/><net_sink comp="308" pin=1"/></net>

<net id="318"><net_src comp="308" pin="2"/><net_sink comp="314" pin=0"/></net>

<net id="326"><net_src comp="319" pin="1"/><net_sink comp="322" pin=0"/></net>

<net id="327"><net_src comp="50" pin="0"/><net_sink comp="322" pin=1"/></net>

<net id="333"><net_src comp="322" pin="2"/><net_sink comp="328" pin=1"/></net>

<net id="334"><net_src comp="319" pin="1"/><net_sink comp="328" pin=2"/></net>

<net id="338"><net_src comp="328" pin="3"/><net_sink comp="335" pin=0"/></net>

<net id="345"><net_src comp="68" pin="0"/><net_sink comp="339" pin=0"/></net>

<net id="346"><net_src comp="328" pin="3"/><net_sink comp="339" pin=1"/></net>

<net id="347"><net_src comp="16" pin="0"/><net_sink comp="339" pin=2"/></net>

<net id="348"><net_src comp="42" pin="0"/><net_sink comp="339" pin=3"/></net>

<net id="354"><net_src comp="70" pin="0"/><net_sink comp="349" pin=0"/></net>

<net id="355"><net_src comp="339" pin="4"/><net_sink comp="349" pin=1"/></net>

<net id="359"><net_src comp="349" pin="3"/><net_sink comp="356" pin=0"/></net>

<net id="360"><net_src comp="356" pin="1"/><net_sink comp="88" pin=2"/></net>

<net id="361"><net_src comp="356" pin="1"/><net_sink comp="95" pin=2"/></net>

<net id="362"><net_src comp="356" pin="1"/><net_sink comp="102" pin=2"/></net>

<net id="363"><net_src comp="356" pin="1"/><net_sink comp="109" pin=2"/></net>

<net id="364"><net_src comp="356" pin="1"/><net_sink comp="116" pin=2"/></net>

<net id="365"><net_src comp="356" pin="1"/><net_sink comp="123" pin=2"/></net>

<net id="366"><net_src comp="356" pin="1"/><net_sink comp="130" pin=2"/></net>

<net id="367"><net_src comp="356" pin="1"/><net_sink comp="137" pin=2"/></net>

<net id="372"><net_src comp="328" pin="3"/><net_sink comp="368" pin=0"/></net>

<net id="376"><net_src comp="76" pin="1"/><net_sink comp="373" pin=0"/></net>

<net id="377"><net_src comp="373" pin="1"/><net_sink comp="242" pin=1"/></net>

<net id="378"><net_src comp="373" pin="1"/><net_sink comp="267" pin=0"/></net>

<net id="379"><net_src comp="373" pin="1"/><net_sink comp="314" pin=1"/></net>

<net id="383"><net_src comp="80" pin="1"/><net_sink comp="380" pin=0"/></net>

<net id="384"><net_src comp="380" pin="1"/><net_sink comp="237" pin=1"/></net>

<net id="385"><net_src comp="380" pin="1"/><net_sink comp="319" pin=0"/></net>

<net id="386"><net_src comp="380" pin="1"/><net_sink comp="368" pin=1"/></net>

<net id="390"><net_src comp="84" pin="1"/><net_sink comp="387" pin=0"/></net>

<net id="391"><net_src comp="387" pin="1"/><net_sink comp="232" pin=1"/></net>

<net id="392"><net_src comp="387" pin="1"/><net_sink comp="247" pin=0"/></net>

<net id="393"><net_src comp="387" pin="1"/><net_sink comp="262" pin=1"/></net>

<net id="397"><net_src comp="250" pin="2"/><net_sink comp="394" pin=0"/></net>

<net id="401"><net_src comp="270" pin="2"/><net_sink comp="398" pin=0"/></net>

<net id="402"><net_src comp="398" pin="1"/><net_sink comp="328" pin=0"/></net>

<net id="406"><net_src comp="284" pin="1"/><net_sink comp="403" pin=0"/></net>

<net id="410"><net_src comp="288" pin="4"/><net_sink comp="407" pin=0"/></net>

<net id="411"><net_src comp="407" pin="1"/><net_sink comp="349" pin=2"/></net>

</net_list>

</model> 
---------------- Datapath Model END ------------------

* FSMD analyzer results:
  - Output states:
	Port: p_ZL13weight_memory_0_0 | {3 }
	Port: p_ZL13weight_memory_0_1 | {3 }
	Port: p_ZL13weight_memory_1_0 | {3 }
	Port: p_ZL13weight_memory_1_1 | {3 }
	Port: p_ZL13weight_memory_2_0 | {3 }
	Port: p_ZL13weight_memory_2_1 | {3 }
	Port: p_ZL13weight_memory_3_0 | {3 }
	Port: p_ZL13weight_memory_3_1 | {3 }
 - Input state : 
  - Chain level:
	State 1
		store_ln0 : 1
		store_ln453 : 1
		store_ln454 : 1
		indvar_flatten_load : 1
		icmp_ln453 : 2
		add_ln453_1 : 2
		br_ln453 : 3
		store_ln453 : 3
	State 2
		icmp_ln454 : 1
		select_ln453 : 2
		trunc_ln454 : 3
		lshr_ln2 : 3
		switch_ln456 : 4
		add_ln454 : 3
		store_ln454 : 4
	State 3
		add_ln453 : 1
		select_ln453_1 : 2
		trunc_ln453 : 3
		tmp_1 : 3
		tmp_2 : 4
		zext_ln456 : 5
		p_ZL13weight_memory_0_0_addr : 6
		p_ZL13weight_memory_0_1_addr : 6
		p_ZL13weight_memory_1_0_addr : 6
		p_ZL13weight_memory_1_1_addr : 6
		p_ZL13weight_memory_2_0_addr : 6
		p_ZL13weight_memory_2_1_addr : 6
		p_ZL13weight_memory_3_0_addr : 6
		p_ZL13weight_memory_3_1_addr : 6
		br_ln456 : 4
		store_ln456 : 7
		store_ln456 : 7
		br_ln456 : 4
		store_ln456 : 7
		store_ln456 : 7
		br_ln456 : 4
		store_ln456 : 7
		store_ln456 : 7
		br_ln456 : 4
		store_ln456 : 7
		store_ln456 : 7
		store_ln453 : 3


============================================================
+ Verbose Summary: Datapath Resource usage 
============================================================

* Functional unit list:
|----------|-----------------------|---------|---------|
| Operation|    Functional Unit    |    FF   |   LUT   |
|----------|-----------------------|---------|---------|
|          |   add_ln453_1_fu_256  |    0    |    14   |
|    add   |    add_ln454_fu_308   |    0    |    14   |
|          |    add_ln453_fu_322   |    0    |    14   |
|----------|-----------------------|---------|---------|
|   icmp   |   icmp_ln453_fu_250   |    0    |    14   |
|          |   icmp_ln454_fu_270   |    0    |    14   |
|----------|-----------------------|---------|---------|
|  select  |  select_ln453_fu_276  |    0    |    7    |
|          | select_ln453_1_fu_328 |    0    |    7    |
|----------|-----------------------|---------|---------|
|   trunc  |   trunc_ln454_fu_284  |    0    |    0    |
|          |   trunc_ln453_fu_335  |    0    |    0    |
|----------|-----------------------|---------|---------|
|partselect|    lshr_ln2_fu_288    |    0    |    0    |
|          |      tmp_1_fu_339     |    0    |    0    |
|----------|-----------------------|---------|---------|
|  switch  |  switch_ln456_fu_298  |    0    |    0    |
|----------|-----------------------|---------|---------|
|bitconcatenate|      tmp_2_fu_349     |    0    |    0    |
|----------|-----------------------|---------|---------|
|   zext   |   zext_ln456_fu_356   |    0    |    0    |
|----------|-----------------------|---------|---------|
|   Total  |                       |    0    |    84   |
|----------|-----------------------|---------|---------|

Memories:
N/A

* Register list:
+----------------------+--------+
|                      |   FF   |
+----------------------+--------+
|      i_2_reg_380     |    7   |
|  icmp_ln453_reg_394  |    1   |
|  icmp_ln454_reg_398  |    1   |
|indvar_flatten_reg_387|   13   |
|       j_reg_373      |    7   |
|   lshr_ln2_reg_407   |    4   |
|  trunc_ln454_reg_403 |    2   |
+----------------------+--------+
|         Total        |   35   |
+----------------------+--------+

* Multiplexer (MUX) list: 
|--------|------|------|------|--------|
|  Comp  |  Pin | Size |  BW  | S x BW |
|--------|------|------|------|--------|
|  Total |      |      |      |    0   |
|--------|------|------|------|--------|



* Summary:
+-----------+--------+--------+
|           |   FF   |   LUT  |
+-----------+--------+--------+
|  Function |    0   |   84   |
|   Memory  |    -   |    -   |
|Multiplexer|    -   |    -   |
|  Register |   35   |    -   |
+-----------+--------+--------+
|   Total   |   35   |   84   |
+-----------+--------+--------+
