

================================================================
== Vitis HLS Report for 'apply_reward_signal_Pipeline_REWARD_OUTER_REWARD_INNER'
================================================================
* Date:           Mon Dec  8 20:06:24 2025

* Version:        2025.2 (Build 6295257 on Nov 14 2025)
* Project:        hls_output
* Solution:       hls (Vivado IP Flow Target)
* Product family: zynq
* Target device:  xc7z020-clg400-1


================================================================
== Performance Estimates
================================================================
+ Timing: 
    * Summary: 
    +--------+----------+----------+------------+
    |  Clock |  Target  | Estimated| Uncertainty|
    +--------+----------+----------+------------+
    |ap_clk  |  10.00 ns|  7.158 ns|     2.70 ns|
    +--------+----------+----------+------------+

+ Latency: 
    * Summary: 
    +---------+---------+-----------+-----------+-----+-----+-------------------+
    |  Latency (cycles) |   Latency (absolute)  |  Interval |      Pipeline     |
    |   min   |   max   |    min    |    max    | min | max |        Type       |
    +---------+---------+-----------+-----------+-----+-----+-------------------+
    |     4103|     4103|  41.030 us|  41.030 us|    0|    0|  loop pipeline stp|
    +---------+---------+-----------+-----------+-----+-----+-------------------+

    + Detail: 
        * Instance: 
        N/A

        * Loop: 
        +-----------------------------+---------+---------+----------+-----------+-----------+------+----------+
        |                             |  Latency (cycles) | Iteration|  Initiation Interval  | Trip |          |
        |          Loop Name          |   min   |   max   |  Latency |  achieved |   target  | Count| Pipelined|
        +-----------------------------+---------+---------+----------+-----------+-----------+------+----------+
        |- REWARD_OUTER_REWARD_INNER  |     4101|     4101|         7|          1|          1|  4096|       yes|
        +-----------------------------+---------+---------+----------+-----------+-----------+------+----------+



================================================================
== Utilization Estimates
================================================================
* Summary: 
+-----------------+---------+-----+--------+-------+-----+
|       Name      | BRAM_18K| DSP |   FF   |  LUT  | URAM|
+-----------------+---------+-----+--------+-------+-----+
|DSP              |        -|    -|       -|      -|    -|
|Expression       |        -|    -|       0|    278|    -|
|FIFO             |        -|    -|       -|      -|    -|
|Instance         |        -|    3|       0|    111|    -|
|Memory           |        -|    -|       -|      -|    -|
|Multiplexer      |        -|    -|       0|     54|    -|
|Register         |        -|    -|     982|    320|    -|
+-----------------+---------+-----+--------+-------+-----+
|Total            |        0|    3|     982|    763|    0|
+-----------------+---------+-----+--------+-------+-----+
|Available        |      280|  220|  106400|  53200|    0|
+-----------------+---------+-----+--------+-------+-----+
|Utilization (%)  |        0|    1|      ~0|      1|    0|
+-----------------+---------+-----+--------+-------+-----+

+ Detail: 
    * Instance: 
    +---------------------------+----------------------+---------+----+---+----+-----+
    |          Instance         |        Module        | BRAM_18K| DSP| FF| LUT| URAM|
    +---------------------------+----------------------+---------+----+---+----+-----+
    |mul_16s_10s_26_1_1_U224    |mul_16s_10s_26_1_1    |        0|   1|  0|   6|    0|
    |mul_26s_16s_40_1_1_U222    |mul_26s_16s_40_1_1    |        0|   2|  0|  43|    0|
    |sparsemux_17_3_8_1_1_U225  |sparsemux_17_3_8_1_1  |        0|   0|  0|  42|    0|
    |sparsemux_9_2_16_1_1_U223  |sparsemux_9_2_16_1_1  |        0|   0|  0|  20|    0|
    +---------------------------+----------------------+---------+----+---+----+-----+
    |Total                      |                      |        0|   3|  0| 111|    0|
    +---------------------------+----------------------+---------+----+---+----+-----+

    * DSP: 
    N/A

    * Memory: 
    N/A

    * FIFO: 
    N/A

    * Expression: 
    +--------------------------+----------+----+---+----+------------+------------+
    |       Variable Name      | Operation| DSP| FF| LUT| Bitwidth P0| Bitwidth P1|
    +--------------------------+----------+----+---+----+------------+------------+
    |add_ln223_1_fu_400_p2     |         +|   0|  0|  14|          13|           1|
    |add_ln223_fu_417_p2       |         +|   0|  0|  14|           7|           1|
    |add_ln224_fu_493_p2       |         +|   0|  0|  14|           7|           1|
    |add_ln230_fu_662_p2       |         +|   0|  0|  23|          16|           1|
    |w_fu_684_p2               |         +|   0|  0|  23|          16|          16|
    |icmp_ln223_fu_394_p2      |      icmp|   0|  0|  17|          13|          14|
    |icmp_ln224_fu_423_p2      |      icmp|   0|  0|  15|           7|           8|
    |icmp_ln228_fu_532_p2      |      icmp|   0|  0|  23|          16|           1|
    |icmp_ln230_fu_656_p2      |      icmp|   0|  0|  31|          24|           1|
    |icmp_ln70_fu_700_p2       |      icmp|   0|  0|  14|           9|           1|
    |icmp_ln71_fu_706_p2       |      icmp|   0|  0|  23|          16|           9|
    |or_ln70_fu_721_p2         |        or|   0|  0|   2|           1|           1|
    |delta_fu_674_p3           |    select|   0|  0|  16|           1|          16|
    |select_ln223_1_fu_437_p3  |    select|   0|  0|   7|           1|           7|
    |select_ln223_fu_429_p3    |    select|   0|  0|   7|           1|           1|
    |select_ln230_fu_667_p3    |    select|   0|  0|  16|           1|          16|
    |select_ln70_2_fu_714_p3   |    select|   0|  0|   9|           1|           7|
    |select_ln70_fu_726_p3     |    select|   0|  0|   8|           1|           8|
    |ap_enable_pp0             |       xor|   0|  0|   2|           1|           2|
    +--------------------------+----------+----+---+----+------------+------------+
    |Total                     |          |   0|  0| 278|         152|         112|
    +--------------------------+----------+----+---+----+------------+------------+

    * Multiplexer: 
    +--------------------------------------+----+-----------+-----+-----------+
    |                 Name                 | LUT| Input Size| Bits| Total Bits|
    +--------------------------------------+----+-----------+-----+-----------+
    |ap_done_int                           |   9|          2|    1|          2|
    |ap_enable_reg_pp0_iter1               |   9|          2|    1|          2|
    |ap_sig_allocacmp_indvar_flatten_load  |   9|          2|   13|         26|
    |i_fu_156                              |   9|          2|    7|         14|
    |indvar_flatten_fu_160                 |   9|          2|   13|         26|
    |j_fu_152                              |   9|          2|    7|         14|
    +--------------------------------------+----+-----------+-----+-----------+
    |Total                                 |  54|         12|   42|         84|
    +--------------------------------------+----+-----------+-----+-----------+

    * Register: 
    +------------------------------------+----+----+-----+-----------+
    |                Name                | FF | LUT| Bits| Const Bits|
    +------------------------------------+----+----+-----+-----------+
    |ap_CS_fsm                           |   1|   0|    1|          0|
    |ap_done_reg                         |   1|   0|    1|          0|
    |ap_enable_reg_pp0_iter1             |   1|   0|    1|          0|
    |ap_enable_reg_pp0_iter2             |   1|   0|    1|          0|
    |ap_enable_reg_pp0_iter3             |   1|   0|    1|          0|
    |ap_enable_reg_pp0_iter4             |   1|   0|    1|          0|
    |ap_enable_reg_pp0_iter5             |   1|   0|    1|          0|
    |ap_enable_reg_pp0_iter6             |   1|   0|    1|          0|
    |ap_loop_exit_ready_pp0_iter1_reg    |   1|   0|    1|          0|
    |ap_loop_exit_ready_pp0_iter2_reg    |   1|   0|    1|          0|
    |ap_loop_exit_ready_pp0_iter3_reg    |   1|   0|    1|          0|
    |ap_loop_exit_ready_pp0_iter4_reg    |   1|   0|    1|          0|
    |ap_loop_exit_ready_pp0_iter5_reg    |   1|   0|    1|          0|
    |current_reg_880                     |   8|   0|    8|          0|
    |i_fu_156                            |   7|   0|    7|          0|
    |icmp_ln228_reg_823                  |   1|   0|    1|          0|
    |icmp_ln70_reg_908                   |   1|   0|    1|          0|
    |indvar_flatten_fu_160               |  13|   0|   13|          0|
    |j_fu_152                            |   7|   0|    7|          0|
    |lshr_ln_reg_793                     |   3|   0|    3|          0|
    |lshr_ln_reg_793_pp0_iter2_reg       |   3|   0|    3|          0|
    |mul_ln230_1_reg_885                 |  40|   0|   40|          0|
    |mul_ln230_reg_875                   |  26|   0|   26|          0|
    |p_ZL13weight_memory_0_addr_reg_827  |   9|   0|    9|          0|
    |p_ZL13weight_memory_1_addr_reg_833  |   9|   0|    9|          0|
    |p_ZL13weight_memory_2_addr_reg_839  |   9|   0|    9|          0|
    |p_ZL13weight_memory_3_addr_reg_845  |   9|   0|    9|          0|
    |p_ZL13weight_memory_4_addr_reg_851  |   9|   0|    9|          0|
    |p_ZL13weight_memory_5_addr_reg_857  |   9|   0|    9|          0|
    |p_ZL13weight_memory_6_addr_reg_863  |   9|   0|    9|          0|
    |p_ZL13weight_memory_7_addr_reg_869  |   9|   0|    9|          0|
    |sext_ln223_cast_reg_763             |  40|   0|   40|          0|
    |sext_ln230_cast_reg_768             |  26|   0|   26|          0|
    |tmp_154_cast_reg_890                |  16|   0|   16|          0|
    |trace_reg_818                       |  16|   0|   16|          0|
    |trunc_ln224_1_reg_782               |   2|   0|    2|          0|
    |trunc_ln224_2_reg_787               |   3|   0|    3|          0|
    |trunc_ln224_reg_777                 |   6|   0|    6|          0|
    |trunc_ln224_reg_777_pp0_iter2_reg   |   6|   0|    6|          0|
    |trunc_ln230_reg_897                 |  17|   0|   17|          0|
    |w_reg_902                           |  16|   0|   16|          0|
    |icmp_ln228_reg_823                  |  64|  32|    1|          0|
    |p_ZL13weight_memory_0_addr_reg_827  |  64|  32|    9|          0|
    |p_ZL13weight_memory_1_addr_reg_833  |  64|  32|    9|          0|
    |p_ZL13weight_memory_2_addr_reg_839  |  64|  32|    9|          0|
    |p_ZL13weight_memory_3_addr_reg_845  |  64|  32|    9|          0|
    |p_ZL13weight_memory_4_addr_reg_851  |  64|  32|    9|          0|
    |p_ZL13weight_memory_5_addr_reg_857  |  64|  32|    9|          0|
    |p_ZL13weight_memory_6_addr_reg_863  |  64|  32|    9|          0|
    |p_ZL13weight_memory_7_addr_reg_869  |  64|  32|    9|          0|
    |trunc_ln224_2_reg_787               |  64|  32|    3|          0|
    +------------------------------------+----+----+-----+-----------+
    |Total                               | 982| 320|  418|          0|
    +------------------------------------+----+----+-----+-----------+



================================================================
== Interface
================================================================
* Summary: 
+-------------------------------------+-----+-----+------------+--------------------------------------------------------+--------------+
|              RTL Ports              | Dir | Bits|  Protocol  |                      Source Object                     |    C Type    |
+-------------------------------------+-----+-----+------------+--------------------------------------------------------+--------------+
|ap_clk                               |   in|    1|  ap_ctrl_hs|  apply_reward_signal_Pipeline_REWARD_OUTER_REWARD_INNER|  return value|
|ap_rst                               |   in|    1|  ap_ctrl_hs|  apply_reward_signal_Pipeline_REWARD_OUTER_REWARD_INNER|  return value|
|ap_start                             |   in|    1|  ap_ctrl_hs|  apply_reward_signal_Pipeline_REWARD_OUTER_REWARD_INNER|  return value|
|ap_done                              |  out|    1|  ap_ctrl_hs|  apply_reward_signal_Pipeline_REWARD_OUTER_REWARD_INNER|  return value|
|ap_idle                              |  out|    1|  ap_ctrl_hs|  apply_reward_signal_Pipeline_REWARD_OUTER_REWARD_INNER|  return value|
|ap_ready                             |  out|    1|  ap_ctrl_hs|  apply_reward_signal_Pipeline_REWARD_OUTER_REWARD_INNER|  return value|
|sext_ln230                           |   in|   10|     ap_none|                                              sext_ln230|        scalar|
|sext_ln223                           |   in|   16|     ap_none|                                              sext_ln223|        scalar|
|p_ZL18eligibility_traces_0_address0  |  out|   10|   ap_memory|                              p_ZL18eligibility_traces_0|         array|
|p_ZL18eligibility_traces_0_ce0       |  out|    1|   ap_memory|                              p_ZL18eligibility_traces_0|         array|
|p_ZL18eligibility_traces_0_q0        |   in|   16|   ap_memory|                              p_ZL18eligibility_traces_0|         array|
|p_ZL18eligibility_traces_1_address0  |  out|   10|   ap_memory|                              p_ZL18eligibility_traces_1|         array|
|p_ZL18eligibility_traces_1_ce0       |  out|    1|   ap_memory|                              p_ZL18eligibility_traces_1|         array|
|p_ZL18eligibility_traces_1_q0        |   in|   16|   ap_memory|                              p_ZL18eligibility_traces_1|         array|
|p_ZL18eligibility_traces_2_address0  |  out|   10|   ap_memory|                              p_ZL18eligibility_traces_2|         array|
|p_ZL18eligibility_traces_2_ce0       |  out|    1|   ap_memory|                              p_ZL18eligibility_traces_2|         array|
|p_ZL18eligibility_traces_2_q0        |   in|   16|   ap_memory|                              p_ZL18eligibility_traces_2|         array|
|p_ZL18eligibility_traces_3_address0  |  out|   10|   ap_memory|                              p_ZL18eligibility_traces_3|         array|
|p_ZL18eligibility_traces_3_ce0       |  out|    1|   ap_memory|                              p_ZL18eligibility_traces_3|         array|
|p_ZL18eligibility_traces_3_q0        |   in|   16|   ap_memory|                              p_ZL18eligibility_traces_3|         array|
|p_ZL13weight_memory_0_address0       |  out|    9|   ap_memory|                                   p_ZL13weight_memory_0|         array|
|p_ZL13weight_memory_0_ce0            |  out|    1|   ap_memory|                                   p_ZL13weight_memory_0|         array|
|p_ZL13weight_memory_0_q0             |   in|    8|   ap_memory|                                   p_ZL13weight_memory_0|         array|
|p_ZL13weight_memory_0_address1       |  out|    9|   ap_memory|                                   p_ZL13weight_memory_0|         array|
|p_ZL13weight_memory_0_ce1            |  out|    1|   ap_memory|                                   p_ZL13weight_memory_0|         array|
|p_ZL13weight_memory_0_we1            |  out|    1|   ap_memory|                                   p_ZL13weight_memory_0|         array|
|p_ZL13weight_memory_0_d1             |  out|    8|   ap_memory|                                   p_ZL13weight_memory_0|         array|
|p_ZL13weight_memory_1_address0       |  out|    9|   ap_memory|                                   p_ZL13weight_memory_1|         array|
|p_ZL13weight_memory_1_ce0            |  out|    1|   ap_memory|                                   p_ZL13weight_memory_1|         array|
|p_ZL13weight_memory_1_q0             |   in|    8|   ap_memory|                                   p_ZL13weight_memory_1|         array|
|p_ZL13weight_memory_1_address1       |  out|    9|   ap_memory|                                   p_ZL13weight_memory_1|         array|
|p_ZL13weight_memory_1_ce1            |  out|    1|   ap_memory|                                   p_ZL13weight_memory_1|         array|
|p_ZL13weight_memory_1_we1            |  out|    1|   ap_memory|                                   p_ZL13weight_memory_1|         array|
|p_ZL13weight_memory_1_d1             |  out|    8|   ap_memory|                                   p_ZL13weight_memory_1|         array|
|p_ZL13weight_memory_2_address0       |  out|    9|   ap_memory|                                   p_ZL13weight_memory_2|         array|
|p_ZL13weight_memory_2_ce0            |  out|    1|   ap_memory|                                   p_ZL13weight_memory_2|         array|
|p_ZL13weight_memory_2_q0             |   in|    8|   ap_memory|                                   p_ZL13weight_memory_2|         array|
|p_ZL13weight_memory_2_address1       |  out|    9|   ap_memory|                                   p_ZL13weight_memory_2|         array|
|p_ZL13weight_memory_2_ce1            |  out|    1|   ap_memory|                                   p_ZL13weight_memory_2|         array|
|p_ZL13weight_memory_2_we1            |  out|    1|   ap_memory|                                   p_ZL13weight_memory_2|         array|
|p_ZL13weight_memory_2_d1             |  out|    8|   ap_memory|                                   p_ZL13weight_memory_2|         array|
|p_ZL13weight_memory_3_address0       |  out|    9|   ap_memory|                                   p_ZL13weight_memory_3|         array|
|p_ZL13weight_memory_3_ce0            |  out|    1|   ap_memory|                                   p_ZL13weight_memory_3|         array|
|p_ZL13weight_memory_3_q0             |   in|    8|   ap_memory|                                   p_ZL13weight_memory_3|         array|
|p_ZL13weight_memory_3_address1       |  out|    9|   ap_memory|                                   p_ZL13weight_memory_3|         array|
|p_ZL13weight_memory_3_ce1            |  out|    1|   ap_memory|                                   p_ZL13weight_memory_3|         array|
|p_ZL13weight_memory_3_we1            |  out|    1|   ap_memory|                                   p_ZL13weight_memory_3|         array|
|p_ZL13weight_memory_3_d1             |  out|    8|   ap_memory|                                   p_ZL13weight_memory_3|         array|
|p_ZL13weight_memory_4_address0       |  out|    9|   ap_memory|                                   p_ZL13weight_memory_4|         array|
|p_ZL13weight_memory_4_ce0            |  out|    1|   ap_memory|                                   p_ZL13weight_memory_4|         array|
|p_ZL13weight_memory_4_q0             |   in|    8|   ap_memory|                                   p_ZL13weight_memory_4|         array|
|p_ZL13weight_memory_4_address1       |  out|    9|   ap_memory|                                   p_ZL13weight_memory_4|         array|
|p_ZL13weight_memory_4_ce1            |  out|    1|   ap_memory|                                   p_ZL13weight_memory_4|         array|
|p_ZL13weight_memory_4_we1            |  out|    1|   ap_memory|                                   p_ZL13weight_memory_4|         array|
|p_ZL13weight_memory_4_d1             |  out|    8|   ap_memory|                                   p_ZL13weight_memory_4|         array|
|p_ZL13weight_memory_5_address0       |  out|    9|   ap_memory|                                   p_ZL13weight_memory_5|         array|
|p_ZL13weight_memory_5_ce0            |  out|    1|   ap_memory|                                   p_ZL13weight_memory_5|         array|
|p_ZL13weight_memory_5_q0             |   in|    8|   ap_memory|                                   p_ZL13weight_memory_5|         array|
|p_ZL13weight_memory_5_address1       |  out|    9|   ap_memory|                                   p_ZL13weight_memory_5|         array|
|p_ZL13weight_memory_5_ce1            |  out|    1|   ap_memory|                                   p_ZL13weight_memory_5|         array|
|p_ZL13weight_memory_5_we1            |  out|    1|   ap_memory|                                   p_ZL13weight_memory_5|         array|
|p_ZL13weight_memory_5_d1             |  out|    8|   ap_memory|                                   p_ZL13weight_memory_5|         array|
|p_ZL13weight_memory_6_address0       |  out|    9|   ap_memory|                                   p_ZL13weight_memory_6|         array|
|p_ZL13weight_memory_6_ce0            |  out|    1|   ap_memory|                                   p_ZL13weight_memory_6|         array|
|p_ZL13weight_memory_6_q0             |   in|    8|   ap_memory|                                   p_ZL13weight_memory_6|         array|
|p_ZL13weight_memory_6_address1       |  out|    9|   ap_memory|                                   p_ZL13weight_memory_6|         array|
|p_ZL13weight_memory_6_ce1            |  out|    1|   ap_memory|                                   p_ZL13weight_memory_6|         array|
|p_ZL13weight_memory_6_we1            |  out|    1|   ap_memory|                                   p_ZL13weight_memory_6|         array|
|p_ZL13weight_memory_6_d1             |  out|    8|   ap_memory|                                   p_ZL13weight_memory_6|         array|
|p_ZL13weight_memory_7_address0       |  out|    9|   ap_memory|                                   p_ZL13weight_memory_7|         array|
|p_ZL13weight_memory_7_ce0            |  out|    1|   ap_memory|                                   p_ZL13weight_memory_7|         array|
|p_ZL13weight_memory_7_q0             |   in|    8|   ap_memory|                                   p_ZL13weight_memory_7|         array|
|p_ZL13weight_memory_7_address1       |  out|    9|   ap_memory|                                   p_ZL13weight_memory_7|         array|
|p_ZL13weight_memory_7_ce1            |  out|    1|   ap_memory|                                   p_ZL13weight_memory_7|         array|
|p_ZL13weight_memory_7_we1            |  out|    1|   ap_memory|                                   p_ZL13weight_memory_7|         array|
|p_ZL13weight_memory_7_d1             |  out|    8|   ap_memory|                                   p_ZL13weight_memory_7|         array|
+-------------------------------------+-----+-----+------------+--------------------------------------------------------+--------------+

