

================================================================
== Synthesis Summary Report of 'snn_top_hls'
================================================================
+ General Information: 
    * Date:           Mon Dec  8 23:23:09 2025
    * Version:        2025.2 (Build 6295257 on Nov 14 2025)
    * Project:        hls_output
    * Solution:       hls (Vivado IP Flow Target)
    * Product family: zynq
    * Target device:  xc7z020-clg400-1
    

* Performance & Resource Estimates: 
+-------------------------------------------------------------+------+-------------------+----------+------------+-------+----------+------------+-----------+------+-----------+----------+-------------+-------------+-----+
|                           Modules                           | Issue|                   | Iteration|            |  Trip |          |         Latency        |      |           |          |             |             |     |
|                           & Loops                           | Type |   Violation Type  |  Latency |  Interval  | Count | Pipelined|  (cycles)  |    (ns)   | Slack|   BRAM    |    DSP   |      FF     |     LUT     | URAM|
+-------------------------------------------------------------+------+-------------------+----------+------------+-------+----------+------------+-----------+------+-----------+----------+-------------+-------------+-----+
|+ snn_top_hls                                                |     -|                  -|         -|  2374859327|      -|        no|  2374859326|  2.375e+10|  0.06|  108 (38%)|  24 (10%)|  18795 (17%)|  31639 (59%)|    -|
| + encoder_reset_temporal_state                              |     -|                  -|         -|           -|      -|       yes|         786|  7.860e+03|  0.73|          -|         -|     12 (~0%)|     53 (~0%)|    -|
|  o VITIS_LOOP_47_1                                          |     -|                  -|         1|           1|    784|       yes|         784|  7.840e+03|  7.30|          -|         -|            -|            -|    -|
| + snn_top_hls_Pipeline_RESET_ELIG                           |     -|                  -|         -|           -|      -|       yes|         258|  2.580e+03|  0.63|          -|         -|     11 (~0%)|     54 (~0%)|    -|
|  o RESET_ELIG                                               |     -|                  -|         1|           1|    256|       yes|         256|  2.560e+03|  7.30|          -|         -|            -|            -|    -|
| + snn_top_hls_Pipeline_RESET_TRACES                         |     -|                  -|         -|           -|      -|       yes|         258|  2.580e+03|  0.63|          -|         -|     11 (~0%)|     54 (~0%)|    -|
|  o RESET_TRACES                                             |     -|                  -|         1|           1|    256|       yes|         256|  2.560e+03|  7.30|          -|         -|            -|            -|    -|
| + snn_top_hls_Pipeline_RESET_ENCODER                        |     -|                  -|         -|           -|      -|       yes|         786|  7.860e+03|  0.73|          -|         -|     12 (~0%)|     53 (~0%)|    -|
|  o RESET_ENCODER                                            |     -|                  -|         1|           1|    784|       yes|         784|  7.840e+03|  7.30|          -|         -|            -|            -|    -|
| + snn_top_hls_Pipeline_INIT_WEIGHT_OUTER_INIT_WEIGHT_INNER  |     -|                  -|         -|           -|      -|       yes|       65539|  6.554e+05|  1.10|          -|         -|     49 (~0%)|    164 (~0%)|    -|
|  o INIT_WEIGHT_OUTER_INIT_WEIGHT_INNER                      |     -|                  -|         3|           1|  65536|       yes|       65537|  6.554e+05|  7.30|          -|         -|            -|            -|    -|
| + snn_top_hls_Pipeline_WEIGHT_SUM                           |     -|                  -|         -|           -|      -|       yes|          11|    110.000|  0.35|          -|         -|     61 (~0%)|    248 (~0%)|    -|
|  o WEIGHT_SUM                                               |     -|                  -|         3|           1|      8|       yes|           9|     90.000|  7.30|          -|         -|            -|            -|    -|
| o TIME_LOOP                                                 |     -|                  -|     36237|           -|  65535|        no|  2374791795|  2.375e+10|  7.30|          -|         -|            -|            -|    -|
|  + run_encoder_once                                         |     -|                  -|         -|         826|      -|        no|         826|  8.260e+03|  0.73|          -|  24 (10%)|    8454 (7%)|   7548 (14%)|    -|
|   + run_encoder_once_Pipeline_ENCODER_LOOP                  |     -|                  -|         -|           -|      -|       yes|         825|  8.250e+03|  0.73|          -|  24 (10%)|    8419 (7%)|   7523 (14%)|    -|
|    o ENCODER_LOOP                                           |    II|  Memory Dependency|        48|           8|     98|       yes|         823|  8.230e+03|  7.30|          -|         -|            -|            -|    -|
|  + process_pre_spike_aer                                    |     -|                  -|         -|         142|      -|        no|         142|  1.420e+03|  0.06|          -|         -|    626 (~0%)|    1111 (2%)|    -|
|   + process_pre_spike_aer_Pipeline_LTD_LOOP                 |     -|                  -|         -|           -|      -|       yes|         135|  1.350e+03|  0.81|          -|         -|    492 (~0%)|     856 (1%)|    -|
|    o LTD_LOOP                                               |     -|                  -|         8|           2|     64|       yes|         133|  1.330e+03|  7.30|          -|         -|            -|            -|    -|
|  + process_post_spike_aer                                   |     -|                  -|         -|         142|      -|        no|         142|  1.420e+03|  0.06|          -|         -|    664 (~0%)|    1535 (2%)|    -|
|   + process_post_spike_aer_Pipeline_LTP_LOOP                |     -|                  -|         -|           -|      -|       yes|         135|  1.350e+03|  0.30|          -|         -|    523 (~0%)|    1280 (2%)|    -|
|    o LTP_LOOP                                               |     -|                  -|         8|           2|     64|       yes|         133|  1.330e+03|  7.30|          -|         -|            -|            -|    -|
|  + apply_rstdp_reward                                       |     -|                  -|         -|       35074|      -|        no|       35074|  3.507e+05|  0.44|          -|         -|    440 (~0%)|    1061 (1%)|    -|
|   o RSTDP_OUTER                                             |     -|                  -|       137|           -|    256|        no|       35072|  3.507e+05|  7.30|          -|         -|            -|            -|    -|
|    + apply_rstdp_reward_Pipeline_RSTDP_INNER                |     -|                  -|         -|           -|      -|       yes|         133|  1.330e+03|  0.44|          -|         -|    390 (~0%)|     810 (1%)|    -|
|     o RSTDP_INNER                                           |     -|                  -|         6|           2|     64|       yes|         131|  1.310e+03|  7.30|          -|         -|            -|            -|    -|
|  + decay_eligibility_traces                                 |     -|                  -|         -|          36|      -|        no|          36|    360.000|  2.13|          -|         -|    320 (~0%)|    360 (~0%)|    -|
|   + decay_eligibility_traces_Pipeline_DECAY_PRE             |     -|                  -|         -|           -|      -|       yes|          35|    350.000|  2.13|          -|         -|    158 (~0%)|    172 (~0%)|    -|
|    o DECAY_PRE                                              |     -|                  -|         3|           1|     32|       yes|          33|    330.000|  7.30|          -|         -|            -|            -|    -|
|   + decay_eligibility_traces_Pipeline_DECAY_POST            |     -|                  -|         -|           -|      -|       yes|          35|    350.000|  2.13|          -|         -|    158 (~0%)|    172 (~0%)|    -|
|    o DECAY_POST                                             |     -|                  -|         3|           1|     32|       yes|          33|    330.000|  7.30|          -|         -|            -|            -|    -|
+-------------------------------------------------------------+------+-------------------+----------+------------+-------+----------+------------+-----------+------+-----------+----------+-------------+-------------+-----+
    II Violation Information: docs.amd.com/access/sources/dita/topic?Doc_Version=2025.2%20English&url=ug1448-hls-guidance&resourceid=200-880.html
    Name Prefix: '+' for module, 'o' for loop, '*' for dataflow

