================================================================
== Design Size Report
================================================================

* Total Instructions per Compilation Phase
+---------------+----------------------------+--------------+----------------------------------------------------------------------------------------+
| Phase         | Step                       | Instructions | Description                                                                            |
+---------------+----------------------------+--------------+----------------------------------------------------------------------------------------+
| Compile/Link  |                            | 20,318       | After all functions are compiled and linked into a single design                       |
|               |                            |              |                                                                                        |
| Unroll/Inline |                            |              | After user unroll and inline pragmas are applied                                       |
|               | (1) unroll                 |  7,004       | user unroll pragmas are applied                                                        |
|               | (2) simplification         |  5,938       | simplification of applied user unroll pragmas                                          |
|               | (3) inline                 |  5,818       | user inline pragmas are applied                                                        |
|               | (4) simplification         |  5,610       | simplification of applied user inline pragmas                                          |
|               |                            |              |                                                                                        |
| Array/Struct  |                            |              | After user array partition and struct aggregate/disaggregate pragmas are applied       |
|               | (1) array partition        |  9,372       | user array partition pragmas are applied                                               |
|               | (2) simplification         |  6,474       | simplification of applied user array partition & struct aggregate/disaggregate pragmas |
|               | (3) aggregate/disaggregate |  6,548       | user struct aggregate/disaggregate pragmas are applied                                 |
|               | (4) array reshape          |  8,513       | apply array reshape pragmas                                                            |
|               | (5) access patterns        |  8,645       | array access pattern optmizations                                                      |
|               |                            |              |                                                                                        |
| Performance   |                            |              | After transformations are applied to meet performance pragma targets                   |
|               | (1) loop simplification    |  8,597       | loop and instruction simplification                                                    |
|               | (2) parallelization        |  8,507       | loops are unrolled or pipelined to meet performance targets                            |
|               | (3) array partition        |  8,949       | arrays are partitioned to meet performance targets                                     |
|               | (4) simplification         |  8,658       | simplification of design after performance transformations                             |
|               |                            |              |                                                                                        |
| HW Transforms |                            |              | After hardware transfomations                                                          |
|               | (1) lowering               |  8,042       | initial conversion to HW specific instructions                                         |
|               | (2) optimizations          |  7,684       | high level synthesis optimizations                                                     |
+---------------+----------------------------+--------------+----------------------------------------------------------------------------------------+

* Instructions per Function for each Compilation Phase
+------------------------------------+---------------------+-----------------+----------------+----------------+----------------+----------------+
| Function                           | Location            | Compile/Link    | Unroll/Inline  | Array/Struct   | Performance    | HW Transforms  |
+------------------------------------+---------------------+-----------------+----------------+----------------+----------------+----------------+
| + snn_top_hls                      | snn_top_hls.cpp:534 | 20,318          | 5,610          | 8,645          | 8,658          | 7,684          |
|    encoder_reset_temporal_state... | snn_top_hls.cpp:45  |    34 (2 calls) |   22 (2 calls) |  136 (2 calls) |  134 (2 calls) |  144 (2 calls) |
|  + run_encoder_once                | snn_top_hls.cpp:167 | 8,816           | 2,866          | 4,836          | 4,812          | 3,890          |
|     encoder_two_neuron_split       | snn_top_hls.cpp:57  |   325           |                |                |                |                |
|   + encoder_rate_poisson           | snn_top_hls.cpp:95  | 3,903 (3 calls) |                |                |                |                |
|      encoder_lfsr_random           | snn_top_hls.cpp:37  | 1,992 (3 calls) |                |                |                |                |
|      encoder_write_axis_spike      | snn_top_hls.cpp:73  | 1,287 (3 calls) |                |                |                |                |
|   + encoder_latency                | snn_top_hls.cpp:114 | 2,721 (3 calls) |                |                |                |                |
|      encoder_write_axis_spike      | snn_top_hls.cpp:73  | 1,287 (3 calls) |                |                |                |                |
|   + encoder_delta_sigma            | snn_top_hls.cpp:142 | 1,692 (3 calls) |                |                |                |                |
|      encoder_write_axis_spike      | snn_top_hls.cpp:73  | 1,287 (3 calls) |                |                |                |                |
|  + process_pre_spike_aer           | snn_top_hls.cpp:332 | 1,880           |  176           |  263           |  309           |  308           |
|     compute_decayed_trace          | snn_top_hls.cpp:293 |   960 (2 calls) |                |                |                |                |
|     clip_weight                    | snn_top_hls.cpp:318 |    74           |                |                |                |                |
|    update_eligibility_on_pre_sp... | snn_top_hls.cpp:517 |   306           |                |                |                |                |
|  + apply_rstdp_reward              | snn_top_hls.cpp:430 | 1,463           |   65           |  126           |  170           |  177           |
|     clip_weight                    | snn_top_hls.cpp:318 |    74           |                |                |                |                |
|    decay_eligibility_traces        | snn_top_hls.cpp:490 |   415           |  105           |  109           |  109           |  118           |
|  + process_post_spike_aer          | snn_top_hls.cpp:380 | 1,727           |  172           |  331           |  331           |  336           |
|     compute_decayed_trace          | snn_top_hls.cpp:293 |   960 (2 calls) |                |                |                |                |
|     clip_weight                    | snn_top_hls.cpp:318 |    74           |                |                |                |                |
|    update_eligibility_on_post_s... | snn_top_hls.cpp:524 |   306           |                |                |                |                |
+------------------------------------+---------------------+-----------------+----------------+----------------+----------------+----------------+

* Design Size Message Settings
+---------------------------------------------+--------+------------------------------------------------------------------+
| Message Setting                             | Value  | Description                                                      |
+---------------------------------------------+--------+------------------------------------------------------------------+
| config_compile -design_size_maximum_warning | 100000 | Show a warning when total design instructions exceeds this value |
+---------------------------------------------+--------+------------------------------------------------------------------+


