

================================================================
== Vitis HLS Report for 'snn_top_hls_Pipeline_INIT_WEIGHT_OUTER_INIT_WEIGHT_INNER'
================================================================
* Date:           Mon Dec  8 20:49:12 2025

* Version:        2025.2 (Build 6295257 on Nov 14 2025)
* Project:        hls_output
* Solution:       hls (Vivado IP Flow Target)
* Product family: zynq
* Target device:  xc7z020-clg400-1


================================================================
== Performance Estimates
================================================================
+ Timing: 
    * Summary: 
    +--------+----------+----------+------------+
    |  Clock |  Target  | Estimated| Uncertainty|
    +--------+----------+----------+------------+
    |ap_clk  |  10.00 ns|  6.321 ns|     2.70 ns|
    +--------+----------+----------+------------+

+ Latency: 
    * Summary: 
    +---------+---------+-----------+-----------+-----+-----+-------------------+
    |  Latency (cycles) |   Latency (absolute)  |  Interval |      Pipeline     |
    |   min   |   max   |    min    |    max    | min | max |        Type       |
    +---------+---------+-----------+-----------+-----+-----+-------------------+
    |     4099|     4099|  40.990 us|  40.990 us|    0|    0|  loop pipeline stp|
    +---------+---------+-----------+-----------+-----+-----+-------------------+

    + Detail: 
        * Instance: 
        N/A

        * Loop: 
        +---------------------------------------+---------+---------+----------+-----------+-----------+------+----------+
        |                                       |  Latency (cycles) | Iteration|  Initiation Interval  | Trip |          |
        |               Loop Name               |   min   |   max   |  Latency |  achieved |   target  | Count| Pipelined|
        +---------------------------------------+---------+---------+----------+-----------+-----------+------+----------+
        |- INIT_WEIGHT_OUTER_INIT_WEIGHT_INNER  |     4097|     4097|         3|          1|          1|  4096|       yes|
        +---------------------------------------+---------+---------+----------+-----------+-----------+------+----------+



================================================================
== Utilization Estimates
================================================================
* Summary: 
+-----------------+---------+-----+--------+-------+-----+
|       Name      | BRAM_18K| DSP |   FF   |  LUT  | URAM|
+-----------------+---------+-----+--------+-------+-----+
|DSP              |        -|    -|       -|      -|    -|
|Expression       |        -|    -|       0|     90|    -|
|FIFO             |        -|    -|       -|      -|    -|
|Instance         |        -|    -|       -|      -|    -|
|Memory           |        -|    -|       -|      -|    -|
|Multiplexer      |        -|    -|       0|     54|    -|
|Register         |        -|    -|      39|      -|    -|
+-----------------+---------+-----+--------+-------+-----+
|Total            |        0|    0|      39|    144|    0|
+-----------------+---------+-----+--------+-------+-----+
|Available        |      280|  220|  106400|  53200|    0|
+-----------------+---------+-----+--------+-------+-----+
|Utilization (%)  |        0|    0|      ~0|     ~0|    0|
+-----------------+---------+-----+--------+-------+-----+

+ Detail: 
    * Instance: 
    N/A

    * DSP: 
    N/A

    * Memory: 
    N/A

    * FIFO: 
    N/A

    * Expression: 
    +--------------------------+----------+----+---+----+------------+------------+
    |       Variable Name      | Operation| DSP| FF| LUT| Bitwidth P0| Bitwidth P1|
    +--------------------------+----------+----+---+----+------------+------------+
    |add_ln453_1_fu_256_p2     |         +|   0|  0|  14|          13|           1|
    |add_ln453_fu_322_p2       |         +|   0|  0|  14|           7|           1|
    |add_ln454_fu_308_p2       |         +|   0|  0|  14|           7|           1|
    |icmp_ln453_fu_250_p2      |      icmp|   0|  0|  17|          13|          14|
    |icmp_ln454_fu_270_p2      |      icmp|   0|  0|  15|           7|           8|
    |select_ln453_1_fu_328_p3  |    select|   0|  0|   7|           1|           7|
    |select_ln453_fu_276_p3    |    select|   0|  0|   7|           1|           1|
    |ap_enable_pp0             |       xor|   0|  0|   2|           1|           2|
    +--------------------------+----------+----+---+----+------------+------------+
    |Total                     |          |   0|  0|  90|          50|          35|
    +--------------------------+----------+----+---+----+------------+------------+

    * Multiplexer: 
    +--------------------------------------+----+-----------+-----+-----------+
    |                 Name                 | LUT| Input Size| Bits| Total Bits|
    +--------------------------------------+----+-----------+-----+-----------+
    |ap_done_int                           |   9|          2|    1|          2|
    |ap_enable_reg_pp0_iter1               |   9|          2|    1|          2|
    |ap_sig_allocacmp_indvar_flatten_load  |   9|          2|   13|         26|
    |i_2_fu_80                             |   9|          2|    7|         14|
    |indvar_flatten_fu_84                  |   9|          2|   13|         26|
    |j_fu_76                               |   9|          2|    7|         14|
    +--------------------------------------+----+-----------+-----+-----------+
    |Total                                 |  54|         12|   42|         84|
    +--------------------------------------+----+-----------+-----+-----------+

    * Register: 
    +----------------------------------+----+----+-----+-----------+
    |               Name               | FF | LUT| Bits| Const Bits|
    +----------------------------------+----+----+-----+-----------+
    |ap_CS_fsm                         |   1|   0|    1|          0|
    |ap_done_reg                       |   1|   0|    1|          0|
    |ap_enable_reg_pp0_iter1           |   1|   0|    1|          0|
    |ap_enable_reg_pp0_iter2           |   1|   0|    1|          0|
    |ap_loop_exit_ready_pp0_iter1_reg  |   1|   0|    1|          0|
    |i_2_fu_80                         |   7|   0|    7|          0|
    |icmp_ln454_reg_398                |   1|   0|    1|          0|
    |indvar_flatten_fu_84              |  13|   0|   13|          0|
    |j_fu_76                           |   7|   0|    7|          0|
    |lshr_ln2_reg_407                  |   4|   0|    4|          0|
    |trunc_ln454_reg_403               |   2|   0|    2|          0|
    +----------------------------------+----+----+-----+-----------+
    |Total                             |  39|   0|   39|          0|
    +----------------------------------+----+----+-----+-----------+



================================================================
== Interface
================================================================
* Summary: 
+----------------------------------+-----+-----+------------+----------------------------------------------------------+--------------+
|             RTL Ports            | Dir | Bits|  Protocol  |                       Source Object                      |    C Type    |
+----------------------------------+-----+-----+------------+----------------------------------------------------------+--------------+
|ap_clk                            |   in|    1|  ap_ctrl_hs|  snn_top_hls_Pipeline_INIT_WEIGHT_OUTER_INIT_WEIGHT_INNER|  return value|
|ap_rst                            |   in|    1|  ap_ctrl_hs|  snn_top_hls_Pipeline_INIT_WEIGHT_OUTER_INIT_WEIGHT_INNER|  return value|
|ap_start                          |   in|    1|  ap_ctrl_hs|  snn_top_hls_Pipeline_INIT_WEIGHT_OUTER_INIT_WEIGHT_INNER|  return value|
|ap_done                           |  out|    1|  ap_ctrl_hs|  snn_top_hls_Pipeline_INIT_WEIGHT_OUTER_INIT_WEIGHT_INNER|  return value|
|ap_idle                           |  out|    1|  ap_ctrl_hs|  snn_top_hls_Pipeline_INIT_WEIGHT_OUTER_INIT_WEIGHT_INNER|  return value|
|ap_ready                          |  out|    1|  ap_ctrl_hs|  snn_top_hls_Pipeline_INIT_WEIGHT_OUTER_INIT_WEIGHT_INNER|  return value|
|p_ZL13weight_memory_0_0_address1  |  out|    9|   ap_memory|                                   p_ZL13weight_memory_0_0|         array|
|p_ZL13weight_memory_0_0_ce1       |  out|    1|   ap_memory|                                   p_ZL13weight_memory_0_0|         array|
|p_ZL13weight_memory_0_0_we1       |  out|    1|   ap_memory|                                   p_ZL13weight_memory_0_0|         array|
|p_ZL13weight_memory_0_0_d1        |  out|    8|   ap_memory|                                   p_ZL13weight_memory_0_0|         array|
|p_ZL13weight_memory_0_1_address1  |  out|    9|   ap_memory|                                   p_ZL13weight_memory_0_1|         array|
|p_ZL13weight_memory_0_1_ce1       |  out|    1|   ap_memory|                                   p_ZL13weight_memory_0_1|         array|
|p_ZL13weight_memory_0_1_we1       |  out|    1|   ap_memory|                                   p_ZL13weight_memory_0_1|         array|
|p_ZL13weight_memory_0_1_d1        |  out|    8|   ap_memory|                                   p_ZL13weight_memory_0_1|         array|
|p_ZL13weight_memory_1_0_address1  |  out|    9|   ap_memory|                                   p_ZL13weight_memory_1_0|         array|
|p_ZL13weight_memory_1_0_ce1       |  out|    1|   ap_memory|                                   p_ZL13weight_memory_1_0|         array|
|p_ZL13weight_memory_1_0_we1       |  out|    1|   ap_memory|                                   p_ZL13weight_memory_1_0|         array|
|p_ZL13weight_memory_1_0_d1        |  out|    8|   ap_memory|                                   p_ZL13weight_memory_1_0|         array|
|p_ZL13weight_memory_1_1_address1  |  out|    9|   ap_memory|                                   p_ZL13weight_memory_1_1|         array|
|p_ZL13weight_memory_1_1_ce1       |  out|    1|   ap_memory|                                   p_ZL13weight_memory_1_1|         array|
|p_ZL13weight_memory_1_1_we1       |  out|    1|   ap_memory|                                   p_ZL13weight_memory_1_1|         array|
|p_ZL13weight_memory_1_1_d1        |  out|    8|   ap_memory|                                   p_ZL13weight_memory_1_1|         array|
|p_ZL13weight_memory_2_0_address1  |  out|    9|   ap_memory|                                   p_ZL13weight_memory_2_0|         array|
|p_ZL13weight_memory_2_0_ce1       |  out|    1|   ap_memory|                                   p_ZL13weight_memory_2_0|         array|
|p_ZL13weight_memory_2_0_we1       |  out|    1|   ap_memory|                                   p_ZL13weight_memory_2_0|         array|
|p_ZL13weight_memory_2_0_d1        |  out|    8|   ap_memory|                                   p_ZL13weight_memory_2_0|         array|
|p_ZL13weight_memory_2_1_address1  |  out|    9|   ap_memory|                                   p_ZL13weight_memory_2_1|         array|
|p_ZL13weight_memory_2_1_ce1       |  out|    1|   ap_memory|                                   p_ZL13weight_memory_2_1|         array|
|p_ZL13weight_memory_2_1_we1       |  out|    1|   ap_memory|                                   p_ZL13weight_memory_2_1|         array|
|p_ZL13weight_memory_2_1_d1        |  out|    8|   ap_memory|                                   p_ZL13weight_memory_2_1|         array|
|p_ZL13weight_memory_3_0_address1  |  out|    9|   ap_memory|                                   p_ZL13weight_memory_3_0|         array|
|p_ZL13weight_memory_3_0_ce1       |  out|    1|   ap_memory|                                   p_ZL13weight_memory_3_0|         array|
|p_ZL13weight_memory_3_0_we1       |  out|    1|   ap_memory|                                   p_ZL13weight_memory_3_0|         array|
|p_ZL13weight_memory_3_0_d1        |  out|    8|   ap_memory|                                   p_ZL13weight_memory_3_0|         array|
|p_ZL13weight_memory_3_1_address1  |  out|    9|   ap_memory|                                   p_ZL13weight_memory_3_1|         array|
|p_ZL13weight_memory_3_1_ce1       |  out|    1|   ap_memory|                                   p_ZL13weight_memory_3_1|         array|
|p_ZL13weight_memory_3_1_we1       |  out|    1|   ap_memory|                                   p_ZL13weight_memory_3_1|         array|
|p_ZL13weight_memory_3_1_d1        |  out|    8|   ap_memory|                                   p_ZL13weight_memory_3_1|         array|
+----------------------------------+-----+-----+------------+----------------------------------------------------------+--------------+

